Archive member included to satisfy reference by file (symbol)

c:/renesas/ra/e2studio_v2023-04_fsp_v4.5.0/toolchains/gcc_arm/gcc-arm-none-eabi-10.3-2021.10/bin/../lib/gcc/arm-none-eabi/10.3.1/thumb/v8-m.base/nofp\libgcc.a(_thumb1_case_uqi.o)
                              ./ra/mcu-tools/MCUboot/ext/mbedtls-asn1/src/asn1parse.o (__gnu_thumb1_case_uqi)
c:/renesas/ra/e2studio_v2023-04_fsp_v4.5.0/toolchains/gcc_arm/gcc-arm-none-eabi-10.3-2021.10/bin/../lib/gcc/arm-none-eabi/10.3.1/thumb/v8-m.base/nofp\libgcc.a(_muldi3.o)
                              ./ra/mcu-tools/MCUboot/ext/tinycrypt/lib/source/ecc.o (__aeabi_lmul)
c:/renesas/ra/e2studio_v2023-04_fsp_v4.5.0/toolchains/gcc_arm/gcc-arm-none-eabi-10.3-2021.10/bin/../lib/gcc/arm-none-eabi/10.3.1/../../../../arm-none-eabi/lib/thumb/v8-m.base/nofp\libg_nano.a(lib_a-calloc.o)
                              ./ra/mcu-tools/MCUboot/ext/mbedtls-asn1/src/asn1parse.o (calloc)
c:/renesas/ra/e2studio_v2023-04_fsp_v4.5.0/toolchains/gcc_arm/gcc-arm-none-eabi-10.3-2021.10/bin/../lib/gcc/arm-none-eabi/10.3.1/../../../../arm-none-eabi/lib/thumb/v8-m.base/nofp\libg_nano.a(lib_a-errno.o)
                              ./ra/fsp/src/bsp/mcu/all/bsp_sbrk.o (__errno)
c:/renesas/ra/e2studio_v2023-04_fsp_v4.5.0/toolchains/gcc_arm/gcc-arm-none-eabi-10.3-2021.10/bin/../lib/gcc/arm-none-eabi/10.3.1/../../../../arm-none-eabi/lib/thumb/v8-m.base/nofp\libg_nano.a(lib_a-exit.o)
                              c:/renesas/ra/e2studio_v2023-04_fsp_v4.5.0/toolchains/gcc_arm/gcc-arm-none-eabi-10.3-2021.10/bin/../lib/gcc/arm-none-eabi/10.3.1/../../../../arm-none-eabi/lib/thumb/v8-m.base/nofp/rdimon-crt0.o (exit)
c:/renesas/ra/e2studio_v2023-04_fsp_v4.5.0/toolchains/gcc_arm/gcc-arm-none-eabi-10.3-2021.10/bin/../lib/gcc/arm-none-eabi/10.3.1/../../../../arm-none-eabi/lib/thumb/v8-m.base/nofp\libg_nano.a(lib_a-impure.o)
                              c:/renesas/ra/e2studio_v2023-04_fsp_v4.5.0/toolchains/gcc_arm/gcc-arm-none-eabi-10.3-2021.10/bin/../lib/gcc/arm-none-eabi/10.3.1/../../../../arm-none-eabi/lib/thumb/v8-m.base/nofp\libg_nano.a(lib_a-exit.o) (_global_impure_ptr)
c:/renesas/ra/e2studio_v2023-04_fsp_v4.5.0/toolchains/gcc_arm/gcc-arm-none-eabi-10.3-2021.10/bin/../lib/gcc/arm-none-eabi/10.3.1/../../../../arm-none-eabi/lib/thumb/v8-m.base/nofp\libg_nano.a(lib_a-init.o)
                              c:/renesas/ra/e2studio_v2023-04_fsp_v4.5.0/toolchains/gcc_arm/gcc-arm-none-eabi-10.3-2021.10/bin/../lib/gcc/arm-none-eabi/10.3.1/../../../../arm-none-eabi/lib/thumb/v8-m.base/nofp/rdimon-crt0.o (__libc_init_array)
c:/renesas/ra/e2studio_v2023-04_fsp_v4.5.0/toolchains/gcc_arm/gcc-arm-none-eabi-10.3-2021.10/bin/../lib/gcc/arm-none-eabi/10.3.1/../../../../arm-none-eabi/lib/thumb/v8-m.base/nofp\libg_nano.a(lib_a-malloc.o)
                              ./ra/mcu-tools/MCUboot/boot/bootutil/src/loader.o (malloc)
c:/renesas/ra/e2studio_v2023-04_fsp_v4.5.0/toolchains/gcc_arm/gcc-arm-none-eabi-10.3-2021.10/bin/../lib/gcc/arm-none-eabi/10.3.1/../../../../arm-none-eabi/lib/thumb/v8-m.base/nofp\libg_nano.a(lib_a-memcmp.o)
                              ./ra/mcu-tools/MCUboot/ext/mbedtls-asn1/src/asn1parse.o (memcmp)
c:/renesas/ra/e2studio_v2023-04_fsp_v4.5.0/toolchains/gcc_arm/gcc-arm-none-eabi-10.3-2021.10/bin/../lib/gcc/arm-none-eabi/10.3.1/../../../../arm-none-eabi/lib/thumb/v8-m.base/nofp\libg_nano.a(lib_a-memcpy-stub.o)
                              ./ra/mcu-tools/MCUboot/ext/tinycrypt/lib/source/ctr_prng.o (memcpy)
c:/renesas/ra/e2studio_v2023-04_fsp_v4.5.0/toolchains/gcc_arm/gcc-arm-none-eabi-10.3-2021.10/bin/../lib/gcc/arm-none-eabi/10.3.1/../../../../arm-none-eabi/lib/thumb/v8-m.base/nofp\libg_nano.a(lib_a-memset.o)
                              c:/renesas/ra/e2studio_v2023-04_fsp_v4.5.0/toolchains/gcc_arm/gcc-arm-none-eabi-10.3-2021.10/bin/../lib/gcc/arm-none-eabi/10.3.1/../../../../arm-none-eabi/lib/thumb/v8-m.base/nofp/rdimon-crt0.o (memset)
c:/renesas/ra/e2studio_v2023-04_fsp_v4.5.0/toolchains/gcc_arm/gcc-arm-none-eabi-10.3-2021.10/bin/../lib/gcc/arm-none-eabi/10.3.1/../../../../arm-none-eabi/lib/thumb/v8-m.base/nofp\libg_nano.a(lib_a-nano-callocr.o)
                              c:/renesas/ra/e2studio_v2023-04_fsp_v4.5.0/toolchains/gcc_arm/gcc-arm-none-eabi-10.3-2021.10/bin/../lib/gcc/arm-none-eabi/10.3.1/../../../../arm-none-eabi/lib/thumb/v8-m.base/nofp\libg_nano.a(lib_a-calloc.o) (_calloc_r)
c:/renesas/ra/e2studio_v2023-04_fsp_v4.5.0/toolchains/gcc_arm/gcc-arm-none-eabi-10.3-2021.10/bin/../lib/gcc/arm-none-eabi/10.3.1/../../../../arm-none-eabi/lib/thumb/v8-m.base/nofp\libg_nano.a(lib_a-nano-freer.o)
                              c:/renesas/ra/e2studio_v2023-04_fsp_v4.5.0/toolchains/gcc_arm/gcc-arm-none-eabi-10.3-2021.10/bin/../lib/gcc/arm-none-eabi/10.3.1/../../../../arm-none-eabi/lib/thumb/v8-m.base/nofp\libg_nano.a(lib_a-malloc.o) (_free_r)
[...]
Memory Configuration

Name             Origin             Length             Attributes
ITCM             0x00000000         0x00000000         xr
DTCM             0x00000000         0x00000000         xrw
FLASH            0x00000000         0x00003800         xr
RAM              0x20000000         0x00008000         xrw
DATA_FLASH       0x40100000         0x00002000         xr
QSPI_FLASH       0x60000000         0x00000000         xr
OSPI_DEVICE_0    0x80020000         0x00000000         xr
OSPI_DEVICE_1    0x80030000         0x00000000         xr
OSPI_DEVICE_0_RAM 0x80020000         0x00000000         xrw
OSPI_DEVICE_1_RAM 0x80030000         0x00000000         xrw
SDRAM            0x80010000         0x00000000         xrw
OPTION_SETTING   0x00000000         0x00000000         r
OPTION_SETTING_OFS 0x00000000         0x00000018         r
OPTION_SETTING_SAS 0x00000034         0xffffffcc         r
OPTION_SETTING_S 0x80000000         0x00000000         r
ID_CODE          0x01010018         0x00000020         xr
*default*        0x00000000         0xffffffff

Linker script and memory map

LOAD c:/renesas/ra/e2studio_v2023-04_fsp_v4.5.0/toolchains/gcc_arm/gcc-arm-none-eabi-10.3-2021.10/bin/../lib/gcc/arm-none-eabi/10.3.1/thumb/v8-m.base/nofp/crti.o
LOAD c:/renesas/ra/e2studio_v2023-04_fsp_v4.5.0/toolchains/gcc_arm/gcc-arm-none-eabi-10.3-2021.10/bin/../lib/gcc/arm-none-eabi/10.3.1/thumb/v8-m.base/nofp/crtbegin.o
LOAD c:/renesas/ra/e2studio_v2023-04_fsp_v4.5.0/toolchains/gcc_arm/gcc-arm-none-eabi-10.3-2021.10/bin/../lib/gcc/arm-none-eabi/10.3.1/../../../../arm-none-eabi/lib/thumb/v8-m.base/nofp/rdimon-crt0.o
START GROUP
LOAD ./src/hal_entry.o
LOAD ./ra_gen/common_data.o
LOAD ./ra_gen/hal_data.o
LOAD ./ra_gen/main.o
LOAD ./ra_gen/pin_data.o
LOAD ./ra_gen/vector_data.o
LOAD ./ra/mcu-tools/MCUboot/sim/mcuboot-sys/csupport/keys.o
LOAD ./ra/mcu-tools/MCUboot/ext/tinycrypt/lib/source/aes_decrypt.o
LOAD ./ra/mcu-tools/MCUboot/ext/tinycrypt/lib/source/aes_encrypt.o
LOAD ./ra/mcu-tools/MCUboot/ext/tinycrypt/lib/source/cbc_mode.o
LOAD ./ra/mcu-tools/MCUboot/ext/tinycrypt/lib/source/ccm_mode.o
LOAD ./ra/mcu-tools/MCUboot/ext/tinycrypt/lib/source/cmac_mode.o
LOAD ./ra/mcu-tools/MCUboot/ext/tinycrypt/lib/source/ctr_mode.o
LOAD ./ra/mcu-tools/MCUboot/ext/tinycrypt/lib/source/ctr_prng.o
LOAD ./ra/mcu-tools/MCUboot/ext/tinycrypt/lib/source/ecc.o
LOAD ./ra/mcu-tools/MCUboot/ext/tinycrypt/lib/source/ecc_dh.o
LOAD ./ra/mcu-tools/MCUboot/ext/tinycrypt/lib/source/ecc_dsa.o
LOAD ./ra/mcu-tools/MCUboot/ext/tinycrypt/lib/source/ecc_platform_specific.o
LOAD ./ra/mcu-tools/MCUboot/ext/tinycrypt/lib/source/gcm_mode.o
LOAD ./ra/mcu-tools/MCUboot/ext/tinycrypt/lib/source/hmac.o
LOAD ./ra/mcu-tools/MCUboot/ext/tinycrypt/lib/source/hmac_prng.o
LOAD ./ra/mcu-tools/MCUboot/ext/tinycrypt/lib/source/sha256.o
LOAD ./ra/mcu-tools/MCUboot/ext/tinycrypt/lib/source/utils.o
LOAD ./ra/mcu-tools/MCUboot/ext/mbedtls-asn1/src/asn1parse.o
LOAD ./ra/mcu-tools/MCUboot/ext/mbedtls-asn1/src/platform_util.o
LOAD ./ra/mcu-tools/MCUboot/boot/bootutil/src/boot_record.o
LOAD ./ra/mcu-tools/MCUboot/boot/bootutil/src/bootutil_misc.o
LOAD ./ra/mcu-tools/MCUboot/boot/bootutil/src/bootutil_public.o
LOAD ./ra/mcu-tools/MCUboot/boot/bootutil/src/caps.o
LOAD ./ra/mcu-tools/MCUboot/boot/bootutil/src/encrypted.o
LOAD ./ra/mcu-tools/MCUboot/boot/bootutil/src/fault_injection_hardening.o
LOAD ./ra/mcu-tools/MCUboot/boot/bootutil/src/fault_injection_hardening_delay_rng_mbedtls.o
LOAD ./ra/mcu-tools/MCUboot/boot/bootutil/src/image_ec.o
LOAD ./ra/mcu-tools/MCUboot/boot/bootutil/src/image_ec256.o
LOAD ./ra/mcu-tools/MCUboot/boot/bootutil/src/image_ed25519.o
LOAD ./ra/mcu-tools/MCUboot/boot/bootutil/src/image_rsa.o
LOAD ./ra/mcu-tools/MCUboot/boot/bootutil/src/image_validate.o
LOAD ./ra/mcu-tools/MCUboot/boot/bootutil/src/loader.o
LOAD ./ra/mcu-tools/MCUboot/boot/bootutil/src/swap_misc.o
LOAD ./ra/mcu-tools/MCUboot/boot/bootutil/src/swap_move.o
LOAD ./ra/mcu-tools/MCUboot/boot/bootutil/src/swap_scratch.o
LOAD ./ra/mcu-tools/MCUboot/boot/bootutil/src/tlv.o
LOAD ./ra/fsp/src/rm_mcuboot_port/custom_crypto_stacks/protected_mode/sce9_image_ec256.o
LOAD ./ra/fsp/src/rm_mcuboot_port/custom_crypto_stacks/protected_mode/sce9_image_rsa.o
LOAD ./ra/fsp/src/rm_mcuboot_port/custom_crypto_stacks/protected_mode/sce9_keys.o
LOAD ./ra/fsp/src/rm_mcuboot_port/flash_map.o
LOAD ./ra/fsp/src/rm_mcuboot_port/rm_mcuboot_port.o
LOAD ./ra/fsp/src/r_ioport/r_ioport.o
LOAD ./ra/fsp/src/r_flash_lp/r_flash_lp.o
LOAD ./ra/fsp/src/bsp/mcu/ra2l1/bsp_power.o
LOAD ./ra/fsp/src/bsp/mcu/all/bsp_clocks.o
LOAD ./ra/fsp/src/bsp/mcu/all/bsp_common.o
LOAD ./ra/fsp/src/bsp/mcu/all/bsp_delay.o
LOAD ./ra/fsp/src/bsp/mcu/all/bsp_group_irq.o
LOAD ./ra/fsp/src/bsp/mcu/all/bsp_guard.o
LOAD ./ra/fsp/src/bsp/mcu/all/bsp_io.o
LOAD ./ra/fsp/src/bsp/mcu/all/bsp_irq.o
LOAD ./ra/fsp/src/bsp/mcu/all/bsp_register_protection.o
LOAD ./ra/fsp/src/bsp/mcu/all/bsp_rom_registers.o
LOAD ./ra/fsp/src/bsp/mcu/all/bsp_sbrk.o
LOAD ./ra/fsp/src/bsp/mcu/all/bsp_security.o
LOAD ./ra/fsp/src/bsp/cmsis/Device/RENESAS/Source/startup.o
LOAD ./ra/fsp/src/bsp/cmsis/Device/RENESAS/Source/system.o
END GROUP
START GROUP
LOAD c:/renesas/ra/e2studio_v2023-04_fsp_v4.5.0/toolchains/gcc_arm/gcc-arm-none-eabi-10.3-2021.10/bin/../lib/gcc/arm-none-eabi/10.3.1/thumb/v8-m.base/nofp\libgcc.a
LOAD c:/renesas/ra/e2studio_v2023-04_fsp_v4.5.0/toolchains/gcc_arm/gcc-arm-none-eabi-10.3-2021.10/bin/../lib/gcc/arm-none-eabi/10.3.1/../../../../arm-none-eabi/lib/thumb/v8-m.base/nofp\libg_nano.a
LOAD c:/renesas/ra/e2studio_v2023-04_fsp_v4.5.0/toolchains/gcc_arm/gcc-arm-none-eabi-10.3-2021.10/bin/../lib/gcc/arm-none-eabi/10.3.1/../../../../arm-none-eabi/lib/thumb/v8-m.base/nofp\libc_nano.a
END GROUP
START GROUP
LOAD c:/renesas/ra/e2studio_v2023-04_fsp_v4.5.0/toolchains/gcc_arm/gcc-arm-none-eabi-10.3-2021.10/bin/../lib/gcc/arm-none-eabi/10.3.1/thumb/v8-m.base/nofp\libgcc.a
LOAD c:/renesas/ra/e2studio_v2023-04_fsp_v4.5.0/toolchains/gcc_arm/gcc-arm-none-eabi-10.3-2021.10/bin/../lib/gcc/arm-none-eabi/10.3.1/../../../../arm-none-eabi/lib/thumb/v8-m.base/nofp\libc_nano.a
LOAD c:/renesas/ra/e2studio_v2023-04_fsp_v4.5.0/toolchains/gcc_arm/gcc-arm-none-eabi-10.3-2021.10/bin/../lib/gcc/arm-none-eabi/10.3.1/../../../../arm-none-eabi/lib/thumb/v8-m.base/nofp\librdimon_nano.a
END GROUP
START GROUP
LOAD c:/renesas/ra/e2studio_v2023-04_fsp_v4.5.0/toolchains/gcc_arm/gcc-arm-none-eabi-10.3-2021.10/bin/../lib/gcc/arm-none-eabi/10.3.1/thumb/v8-m.base/nofp\libgcc.a
LOAD c:/renesas/ra/e2studio_v2023-04_fsp_v4.5.0/toolchains/gcc_arm/gcc-arm-none-eabi-10.3-2021.10/bin/../lib/gcc/arm-none-eabi/10.3.1/../../../../arm-none-eabi/lib/thumb/v8-m.base/nofp\libc_nano.a
LOAD c:/renesas/ra/e2studio_v2023-04_fsp_v4.5.0/toolchains/gcc_arm/gcc-arm-none-eabi-10.3-2021.10/bin/../lib/gcc/arm-none-eabi/10.3.1/../../../../arm-none-eabi/lib/thumb/v8-m.base/nofp\librdimon_nano.a
END GROUP
LOAD c:/renesas/ra/e2studio_v2023-04_fsp_v4.5.0/toolchains/gcc_arm/gcc-arm-none-eabi-10.3-2021.10/bin/../lib/gcc/arm-none-eabi/10.3.1/thumb/v8-m.base/nofp/crtend.o
LOAD c:/renesas/ra/e2studio_v2023-04_fsp_v4.5.0/toolchains/gcc_arm/gcc-arm-none-eabi-10.3-2021.10/bin/../lib/gcc/arm-none-eabi/10.3.1/thumb/v8-m.base/nofp/crtn.o
                0x20000000                RAM_START = 0x20000000
                0x00008000                RAM_LENGTH = 0x8000
                0x00000000                FLASH_START = 0x0
                0x00040000                FLASH_LENGTH = 0x40000
                0x40100000                DATA_FLASH_START = 0x40100000
                0x00002000                DATA_FLASH_LENGTH = 0x2000
                0x00000000                OPTION_SETTING_START = 0x0
                0x00000000                OPTION_SETTING_LENGTH = 0x0
                0x80000000                OPTION_SETTING_S_START = 0x80000000
                0x00000000                OPTION_SETTING_S_LENGTH = 0x0
                0x01010018                ID_CODE_START = 0x1010018
                0x00000020                ID_CODE_LENGTH = 0x20
                0x80010000                SDRAM_START = 0x80010000
                0x00000000                SDRAM_LENGTH = 0x0
                0x60000000                QSPI_FLASH_START = 0x60000000
                0x00000000                QSPI_FLASH_LENGTH = 0x0
                0x80020000                OSPI_DEVICE_0_START = 0x80020000
                0x00000000                OSPI_DEVICE_0_LENGTH = 0x0
                0x80030000                OSPI_DEVICE_1_START = 0x80030000
                0x00000000                OSPI_DEVICE_1_LENGTH = 0x0
                0x00003800                FLASH_BOOTLOADER_LENGTH = 0x3800
                0x00000100                FLASH_BOOTLOADER_HEADER_LENGTH = 0x100
                0x00000200                FLASH_BOOTLOADER_HEADER_LENGTH_2 = 0x200
                0x00000000                FLASH_BOOTLOADER_SCRATCH_LENGTH = 0x0
                0x0001e000                FLASH_APPLICATION_S_LENGTH = 0x1e000
                0x00000000                FLASH_APPLICATION_NSC_LENGTH = 0x0
                0x00000000                FLASH_APPLICATION_NS_LENGTH = 0x0
                0x00000000                RAM_APPLICATION_NSC_LENGTH = 0x0
                0x00000000                RAM_APPLICATION_NS_LENGTH = 0x0
                0x00000001                FLASH_APPLICATION_IMAGE_NUMBER = 0x1
                0x00000000                QSPI_FLASH_PRV_LENGTH = DEFINED (QSPI_FLASH_SIZE)?ABSOLUTE (QSPI_FLASH_SIZE):ABSOLUTE (QSPI_FLASH_LENGTH)
                0x00000000                OSPI_DEVICE_0_PRV_LENGTH = DEFINED (OSPI_DEVICE_0_SIZE)?ABSOLUTE (OSPI_DEVICE_0_SIZE):ABSOLUTE (OSPI_DEVICE_0_LENGTH)
                0x00000000                OSPI_DEVICE_1_PRV_LENGTH = DEFINED (OSPI_DEVICE_1_SIZE)?ABSOLUTE (OSPI_DEVICE_1_SIZE):ABSOLUTE (OSPI_DEVICE_1_LENGTH)
                0x00000000                __RESERVE_NS_RAM = ((! (DEFINED (PROJECT_NONSECURE)) && DEFINED (RAM_NS_BUFFER_LENGTH)) && (OPTION_SETTING_S_LENGTH != 0x0))
                0x00000000                ITCM_START = DEFINED (ITCM_START)?ITCM_START:0x0
                0x00000000                ITCM_LENGTH = DEFINED (ITCM_LENGTH)?ITCM_LENGTH:0x0
                0x00000000                DTCM_START = DEFINED (DTCM_START)?DTCM_START:0x0
                0x00000000                DTCM_LENGTH = DEFINED (DTCM_LENGTH)?DTCM_LENGTH:0x0
                0x00000000                NS_OFFSET_START = DEFINED (NS_OFFSET_START)?NS_OFFSET_START:0x0
                0x00000000                NS_IMAGE_OFFSET = DEFINED (PROJECT_NONSECURE)?NS_OFFSET_START:0x0
                0x00000000                RAM_NS_BUFFER_BLOCK_LENGTH = DEFINED (RAM_NS_BUFFER_LENGTH)?ALIGN (RAM_NS_BUFFER_LENGTH, 0x2000):0x0
                0x00000000                RAM_NS_BUFFER_LENGTH = DEFINED (RAM_NS_BUFFER_LENGTH)?RAM_NS_BUFFER_LENGTH:0x0
                0x20008000                RAM_NS_BUFFER_START = ((RAM_START + RAM_LENGTH) - RAM_NS_BUFFER_LENGTH)
                0x20008000                RAM_NS_BUFFER_BLOCK_START = ((RAM_START + RAM_LENGTH) - RAM_NS_BUFFER_BLOCK_LENGTH)
                0x00000080                OPTION_SETTING_START_NS = DEFINED (PROJECT_NONSECURE)?OPTION_SETTING_START:(OPTION_SETTING_START + 0x80)
                0x00000001                __bl_FSP_BOOTABLE_IMAGE = 0x1
                0x00000001                __bln_FSP_BOOTABLE_IMAGE = 0x1
                0x00000000                PROJECT_SECURE_OR_FLAT = (((! (DEFINED (PROJECT_NONSECURE)) || DEFINED (PROJECT_SECURE)) && OPTION_SETTING_LENGTH) && ! (DEFINED (FSP_BOOTABLE_IMAGE)))
                0x00000000                USE_OPTION_SETTING_NS = (DEFINED (PROJECT_NONSECURE) && ! (DEFINED (FSP_BOOTABLE_IMAGE)))
                0x00003900                __bl_FLASH_IMAGE_START = ! (DEFINED (FLASH_BOOTLOADER_LENGTH))?0x0:(FLASH_APPLICATION_IMAGE_NUMBER == 0x1)?(FLASH_BOOTLOADER_LENGTH + FLASH_BOOTLOADER_HEADER_LENGTH):(((FLASH_BOOTLOADER_LENGTH + FLASH_BOOTLOADER_SCRATCH_LENGTH) + FLASH_APPLICATION_S_LENGTH) + FLASH_BOOTLOADER_HEADER_LENGTH)
                0x0001df00                __bl_FLASH_IMAGE_LENGTH = ! (DEFINED (FLASH_BOOTLOADER_LENGTH))?0x0:(FLASH_APPLICATION_S_LENGTH - FLASH_BOOTLOADER_HEADER_LENGTH)
                0x00021800                __bl_FLASH_IMAGE_END = (__bl_FLASH_IMAGE_START + __bl_FLASH_IMAGE_LENGTH)
                0x00021900                __bl_XIP_SECONDARY_FLASH_IMAGE_START = ! (DEFINED (FLASH_BOOTLOADER_LENGTH))?0x0:((FLASH_BOOTLOADER_LENGTH + FLASH_APPLICATION_S_LENGTH) + FLASH_BOOTLOADER_HEADER_LENGTH)
                0x0003f800                __bl_XIP_SECONDARY_FLASH_IMAGE_END = (__bl_XIP_SECONDARY_FLASH_IMAGE_START + __bl_FLASH_IMAGE_LENGTH)
                0x00021800                __bl_FLASH_NS_START = ! (DEFINED (FLASH_BOOTLOADER_LENGTH))?0x0:(FLASH_APPLICATION_NS_LENGTH == 0x0)?__bl_FLASH_IMAGE_END:((__bl_FLASH_IMAGE_START - FLASH_BOOTLOADER_HEADER_LENGTH) + FLASH_APPLICATION_S_LENGTH)
                0x00021800                __bl_FLASH_NSC_START = ! (DEFINED (FLASH_BOOTLOADER_LENGTH))?0x0:(FLASH_APPLICATION_NS_LENGTH == 0x0)?__bl_FLASH_IMAGE_END:(__bl_FLASH_NS_START - FLASH_APPLICATION_NSC_LENGTH)
                0x20008000                __bl_RAM_NS_START = ! (DEFINED (FLASH_BOOTLOADER_LENGTH))?0x0:(FLASH_APPLICATION_NS_LENGTH == 0x0)?(RAM_START + RAM_LENGTH):((RAM_START + RAM_LENGTH) - RAM_APPLICATION_NS_LENGTH)
                0x20008000                __bl_RAM_NSC_START = ! (DEFINED (FLASH_BOOTLOADER_LENGTH))?0x0:(FLASH_APPLICATION_NS_LENGTH == 0x0)?(RAM_START + RAM_LENGTH):(__bl_RAM_NS_START - RAM_APPLICATION_NSC_LENGTH)
                0x00021800                __bl_FLASH_NS_IMAGE_START = ! (DEFINED (FLASH_BOOTLOADER_LENGTH))?0x0:(FLASH_APPLICATION_NS_LENGTH == 0x0)?__bl_FLASH_IMAGE_END:(__bl_FLASH_NS_START + FLASH_BOOTLOADER_HEADER_LENGTH_2)
                0x00021800                __bln_FLASH_IMAGE_START = __bl_FLASH_NS_IMAGE_START
                0x00021800                __bln_FLASH_IMAGE_LENGTH = ! (DEFINED (FLASH_BOOTLOADER_LENGTH))?0x0:(FLASH_APPLICATION_NS_LENGTH == 0x0)?__bl_FLASH_IMAGE_END:(FLASH_APPLICATION_NS_LENGTH - FLASH_BOOTLOADER_HEADER_LENGTH_2)
                0x00000000                XIP_SECONDARY_SLOT_IMAGE = DEFINED (XIP_SECONDARY_SLOT_IMAGE)?XIP_SECONDARY_SLOT_IMAGE:0x0
                0x00000000                FLASH_ORIGIN = ! (DEFINED (FLASH_IMAGE_START))?FLASH_START:(XIP_SECONDARY_SLOT_IMAGE == 0x1)?XIP_SECONDARY_FLASH_IMAGE_START:FLASH_IMAGE_START
                0x00003800                LIMITED_FLASH_LENGTH = DEFINED (FLASH_IMAGE_LENGTH)?FLASH_IMAGE_LENGTH:DEFINED (FLASH_BOOTLOADER_LENGTH)?FLASH_BOOTLOADER_LENGTH:FLASH_LENGTH
START GROUP
LOAD c:/renesas/ra/e2studio_v2023-04_fsp_v4.5.0/toolchains/gcc_arm/gcc-arm-none-eabi-10.3-2021.10/bin/../lib/gcc/arm-none-eabi/10.3.1/thumb/v8-m.base/nofp\libgcc.a
LOAD c:/renesas/ra/e2studio_v2023-04_fsp_v4.5.0/toolchains/gcc_arm/gcc-arm-none-eabi-10.3-2021.10/bin/../lib/gcc/arm-none-eabi/10.3.1/../../../../arm-none-eabi/lib/thumb/v8-m.base/nofp\libc.a
LOAD c:/renesas/ra/e2studio_v2023-04_fsp_v4.5.0/toolchains/gcc_arm/gcc-arm-none-eabi-10.3-2021.10/bin/../lib/gcc/arm-none-eabi/10.3.1/../../../../arm-none-eabi/lib/thumb/v8-m.base/nofp\libm.a
LOAD c:/renesas/ra/e2studio_v2023-04_fsp_v4.5.0/toolchains/gcc_arm/gcc-arm-none-eabi-10.3-2021.10/bin/../lib/gcc/arm-none-eabi/10.3.1/../../../../arm-none-eabi/lib/thumb/v8-m.base/nofp\libnosys.a
END GROUP

.text           0x00000000     0x2f8c
                0x00000000                __tz_FLASH_S = ABSOLUTE (FLASH_START)
                0x00000000                __ROM_Start = .
 *(.fixed_vectors*)
 .fixed_vectors
                0x00000000       0x40 ./ra/fsp/src/bsp/cmsis/Device/RENESAS/Source/startup.o
                0x00000000                __Vectors
 *(.application_vectors*)
                0x00000040                __Vectors_End = .
 *(.code_in_gap*)
 .code_in_gap*  0x00000040       0x30 ./src/hal_entry.o
                0x00000040                R_BSP_WarmStart
                0x00000042                mcuboot_quick_setup
 .code_in_gap*  0x00000070      0x1d4 ./ra/mcu-tools/MCUboot/boot/bootutil/src/image_validate.o
                0x00000070                bootutil_img_validate
 .code_in_gap*  0x00000244      0x128 ./ra/mcu-tools/MCUboot/boot/bootutil/src/tlv.o
                0x00000244                bootutil_tlv_iter_begin
                0x000002da                bootutil_tlv_iter_next
                0x00000400                . = (OPTION_SETTING_LENGTH > 0x0)?.:(__ROM_Start + 0x400)
 *fill*         0x0000036c       0x94 ff
 *(.rom_registers*)
 .rom_registers
                0x00000400       0x3c ./ra/fsp/src/bsp/mcu/all/bsp_rom_registers.o
                0x0000043c                . = (OPTION_SETTING_LENGTH > 0x0)?.:(__ROM_Start + 0x43c)
                0x00000480                . = ALIGN (0x80)
 *fill*         0x0000043c       0x44 ff
 *(.text*)
 .text          0x00000480       0x50 c:/renesas/ra/e2studio_v2023-04_fsp_v4.5.0/toolchains/gcc_arm/gcc-arm-none-eabi-10.3-2021.10/bin/../lib/gcc/arm-none-eabi/10.3.1/thumb/v8-m.base/nofp/crtbegin.o
 .text.hal_entry
                0x000004d0       0x18 ./src/hal_entry.o
                0x000004d0                hal_entry
 .text.startup.main
                0x000004e8        0xa ./ra_gen/main.o
                0x000004e8                main
 .text.uECC_vli_add
                0x000004f2       0x3a ./ra/mcu-tools/MCUboot/ext/tinycrypt/lib/source/ecc.o
 .text.uECC_vli_rshift1
                0x0000052c       0x1e ./ra/mcu-tools/MCUboot/ext/tinycrypt/lib/source/ecc.o
 *fill*         0x0000054a        0x2 ff
 .text.vli_modInv_update
                0x0000054c       0x40 ./ra/mcu-tools/MCUboot/ext/tinycrypt/lib/source/ecc.o
 .text.uECC_vli_mult
                0x0000058c      0x120 ./ra/mcu-tools/MCUboot/ext/tinycrypt/lib/source/ecc.o
 .text.uECC_vli_clear
                0x000006ac       0x16 ./ra/mcu-tools/MCUboot/ext/tinycrypt/lib/source/ecc.o
                0x000006ac                uECC_vli_clear
 .text.uECC_vli_isZero
                0x000006c2       0x1e ./ra/mcu-tools/MCUboot/ext/tinycrypt/lib/source/ecc.o
                0x000006c2                uECC_vli_isZero
 .text.uECC_vli_testBit
                0x000006e0       0x12 ./ra/mcu-tools/MCUboot/ext/tinycrypt/lib/source/ecc.o
                0x000006e0                uECC_vli_testBit
 *fill*         0x000006f2        0x2 ff
 .text.uECC_vli_numBits
                0x000006f4       0x44 ./ra/mcu-tools/MCUboot/ext/tinycrypt/lib/source/ecc.o
                0x000006f4                uECC_vli_numBits
 .text.uECC_vli_set
                0x00000738       0x16 ./ra/mcu-tools/MCUboot/ext/tinycrypt/lib/source/ecc.o
                0x00000738                uECC_vli_set
 .text.uECC_vli_cmp_unsafe
                0x0000074e       0x28 ./ra/mcu-tools/MCUboot/ext/tinycrypt/lib/source/ecc.o
                0x0000074e                uECC_vli_cmp_unsafe
 .text.uECC_vli_equal
                0x00000776       0x22 ./ra/mcu-tools/MCUboot/ext/tinycrypt/lib/source/ecc.o
                0x00000776                uECC_vli_equal
 .text.uECC_vli_sub
                0x00000798       0x3a ./ra/mcu-tools/MCUboot/ext/tinycrypt/lib/source/ecc.o
                0x00000798                uECC_vli_sub
 *fill*         0x000007d2        0x2 ff
 .text.vli_mmod_fast_secp256r1
                0x000007d4      0x1b4 ./ra/mcu-tools/MCUboot/ext/tinycrypt/lib/source/ecc.o
                0x000007d4                vli_mmod_fast_secp256r1
 .text.uECC_vli_modAdd
                0x00000988       0x30 ./ra/mcu-tools/MCUboot/ext/tinycrypt/lib/source/ecc.o
                0x00000988                uECC_vli_modAdd
 .text.uECC_vli_modSub
                0x000009b8       0x22 ./ra/mcu-tools/MCUboot/ext/tinycrypt/lib/source/ecc.o
                0x000009b8                uECC_vli_modSub
 *fill*         0x000009da        0x2 ff
 .text.uECC_vli_mmod
                0x000009dc      0x118 ./ra/mcu-tools/MCUboot/ext/tinycrypt/lib/source/ecc.o
                0x000009dc                uECC_vli_mmod
 .text.uECC_vli_modMult
                0x00000af4       0x26 ./ra/mcu-tools/MCUboot/ext/tinycrypt/lib/source/ecc.o
                0x00000af4                uECC_vli_modMult
 .text.uECC_vli_modMult_fast
                0x00000b1a       0x20 ./ra/mcu-tools/MCUboot/ext/tinycrypt/lib/source/ecc.o
                0x00000b1a                uECC_vli_modMult_fast
 .text.uECC_vli_modSquare_fast
                0x00000b3a        0xc ./ra/mcu-tools/MCUboot/ext/tinycrypt/lib/source/ecc.o
 *fill*         0x00000b46        0x2 ff
 .text.double_jacobian_default
                0x00000b48      0x158 ./ra/mcu-tools/MCUboot/ext/tinycrypt/lib/source/ecc.o
                0x00000b48                double_jacobian_default
 .text.x_side_default
                0x00000ca0       0x5c ./ra/mcu-tools/MCUboot/ext/tinycrypt/lib/source/ecc.o
                0x00000ca0                x_side_default
 .text.uECC_vli_modInv
                0x00000cfc      0x110 ./ra/mcu-tools/MCUboot/ext/tinycrypt/lib/source/ecc.o
                0x00000cfc                uECC_vli_modInv
 .text.uECC_secp256r1
                0x00000e0c        0x8 ./ra/mcu-tools/MCUboot/ext/tinycrypt/lib/source/ecc.o
                0x00000e0c                uECC_secp256r1
 .text.apply_z  0x00000e14       0x3e ./ra/mcu-tools/MCUboot/ext/tinycrypt/lib/source/ecc.o
                0x00000e14                apply_z
 .text.XYcZ_add
                0x00000e52       0xda ./ra/mcu-tools/MCUboot/ext/tinycrypt/lib/source/ecc.o
                0x00000e52                XYcZ_add
 .text.uECC_vli_bytesToNative
                0x00000f2c       0x44 ./ra/mcu-tools/MCUboot/ext/tinycrypt/lib/source/ecc.o
                0x00000f2c                uECC_vli_bytesToNative
 .text.bits2int
                0x00000f70       0x9c ./ra/mcu-tools/MCUboot/ext/tinycrypt/lib/source/ecc_dsa.o
 .text.uECC_verify
                0x0000100c      0x2b8 ./ra/mcu-tools/MCUboot/ext/tinycrypt/lib/source/ecc_dsa.o
                0x0000100c                uECC_verify
 .text.compress
                0x000012c4      0x22c ./ra/mcu-tools/MCUboot/ext/tinycrypt/lib/source/sha256.o
 .text.tc_sha256_init
                0x000014f0       0x54 ./ra/mcu-tools/MCUboot/ext/tinycrypt/lib/source/sha256.o
                0x000014f0                tc_sha256_init
 .text.tc_sha256_update
                0x00001544       0x52 ./ra/mcu-tools/MCUboot/ext/tinycrypt/lib/source/sha256.o
                0x00001544                tc_sha256_update
 .text.tc_sha256_final
                0x00001596       0xae ./ra/mcu-tools/MCUboot/ext/tinycrypt/lib/source/sha256.o
                0x00001596                tc_sha256_final
 .text._set     0x00001644        0x8 ./ra/mcu-tools/MCUboot/ext/tinycrypt/lib/source/utils.o
                0x00001644                _set
 .text.mbedtls_asn1_get_len
                0x0000164c       0xa2 ./ra/mcu-tools/MCUboot/ext/mbedtls-asn1/src/asn1parse.o
                0x0000164c                mbedtls_asn1_get_len
 .text.mbedtls_asn1_get_tag
                0x000016ee       0x24 ./ra/mcu-tools/MCUboot/ext/mbedtls-asn1/src/asn1parse.o
                0x000016ee                mbedtls_asn1_get_tag
 .text.mbedtls_asn1_get_bitstring_null
                0x00001712       0x2a ./ra/mcu-tools/MCUboot/ext/mbedtls-asn1/src/asn1parse.o
                0x00001712                mbedtls_asn1_get_bitstring_null
 .text.mbedtls_asn1_get_alg
                0x0000173c       0x86 ./ra/mcu-tools/MCUboot/ext/mbedtls-asn1/src/asn1parse.o
                0x0000173c                mbedtls_asn1_get_alg
 *fill*         0x000017c2        0x2 ff
 .text.mbedtls_platform_zeroize
                0x000017c4       0x14 ./ra/mcu-tools/MCUboot/ext/mbedtls-asn1/src/platform_util.o
                0x000017c4                mbedtls_platform_zeroize
 .text.boot_fih_memequal
                0x000017d8        0x8 ./ra/mcu-tools/MCUboot/boot/bootutil/src/bootutil_misc.o
                0x000017d8                boot_fih_memequal
 .text.bootutil_buffer_is_erased.part.0
                0x000017e0       0x22 ./ra/mcu-tools/MCUboot/boot/bootutil/src/bootutil_public.o
 .text.boot_swap_info_off
                0x00001802        0xc ./ra/mcu-tools/MCUboot/boot/bootutil/src/bootutil_public.o
                0x00001802                boot_swap_info_off
 .text.boot_magic_compatible_check
                0x0000180e       0x1e ./ra/mcu-tools/MCUboot/boot/bootutil/src/bootutil_public.o
                0x0000180e                boot_magic_compatible_check
 .text.bootutil_buffer_is_erased
                0x0000182c       0x14 ./ra/mcu-tools/MCUboot/boot/bootutil/src/bootutil_public.o
                0x0000182c                bootutil_buffer_is_erased
 .text.boot_read_flag
                0x00001840       0x3a ./ra/mcu-tools/MCUboot/boot/bootutil/src/bootutil_public.o
 .text.boot_read_image_ok
                0x0000187a       0x10 ./ra/mcu-tools/MCUboot/boot/bootutil/src/bootutil_public.o
                0x0000187a                boot_read_image_ok
 *fill*         0x0000188a        0x2 ff
 .text.boot_read_swap_state
                0x0000188c       0xa8 ./ra/mcu-tools/MCUboot/boot/bootutil/src/bootutil_public.o
                0x0000188c                boot_read_swap_state
 .text.boot_read_swap_state_by_id
                0x00001934       0x24 ./ra/mcu-tools/MCUboot/boot/bootutil/src/bootutil_public.o
                0x00001934                boot_read_swap_state_by_id
 .text.boot_swap_type_multi
                0x00001958       0x98 ./ra/mcu-tools/MCUboot/boot/bootutil/src/bootutil_public.o
                0x00001958                boot_swap_type_multi
 .text.bootutil_read_bigint
                0x000019f0       0x58 ./ra/mcu-tools/MCUboot/boot/bootutil/src/image_ec256.o
 .text.bootutil_verify_sig
                0x00001a48       0xfc ./ra/mcu-tools/MCUboot/boot/bootutil/src/image_ec256.o
                0x00001a48                bootutil_verify_sig
 .text.boot_read_image_headers
                0x00001b44       0x2e ./ra/mcu-tools/MCUboot/boot/bootutil/src/loader.o
 *fill*         0x00001b72        0x2 ff
 .text.boot_validate_slot.isra.0
                0x00001b74       0xdc ./ra/mcu-tools/MCUboot/boot/bootutil/src/loader.o
 .text.boot_read_sectors
                0x00001c50       0x3e ./ra/mcu-tools/MCUboot/boot/bootutil/src/loader.o
 *fill*         0x00001c8e        0x2 ff
 .text.boot_status_reset
                0x00001c90       0x14 ./ra/mcu-tools/MCUboot/boot/bootutil/src/loader.o
                0x00001c90                boot_status_reset
 .text.boot_status_is_reset
                0x00001ca4       0x1a ./ra/mcu-tools/MCUboot/boot/bootutil/src/loader.o
                0x00001ca4                boot_status_is_reset
 *fill*         0x00001cbe        0x2 ff
 .text.boot_copy_region
                0x00001cc0       0x50 ./ra/mcu-tools/MCUboot/boot/bootutil/src/loader.o
                0x00001cc0                boot_copy_region
 .text.context_boot_go
                0x00001d10      0x258 ./ra/mcu-tools/MCUboot/boot/bootutil/src/loader.o
                0x00001d10                context_boot_go
 .text.boot_go  0x00001f68       0x20 ./ra/mcu-tools/MCUboot/boot/bootutil/src/loader.o
                0x00001f68                boot_go
 .text.boot_read_image_header
                0x00001f88       0x32 ./ra/mcu-tools/MCUboot/boot/bootutil/src/swap_scratch.o
                0x00001f88                boot_read_image_header
 .text.boot_slots_compatible
                0x00001fba       0x9a ./ra/mcu-tools/MCUboot/boot/bootutil/src/swap_scratch.o
                0x00001fba                boot_slots_compatible
 .text.flash_area_open
                0x00002054       0x64 ./ra/fsp/src/rm_mcuboot_port/flash_map.o
                0x00002054                flash_area_open
 .text.flash_area_close
                0x000020b8        0x2 ./ra/fsp/src/rm_mcuboot_port/flash_map.o
                0x000020b8                flash_area_close
 .text.flash_area_read
                0x000020ba       0x14 ./ra/fsp/src/rm_mcuboot_port/flash_map.o
                0x000020ba                flash_area_read
 *fill*         0x000020ce        0x2 ff
 .text.flash_area_write
                0x000020d0       0x30 ./ra/fsp/src/rm_mcuboot_port/flash_map.o
                0x000020d0                flash_area_write
 .text.flash_area_erase
                0x00002100       0x4c ./ra/fsp/src/rm_mcuboot_port/flash_map.o
                0x00002100                flash_area_erase
 .text.flash_area_align
                0x0000214c        0xc ./ra/fsp/src/rm_mcuboot_port/flash_map.o
                0x0000214c                flash_area_align
 .text.flash_area_get_sectors
                0x00002158       0x38 ./ra/fsp/src/rm_mcuboot_port/flash_map.o
                0x00002158                flash_area_get_sectors
 .text.flash_area_id_from_multi_image_slot
                0x00002190       0x12 ./ra/fsp/src/rm_mcuboot_port/flash_map.o
                0x00002190                flash_area_id_from_multi_image_slot
 .text.flash_area_erased_val
                0x000021a2        0x4 ./ra/fsp/src/rm_mcuboot_port/flash_map.o
                0x000021a2                flash_area_erased_val
 *fill*         0x000021a6        0x2 ff
 .text.flash_on_chip_cleanup
                0x000021a8       0x28 ./ra/fsp/src/rm_mcuboot_port/flash_map.o
                0x000021a8                flash_on_chip_cleanup
 .text.start_app
                0x000021d0        0xe ./ra/fsp/src/rm_mcuboot_port/rm_mcuboot_port.o
 *fill*         0x000021de        0x2 ff
 .text.RM_MCUBOOT_PORT_BootApp
                0x000021e0       0x30 ./ra/fsp/src/rm_mcuboot_port/rm_mcuboot_port.o
                0x000021e0                RM_MCUBOOT_PORT_BootApp
 .text.R_BSP_PinAccessEnable
                0x00002210       0x2c ./ra/fsp/src/r_ioport/r_ioport.o
 .text.R_BSP_PinAccessDisable
                0x0000223c       0x30 ./ra/fsp/src/r_ioport/r_ioport.o
 .text.r_ioport_pfs_write
                0x0000226c       0x30 ./ra/fsp/src/r_ioport/r_ioport.o
 .text.r_ioport_pins_config
                0x0000229c       0x2a ./ra/fsp/src/r_ioport/r_ioport.o
 *fill*         0x000022c6        0x2 ff
 .text.R_IOPORT_Open
                0x000022c8       0x14 ./ra/fsp/src/r_ioport/r_ioport.o
                0x000022c8                R_IOPORT_Open
 .text.R_FLASH_LP_Close
                0x000022dc       0x34 ./ra/fsp/src/r_flash_lp/r_flash_lp.o
                0x000022dc                R_FLASH_LP_Close
 .text.R_BSP_IrqClearPending
                0x00002310       0x38 ./ra/fsp/src/r_flash_lp/r_flash_lp.o
 .text.r_flash_lp_setup
                0x00002348       0xf8 ./ra/fsp/src/r_flash_lp/r_flash_lp.o
 .text.r_flash_lp_df_enter_pe_mode
                0x00002440       0x54 ./ra/fsp/src/r_flash_lp/r_flash_lp.o
 .text.r_flash_lp_set_fisr
                0x00002494       0x3c ./ra/fsp/src/r_flash_lp/r_flash_lp.o
 .text.R_FLASH_LP_Open
                0x000024d0       0x7c ./ra/fsp/src/r_flash_lp/r_flash_lp.o
                0x000024d0                R_FLASH_LP_Open
 .text.R_FLASH_LP_Erase
                0x0000254c       0x26 ./ra/fsp/src/r_flash_lp/r_flash_lp.o
                0x0000254c                R_FLASH_LP_Erase
 .text.R_FLASH_LP_Write
                0x00002572       0x1c ./ra/fsp/src/r_flash_lp/r_flash_lp.o
                0x00002572                R_FLASH_LP_Write
 *fill*         0x0000258e        0x2 ff
 .text.bsp_prv_operating_mode_opccr_set
                0x00002590       0x34 ./ra/fsp/src/bsp/mcu/all/bsp_clocks.o
 .text.SystemCoreClockUpdate
                0x000025c4       0x28 ./ra/fsp/src/bsp/mcu/all/bsp_clocks.o
                0x000025c4                SystemCoreClockUpdate
 .text.bsp_clock_init
                0x000025ec       0xa4 ./ra/fsp/src/bsp/mcu/all/bsp_clocks.o
                0x000025ec                bsp_clock_init
 .text.R_BSP_Init_RTC
                0x00002690        0xc ./ra/fsp/src/bsp/mcu/all/bsp_clocks.o
                0x00002690                R_BSP_Init_RTC
 .text.bsp_init_internal
                0x0000269c        0x2 ./ra/fsp/src/bsp/mcu/all/bsp_common.o
                0x0000269c                bsp_init_internal
                0x0000269c                bsp_init
 .text.__assert_func
                0x0000269e        0x4 ./ra/fsp/src/bsp/mcu/all/bsp_common.o
                0x0000269e                __assert_func
 *fill*         0x000026a2        0x2 ff
 .text.NMI_Handler
                0x000026a4       0x3c ./ra/fsp/src/bsp/mcu/all/bsp_group_irq.o
                0x000026a4                NMI_Handler
 .text.bsp_irq_cfg
                0x000026e0       0x24 ./ra/fsp/src/bsp/mcu/all/bsp_irq.o
                0x000026e0                bsp_irq_cfg
 .text.R_BSP_RegisterProtectEnable
                0x00002704       0x4c ./ra/fsp/src/bsp/mcu/all/bsp_register_protection.o
                0x00002704                R_BSP_RegisterProtectEnable
 .text.R_BSP_RegisterProtectDisable
                0x00002750       0x44 ./ra/fsp/src/bsp/mcu/all/bsp_register_protection.o
                0x00002750                R_BSP_RegisterProtectDisable
 .text.Default_Handler
                0x00002794        0x4 ./ra/fsp/src/bsp/cmsis/Device/RENESAS/Source/startup.o
                0x00002794                DebugMon_Handler
                0x00002794                HardFault_Handler
                0x00002794                SysTick_Handler
                0x00002794                PendSV_Handler
                0x00002794                UsageFault_Handler
                0x00002794                SecureFault_Handler
                0x00002794                Default_Handler
                0x00002794                MemManage_Handler
                0x00002794                SVC_Handler
                0x00002794                BusFault_Handler
 .text.Reset_Handler
                0x00002798        0xc ./ra/fsp/src/bsp/cmsis/Device/RENESAS/Source/startup.o
                0x00002798                Reset_Handler
 .text.SystemInit
                0x000027a4      0x124 ./ra/fsp/src/bsp/cmsis/Device/RENESAS/Source/system.o
                0x000027a4                SystemInit
 .text          0x000028c8       0x14 c:/renesas/ra/e2studio_v2023-04_fsp_v4.5.0/toolchains/gcc_arm/gcc-arm-none-eabi-10.3-2021.10/bin/../lib/gcc/arm-none-eabi/10.3.1/thumb/v8-m.base/nofp\libgcc.a(_thumb1_case_uqi.o)
                0x000028c8                __gnu_thumb1_case_uqi
 .text          0x000028dc       0x5c c:/renesas/ra/e2studio_v2023-04_fsp_v4.5.0/toolchains/gcc_arm/gcc-arm-none-eabi-10.3-2021.10/bin/../lib/gcc/arm-none-eabi/10.3.1/thumb/v8-m.base/nofp\libgcc.a(_muldi3.o)
                0x000028dc                __muldi3
                0x000028dc                __aeabi_lmul
 .text.memcmp   0x00002938       0x1c c:/renesas/ra/e2studio_v2023-04_fsp_v4.5.0/toolchains/gcc_arm/gcc-arm-none-eabi-10.3-2021.10/bin/../lib/gcc/arm-none-eabi/10.3.1/../../../../arm-none-eabi/lib/thumb/v8-m.base/nofp\libg_nano.a(lib_a-memcmp.o)
                0x00002938                memcmp
 .text.memcpy   0x00002954       0x12 c:/renesas/ra/e2studio_v2023-04_fsp_v4.5.0/toolchains/gcc_arm/gcc-arm-none-eabi-10.3-2021.10/bin/../lib/gcc/arm-none-eabi/10.3.1/../../../../arm-none-eabi/lib/thumb/v8-m.base/nofp\libg_nano.a(lib_a-memcpy-stub.o)
                0x00002954                memcpy
 .text.memset   0x00002966       0x10 c:/renesas/ra/e2studio_v2023-04_fsp_v4.5.0/toolchains/gcc_arm/gcc-arm-none-eabi-10.3-2021.10/bin/../lib/gcc/arm-none-eabi/10.3.1/../../../../arm-none-eabi/lib/thumb/v8-m.base/nofp\libg_nano.a(lib_a-memset.o)
                0x00002966                memset
 *(.version)
 *fill*         0x00002976        0x2 ff
 .version       0x00002978       0x50 ./ra/fsp/src/bsp/mcu/all/bsp_common.o
 *(.init)
 .init          0x000029c8        0x4 c:/renesas/ra/e2studio_v2023-04_fsp_v4.5.0/toolchains/gcc_arm/gcc-arm-none-eabi-10.3-2021.10/bin/../lib/gcc/arm-none-eabi/10.3.1/thumb/v8-m.base/nofp/crti.o
                0x000029c8                _init
 .init          0x000029cc        0x8 c:/renesas/ra/e2studio_v2023-04_fsp_v4.5.0/toolchains/gcc_arm/gcc-arm-none-eabi-10.3-2021.10/bin/../lib/gcc/arm-none-eabi/10.3.1/thumb/v8-m.base/nofp/crtn.o
 *(.fini)
 .fini          0x000029d4        0x4 c:/renesas/ra/e2studio_v2023-04_fsp_v4.5.0/toolchains/gcc_arm/gcc-arm-none-eabi-10.3-2021.10/bin/../lib/gcc/arm-none-eabi/10.3.1/thumb/v8-m.base/nofp/crti.o
                0x000029d4                _fini
 .fini          0x000029d8        0x8 c:/renesas/ra/e2studio_v2023-04_fsp_v4.5.0/toolchains/gcc_arm/gcc-arm-none-eabi-10.3-2021.10/bin/../lib/gcc/arm-none-eabi/10.3.1/thumb/v8-m.base/nofp/crtn.o
 .fini.__stub   0x000029e0       0x50 linker stubs
 *crtbegin.o(.ctors)
 *crtbegin?.o(.ctors)
 *(EXCLUDE_FILE(*crtend.o *crtend?.o) .ctors)
 *(SORT_BY_NAME(.ctors.*))
 *(.ctors)
 *crtbegin.o(.dtors)
 *crtbegin?.o(.dtors)
 *(EXCLUDE_FILE(*crtend.o *crtend?.o) .dtors)
 *(SORT_BY_NAME(.dtors.*))
 *(.dtors)
 *(.rodata*)
 .rodata.str1.1
                0x00002a30       0x26 ./src/hal_entry.o
 .rodata.__func__.0
                0x00002a56       0x14 ./src/hal_entry.o
 *fill*         0x00002a6a        0x2 ff
 .rodata.g_flash0_cfg
                0x00002a6c       0x14 ./ra_gen/hal_data.o
                0x00002a6c                g_flash0_cfg
 .rodata.gp_mcuboot_flash_cfg
                0x00002a80        0x4 ./ra_gen/hal_data.o
                0x00002a80                gp_mcuboot_flash_cfg
 .rodata.gp_mcuboot_flash_ctrl
                0x00002a84        0x4 ./ra_gen/hal_data.o
                0x00002a84                gp_mcuboot_flash_ctrl
 .rodata.g_bsp_pin_cfg
                0x00002a88        0x8 ./ra_gen/pin_data.o
                0x00002a88                g_bsp_pin_cfg
 .rodata.g_bsp_pin_cfg_data
                0x00002a90      0x170 ./ra_gen/pin_data.o
                0x00002a90                g_bsp_pin_cfg_data
 .rodata.bootutil_key_cnt
                0x00002c00        0x4 ./ra/mcu-tools/MCUboot/sim/mcuboot-sys/csupport/keys.o
                0x00002c00                bootutil_key_cnt
 .rodata.bootutil_keys
                0x00002c04        0x8 ./ra/mcu-tools/MCUboot/sim/mcuboot-sys/csupport/keys.o
                0x00002c04                bootutil_keys
 .rodata.root_pub_der
                0x00002c0c       0x5b ./ra/mcu-tools/MCUboot/sim/mcuboot-sys/csupport/keys.o
                0x00002c0c                root_pub_der
 *fill*         0x00002c67        0x1 ff
 .rodata.root_pub_der_len
                0x00002c68        0x4 ./ra/mcu-tools/MCUboot/sim/mcuboot-sys/csupport/keys.o
                0x00002c68                root_pub_der_len
 .rodata.curve_secp256r1
                0x00002c6c       0xb0 ./ra/mcu-tools/MCUboot/ext/tinycrypt/lib/source/ecc.o
 .rodata.k256   0x00002d1c      0x100 ./ra/mcu-tools/MCUboot/ext/tinycrypt/lib/source/sha256.o
 .rodata.boot_img_magic
                0x00002e1c       0x10 ./ra/mcu-tools/MCUboot/boot/bootutil/src/bootutil_public.o
                0x00002e1c                boot_img_magic
 .rodata.boot_swap_tables
                0x00002e2c       0x12 ./ra/mcu-tools/MCUboot/boot/bootutil/src/bootutil_public.o
 .rodata.ec_pubkey_oid
                0x00002e3e        0x8 ./ra/mcu-tools/MCUboot/boot/bootutil/src/image_ec256.o
 .rodata.ec_secp256r1_oid
                0x00002e46        0x9 ./ra/mcu-tools/MCUboot/boot/bootutil/src/image_ec256.o
 .rodata.context_boot_go.str1.1
                0x00002e4f       0x3b ./ra/mcu-tools/MCUboot/boot/bootutil/src/loader.o
                                 0x3d (size before relaxing)
 .rodata.__func__.3
                0x00002e8a       0x10 ./ra/mcu-tools/MCUboot/boot/bootutil/src/loader.o
 .rodata.__func__.4
                0x00002e9a       0x14 ./ra/mcu-tools/MCUboot/boot/bootutil/src/loader.o
 .rodata.__func__.5
                0x00002eae       0x1e ./ra/mcu-tools/MCUboot/boot/bootutil/src/loader.o
 .rodata.__func__.6
                0x00002ecc       0x10 ./ra/mcu-tools/MCUboot/boot/bootutil/src/loader.o
 .rodata.flash_area_open.str1.1
                0x00002edc       0x38 ./ra/fsp/src/rm_mcuboot_port/flash_map.o
 .rodata.flash_area_erase.str1.1
                0x00002f14       0x13 ./ra/fsp/src/rm_mcuboot_port/flash_map.o
 .rodata.__func__.0
                0x00002f27       0x11 ./ra/fsp/src/rm_mcuboot_port/flash_map.o
 .rodata.__func__.1
                0x00002f38       0x10 ./ra/fsp/src/rm_mcuboot_port/flash_map.o
 .rodata.flash_map
                0x00002f48       0x18 ./ra/fsp/src/rm_mcuboot_port/flash_map.o
 .rodata.g_interrupt_event_link_select
                0x00002f60       0x20 ./ra/fsp/src/bsp/mcu/all/bsp_irq.o
                0x00002f60                g_interrupt_event_link_select
 .rodata.g_prcr_masks
                0x00002f80        0x8 ./ra/fsp/src/bsp/mcu/all/bsp_register_protection.o
                0x00002f88                __usb_dev_descriptor_start_fs = .
 *(.usb_device_desc_fs*)
                0x00002f88                __usb_cfg_descriptor_start_fs = .
 *(.usb_config_desc_fs*)
                0x00002f88                __usb_interface_descriptor_start_fs = .
 *(.usb_interface_desc_fs*)
                0x00002f88                __usb_descriptor_end_fs = .
                0x00002f88                __usb_dev_descriptor_start_hs = .
 *(.usb_device_desc_hs*)
                0x00002f88                __usb_cfg_descriptor_start_hs = .
 *(.usb_config_desc_hs*)
                0x00002f88                __usb_interface_descriptor_start_hs = .
 *(.usb_interface_desc_hs*)
                0x00002f88                __usb_descriptor_end_hs = .
 *(.eh_frame*)
 .eh_frame      0x00002f88        0x0 c:/renesas/ra/e2studio_v2023-04_fsp_v4.5.0/toolchains/gcc_arm/gcc-arm-none-eabi-10.3-2021.10/bin/../lib/gcc/arm-none-eabi/10.3.1/thumb/v8-m.base/nofp/crtbegin.o
 .eh_frame      0x00002f88        0x4 c:/renesas/ra/e2studio_v2023-04_fsp_v4.5.0/toolchains/gcc_arm/gcc-arm-none-eabi-10.3-2021.10/bin/../lib/gcc/arm-none-eabi/10.3.1/thumb/v8-m.base/nofp/crtend.o
                0x00002f8c                __ROM_End = .
                0x00000040                __Vectors_Size = (__Vectors_End - __Vectors)

.glue_7         0x00002f8c        0x0
 .glue_7        0x00002f8c        0x0 linker stubs

.glue_7t        0x00002f8c        0x0
 .glue_7t       0x00002f8c        0x0 linker stubs

.vfp11_veneer   0x00002f8c        0x0
 .vfp11_veneer  0x00002f8c        0x0 linker stubs

.v4_bx          0x00002f8c        0x0
 .v4_bx         0x00002f8c        0x0 linker stubs

.iplt           0x00002f8c        0x0
 .iplt          0x00002f8c        0x0 c:/renesas/ra/e2studio_v2023-04_fsp_v4.5.0/toolchains/gcc_arm/gcc-arm-none-eabi-10.3-2021.10/bin/../lib/gcc/arm-none-eabi/10.3.1/thumb/v8-m.base/nofp/crtbegin.o
                0x00002f8c                . = .
                0x00002f8c                __itcm_data_pre_location = .

.itcm_data      0x00000000        0x0 load address 0x00002f90
                0x00000000                __tz_ITCM_S = ABSOLUTE (ITCM_START)
                0x00000000                __itcm_data_start = .
 *(.itcm_data*)
                0x00000000                . = ALIGN (0x8)
                0x00000000                __itcm_data_end = .
                0x00000000                __tz_ITCM_N = DEFINED (ITCM_NS_START)?ABSOLUTE (ITCM_NS_START):ALIGN (__itcm_data_end, 0x2000)
                0x00002f90                __itcm_data_init_start = LOADADDR (.itcm_data)
                0x00002f90                __itcm_data_init_end = (LOADADDR (.itcm_data) + SIZEOF (.itcm_data))
                0x00000001                ASSERT (((ORIGIN (ITCM) % 0x8) == 0x0), ITCM memory region origin must be aligned to 8 bytes.)
                0x00000001                ASSERT (((LENGTH (ITCM) % 0x8) == 0x0), ITCM memory region length must be a multiple of 8 bytes.)
                0x00000001                ASSERT (((LOADADDR (.itcm_data) % 0x10) == 0x0), .itcm_data section must be aligned to 16 bytes.)
                0x00000001                ASSERT (((SIZEOF (.itcm_data) % 0x8) == 0x0), .itcm_data section size must be a multiple of 8 bytes.)
                0x00002f8c                . = (SIZEOF (.itcm_data) > 0x0)?__itcm_data_init_end:__itcm_data_pre_location

.ARM.extab
 *(.ARM.extab* .gnu.linkonce.armextab.*)
                0x00002f8c                __exidx_start = .

.ARM.exidx
 *(.ARM.exidx* .gnu.linkonce.armexidx.*)
                0x00002f8c                __exidx_end = .
                0x00002f8c                __etext = .
                0x20000000                __tz_RAM_S = ORIGIN (RAM)

.fsp_dtc_vector_table
                0x20000000        0x0
                0x20000000                . = ORIGIN (RAM)
 *(.fsp_dtc_vector_table)

.data           0x20000000      0x550 load address 0x00002f8c
                0x20000000                __data_start__ = .
                0x20000000                . = ALIGN (0x4)
                0x20000000                __Code_In_RAM_Start = .
 *(.code_in_ram*)
 .code_in_ram   0x20000000      0x530 ./ra/fsp/src/r_flash_lp/r_flash_lp.o
 .code_in_ram.__stub
                0x20000530       0x10 linker stubs
                0x20000540                __Code_In_RAM_End = .
 *(vtable)
 *(.data.*)
 .data.memset_func
                0x20000540        0x4 ./ra/mcu-tools/MCUboot/ext/mbedtls-asn1/src/platform_util.o
 .data.FIH_FAILURE
                0x20000544        0x4 ./ra/mcu-tools/MCUboot/boot/bootutil/src/fault_injection_hardening.o
                0x20000544                FIH_FAILURE
 *(.data)
                0x20000548                . = ALIGN (0x4)
                0x20000548                PROVIDE (__preinit_array_start = .)
 *(.preinit_array)
                0x20000548                PROVIDE (__preinit_array_end = .)
                0x20000548                . = ALIGN (0x4)
                0x20000548                PROVIDE (__init_array_start = .)
 *(SORT_BY_NAME(.init_array.*))
 *(.init_array)
 .init_array    0x20000548        0x4 c:/renesas/ra/e2studio_v2023-04_fsp_v4.5.0/toolchains/gcc_arm/gcc-arm-none-eabi-10.3-2021.10/bin/../lib/gcc/arm-none-eabi/10.3.1/thumb/v8-m.base/nofp/crtbegin.o
                0x2000054c                PROVIDE (__init_array_end = .)
                0x2000054c                . = ALIGN (0x4)
                [!provide]                PROVIDE (__fini_array_start = .)
 *(SORT_BY_NAME(.fini_array.*))
 *(.fini_array)
 .fini_array    0x2000054c        0x4 c:/renesas/ra/e2studio_v2023-04_fsp_v4.5.0/toolchains/gcc_arm/gcc-arm-none-eabi-10.3-2021.10/bin/../lib/gcc/arm-none-eabi/10.3.1/thumb/v8-m.base/nofp/crtbegin.o
                [!provide]                PROVIDE (__fini_array_end = .)
 *(.jcr*)
                0x20000550                . = ALIGN (0x4)
                0x20000550                __data_end__ = .

.igot.plt       0x20000550        0x0 load address 0x000034dc
 .igot.plt      0x20000550        0x0 c:/renesas/ra/e2studio_v2023-04_fsp_v4.5.0/toolchains/gcc_arm/gcc-arm-none-eabi-10.3-2021.10/bin/../lib/gcc/arm-none-eabi/10.3.1/thumb/v8-m.base/nofp/crtbegin.o
                0x20000550                . = .
                0x000034dc                __dtcm_data_pre_location = (LOADADDR (.data) + SIZEOF (.data))

.dtcm_data      0x00000000        0x0 load address 0x000034e0
                0x00000000                __tz_DTCM_S = ABSOLUTE (DTCM_START)
                0x00000000                __dtcm_data_start = .
 *(.dtcm_data*)
                0x00000000                . = ALIGN (0x8)
                0x00000000                __dtcm_data_end = .
                0x00000000                . = __dtcm_data_end

.dtcm_bss       0x00000000        0x0
                0x00000000                __dtcm_bss_start = .
 *(.dtcm_bss*)
                0x00000000                . = ALIGN (0x8)
                0x00000000                __dtcm_bss_end = .
                0x00000000                __tz_DTCM_N = DEFINED (DTCM_NS_START)?ABSOLUTE (DTCM_NS_START):ALIGN (__dtcm_bss_end, 0x2000)
                0x000034e0                __dtcm_data_init_start = LOADADDR (.dtcm_data)
                0x000034e0                __dtcm_data_init_end = (LOADADDR (.dtcm_data) + SIZEOF (.dtcm_data))
                0x00000001                ASSERT (((ORIGIN (DTCM) % 0x8) == 0x0), DTCM memory region origin must be aligned to 8 bytes.)
                0x00000001                ASSERT (((LENGTH (DTCM) % 0x8) == 0x0), DTCM memory region length must be a multiple of 8 bytes.)
                0x00000001                ASSERT ((LOADADDR (.dtcm_bss) == ADDR (.dtcm_bss)), .dtcm_bss has (VMA != LMA) but should be NOLOAD (VMA == LMA).)
                0x00000001                ASSERT (((LOADADDR (.dtcm_data) % 0x10) == 0x0), .dtcm_data section must be aligned to 16 bytes.)
                0x00000001                ASSERT (((SIZEOF (.dtcm_data) % 0x8) == 0x0), .dtcm_data section size must be a multiple of 8 bytes.)
                0x00000001                ASSERT (((LOADADDR (.dtcm_bss) % 0x8) == 0x0), .dtcm_bss section must be aligned to 8 bytes.)
                0x00000001                ASSERT (((SIZEOF (.dtcm_bss) % 0x8) == 0x0), .dtcm_bss section size must be a multiple of 8 bytes.)
                0x00000001                ASSERT ((__dtcm_bss_start == __dtcm_data_end), .dtcm_bss section is not adjacent to .dtcm_data section.)
                0x000034dc                . = (SIZEOF (.dtcm_data) > 0x0)?__dtcm_data_init_end:__dtcm_data_pre_location
                0x000034dc                sgstubs_pre_location = .
                0x00003800                SGSTUBS_LOC = (DEFINED (PROJECT_SECURE) && DEFINED (FLASH_NSC_START))?ABSOLUTE (FLASH_NSC_START):ALIGN (0x400)

.gnu.sgstubs    0x00003800        0x0
                0x00003800                __tz_FLASH_C = DEFINED (FLASH_NSC_START)?ABSOLUTE (FLASH_NSC_START):__RESERVE_NS_RAM?ABSOLUTE ((FLASH_START + FLASH_LENGTH)):ALIGN (0x400)
                0x00003800                _start_sg = .
 *(.gnu.sgstubs*)
                0x00003800                . = ALIGN (0x20)
                0x00003800                _end_sg = .
                0x00008000                __tz_FLASH_N = DEFINED (FLASH_NS_START)?ABSOLUTE (FLASH_NS_START):__RESERVE_NS_RAM?ABSOLUTE ((FLASH_START + FLASH_LENGTH)):(FLASH_LENGTH < 0x8000)?FLASH_LENGTH:ALIGN (0x8000)
                0x00008000                FLASH_NS_IMAGE_START = DEFINED (FLASH_NS_IMAGE_START)?FLASH_NS_IMAGE_START:__tz_FLASH_N
                0x60000000                __tz_QSPI_FLASH_S = ORIGIN (QSPI_FLASH)

.qspi_flash     0x60000000        0x0
                0x60000000                __qspi_flash_start__ = .
 *(.qspi_flash*)
 *(.code_in_qspi*)
                0x60000000                __qspi_flash_end__ = .
                0x00000000                __qspi_flash_code_size__ = (__qspi_flash_end__ - __qspi_flash_start__)
                0x000034dc                __qspi_flash_code_addr__ = sgstubs_pre_location

.qspi_non_retentive
                0x60000000        0x0 load address 0x000034dc
                0x60000000                __qspi_non_retentive_start__ = .
 *(.qspi_non_retentive*)
                0x60000000                __qspi_non_retentive_end__ = .
                0x00000000                __qspi_non_retentive_size__ = (__qspi_non_retentive_end__ - __qspi_non_retentive_start__)
                0x04000000                __qspi_region_max_size__ = 0x4000000
                0x60000000                __qspi_region_start_address__ = __qspi_flash_start__
                0x64000000                __qspi_region_end_address__ = (__qspi_flash_start__ + __qspi_region_max_size__)
                0x60000000                __tz_QSPI_FLASH_N = __qspi_non_retentive_end__

.OSPI_DEVICE_0_NO_LOAD
                0x80020000        0x0
                0x80020000                . = ALIGN (0x4)
                0x80020000                __ospi_device_0_start__ = .
 *(.ospi_device_0_no_load*)
                0x80020000                . = ALIGN (0x4)
                0x80020000                __ospi_device_0_end__ = .

.OSPI_DEVICE_1_NO_LOAD
                0x80030000        0x0
                0x80030000                . = ALIGN (0x4)
                0x80030000                __ospi_device_1_start__ = .
 *(.ospi_device_1_no_load*)
                0x80030000                . = ALIGN (0x4)
                0x80030000                __ospi_device_1_end__ = .
                0x80020000                __tz_OSPI_DEVICE_0_S = ORIGIN (OSPI_DEVICE_0)

.OSPI_DEVICE_0  0x80020000        0x0
                0x80020000                __ospi_device_0_start__ = .
 *(.ospi_device_0*)
 *(.code_in_ospi_device_0*)
                0x80020000                __ospi_device_0_end__ = .
                0x00000000                __ospi_device_0_code_size__ = (__ospi_device_0_end__ - __ospi_device_0_start__)
                0x000034dc                __ospi_device_0_code_addr__ = (sgstubs_pre_location + SIZEOF (.qspi_non_retentive))

.ospi_device_0_non_retentive
                0x80020000        0x0 load address 0x000034dc
                0x80020000                __ospi_device_0_non_retentive_start__ = .
 *(.ospi_device_0_non_retentive*)
                0x80020000                __ospi_device_0_non_retentive_end__ = .
                0x00000000                __ospi_device_0_non_retentive_size__ = (__ospi_device_0_non_retentive_end__ - __ospi_device_0_non_retentive_start__)
                0x08000000                __ospi_device_0_region_max_size__ = 0x8000000
                0x80020000                __ospi_device_0_region_start_address__ = __ospi_device_0_start__
                0x88020000                __ospi_device_0_region_end_address__ = (__ospi_device_0_start__ + __ospi_device_0_region_max_size__)
                0x80020000                __tz_OSPI_DEVICE_0_N = __ospi_device_0_non_retentive_end__
                0x80030000                __tz_OSPI_DEVICE_1_S = ORIGIN (OSPI_DEVICE_1)

.OSPI_DEVICE_1  0x80030000        0x0
                0x80030000                __ospi_device_1_start__ = .
 *(.ospi_device_1*)
 *(.code_in_ospi_device_1*)
                0x80030000                __ospi_device_1_end__ = .
                0x00000000                __ospi_device_1_code_size__ = (__ospi_device_1_end__ - __ospi_device_1_start__)
                0x000034dc                __ospi_device_1_code_addr__ = (sgstubs_pre_location + (SIZEOF (.qspi_non_retentive) + SIZEOF (.ospi_device_0_non_retentive)))

.ospi_device_1_non_retentive
                0x80030000        0x0 load address 0x000034dc
                0x80030000                __ospi_device_1_non_retentive_start__ = .
 *(.ospi_device_1_non_retentive*)
                0x80030000                __ospi_device_1_non_retentive_end__ = .
                0x00000000                __ospi_device_1_non_retentive_size__ = (__ospi_device_1_non_retentive_end__ - __ospi_device_1_non_retentive_start__)
                0x10000000                __ospi_device_1_region_max_size__ = 0x10000000
                0x80030000                __ospi_device_1_region_start_address__ = __ospi_device_1_start__
                0x90030000                __ospi_device_1_region_end_address__ = (__ospi_device_1_start__ + __ospi_device_1_region_max_size__)
                0x80030000                __tz_OSPI_DEVICE_1_N = __ospi_device_1_non_retentive_end__

.noinit         0x20000550       0x18
                0x20000550                . = ALIGN (0x4)
                0x20000550                __noinit_start = .
 *(.noinit*)
 .noinit        0x20000550       0x14 ./ra/fsp/src/bsp/mcu/all/bsp_clocks.o
                0x20000568                . = ALIGN (0x8)
 *fill*         0x20000564        0x4 
 *(.heap.*)
                0x20000568                __noinit_end = .

.bss            0x20000568      0xa54
                0x20000568                . = ALIGN (0x4)
                0x20000568                __bss_start__ = .
 *(.bss*)
 .bss           0x20000568       0x1c c:/renesas/ra/e2studio_v2023-04_fsp_v4.5.0/toolchains/gcc_arm/gcc-arm-none-eabi-10.3-2021.10/bin/../lib/gcc/arm-none-eabi/10.3.1/thumb/v8-m.base/nofp/crtbegin.o
 .bss.g_ioport_ctrl
                0x20000584        0x8 ./ra_gen/common_data.o
                0x20000584                g_ioport_ctrl
 .bss.g_flash0_ctrl
                0x2000058c       0x38 ./ra_gen/hal_data.o
                0x2000058c                g_flash0_ctrl
 .bss.FIH_SUCCESS
                0x200005c4        0x4 ./ra/mcu-tools/MCUboot/boot/bootutil/src/fault_injection_hardening.o
                0x200005c4                FIH_SUCCESS
 .bss.boot_data
                0x200005c8       0x60 ./ra/mcu-tools/MCUboot/boot/bootutil/src/loader.o
 .bss.buf.9     0x20000628      0x400 ./ra/mcu-tools/MCUboot/boot/bootutil/src/loader.o
 .bss.primary_slot_sectors.8
                0x20000a28      0x1e0 ./ra/mcu-tools/MCUboot/boot/bootutil/src/loader.o
 .bss.secondary_slot_sectors.7
                0x20000c08      0x1e0 ./ra/mcu-tools/MCUboot/boot/bootutil/src/loader.o
 .bss.tmpbuf.2  0x20000de8      0x100 ./ra/mcu-tools/MCUboot/boot/bootutil/src/loader.o
 .bss.g_internal_flash_driver_open
                0x20000ee8        0x1 ./ra/fsp/src/rm_mcuboot_port/flash_map.o
 *fill*         0x20000ee9        0x3 
 .bss.g_bsp_group_irq_sources
                0x20000eec       0x40 ./ra/fsp/src/bsp/mcu/all/bsp_group_irq.o
                0x20000eec                g_bsp_group_irq_sources
 .bss.g_protect_pfswe_counter
                0x20000f2c        0x4 ./ra/fsp/src/bsp/mcu/all/bsp_io.o
                0x20000f2c                g_protect_pfswe_counter
 .bss.gp_renesas_isr_context
                0x20000f30       0x80 ./ra/fsp/src/bsp/mcu/all/bsp_irq.o
                0x20000f30                gp_renesas_isr_context
 .bss.g_protect_counters
                0x20000fb0        0x8 ./ra/fsp/src/bsp/mcu/all/bsp_register_protection.o
                0x20000fb0                g_protect_counters
 .bss.SystemCoreClock
                0x20000fb8        0x4 ./ra/fsp/src/bsp/cmsis/Device/RENESAS/Source/system.o
                0x20000fb8                SystemCoreClock
 *(COMMON)
                0x20000fbc                . = ALIGN (0x4)
                0x20000fbc                __bss_end__ = .

.heap           0x20000fbc        0x4
                0x20000fc0                . = ALIGN (0x8)
 *fill*         0x20000fbc        0x4 
                0x20000fc0                __HeapBase = .
 *(.heap)
                0x20000fc0                __HeapLimit = .

.stack_dummy    0x20000fc0      0x800
                0x20000fc0                . = ALIGN (0x8)
                0x20000fc0                __StackLimit = .
 *(.stack)
 .stack         0x20000fc0      0x800 ./ra/fsp/src/bsp/cmsis/Device/RENESAS/Source/startup.o
                0x200017c0                __StackTop = .
 *(.stack*)
                0x200017c0                __StackTopAll = .
                0x200017c0                PROVIDE (__stack = __StackTopAll)
                0x200017c0                __RAM_segment_used_end__ = ALIGN (__StackTopAll, 0x4)
                0x20001800                __tz_RAM_C = DEFINED (RAM_NSC_START)?ABSOLUTE ((RAM_NSC_START - RAM_NS_BUFFER_BLOCK_LENGTH)):__RESERVE_NS_RAM?ABSOLUTE (RAM_NS_BUFFER_BLOCK_START):ALIGN (__RAM_segment_used_end__, 0x400)
                0x20002000                __tz_RAM_N = DEFINED (RAM_NS_START)?ABSOLUTE ((RAM_NS_START - RAM_NS_BUFFER_BLOCK_LENGTH)):__RESERVE_NS_RAM?ABSOLUTE (RAM_NS_BUFFER_BLOCK_START):ALIGN (__tz_RAM_C, 0x2000)

.ns_buffer      0x200017c0        0x0
                0x200017c0                . = __RESERVE_NS_RAM?ABSOLUTE ((RAM_NS_BUFFER_START & 0xffffffe0)):.
 *(.ns_buffer*)

.data_flash     0x40100000        0x0
                0x40100000                . = ORIGIN (DATA_FLASH)
                0x40100000                __tz_DATA_FLASH_S = .
                0x40100000                __Data_Flash_Start = .
 *(.data_flash*)
                0x40100000                __Data_Flash_End = .
                0x40100000                __tz_DATA_FLASH_N = DEFINED (DATA_FLASH_NS_START)?ABSOLUTE (DATA_FLASH_NS_START):__RESERVE_NS_RAM?ABSOLUTE ((DATA_FLASH_START + DATA_FLASH_LENGTH)):ALIGN (0x400)
                0x80010000                __tz_SDRAM_S = ORIGIN (SDRAM)

.sdram          0x80010000        0x0
                0x80010000                __SDRAM_Start = .
 *(.sdram*)
 *(.frame*)
                0x80010000                __SDRAM_End = .
                0x80010000                __tz_SDRAM_N = __SDRAM_End
                0x01010018                __tz_ID_CODE_S = ORIGIN (ID_CODE)
                0x01010018                __tz_ID_CODE_N = __tz_ID_CODE_S

.id_code        0x01010018       0x1c
                0x01010018                __ID_Code_Start = .
 *(.id_code*)
 .id_code       0x01010018       0x1c ./ra/fsp/src/bsp/mcu/all/bsp_rom_registers.o
                0x01010034                __ID_Code_End = .
                0x00000000                __tz_OPTION_SETTING_S = ORIGIN (OPTION_SETTING_OFS)

.rel.dyn        0x01010034        0x0
 .rel.iplt      0x01010034        0x0 c:/renesas/ra/e2studio_v2023-04_fsp_v4.5.0/toolchains/gcc_arm/gcc-arm-none-eabi-10.3-2021.10/bin/../lib/gcc/arm-none-eabi/10.3.1/thumb/v8-m.base/nofp/crtbegin.o

.option_setting_ofs
                0x00000000        0x0
                0x00000000                __OPTION_SETTING_OFS_Start = .
 *(.option_setting_ofs0)
                0x00000000                . = PROJECT_SECURE_OR_FLAT?(__OPTION_SETTING_OFS_Start + 0x4):__OPTION_SETTING_OFS_Start
 *(.option_setting_ofs2)
                0x00000000                . = PROJECT_SECURE_OR_FLAT?(__OPTION_SETTING_OFS_Start + 0x10):__OPTION_SETTING_OFS_Start
 *(.option_setting_dualsel)
                0x00000000                __OPTION_SETTING_OFS_End = .

.option_setting_sas
                0x00000034        0x0
                0x00000034                __OPTION_SETTING_SAS_Start = .
 *(.option_setting_sas)
                0x00000034                __OPTION_SETTING_SAS_End = .
                0x00000080                __tz_OPTION_SETTING_N = ABSOLUTE (OPTION_SETTING_START_NS)

.option_setting_ns
                0x00000000        0x0
                0x00000000                __OPTION_SETTING_NS_Start = .
 *(.option_setting_ofs1)
                0x00000000                . = USE_OPTION_SETTING_NS?(__OPTION_SETTING_NS_Start + 0x4):__OPTION_SETTING_NS_Start
 *(.option_setting_ofs3)
                0x00000000                . = USE_OPTION_SETTING_NS?(__OPTION_SETTING_NS_Start + 0x10):__OPTION_SETTING_NS_Start
 *(.option_setting_banksel)
                0x00000000                . = USE_OPTION_SETTING_NS?(__OPTION_SETTING_NS_Start + 0x40):__OPTION_SETTING_NS_Start
 *(.option_setting_bps0)
                0x00000000                . = USE_OPTION_SETTING_NS?(__OPTION_SETTING_NS_Start + 0x44):__OPTION_SETTING_NS_Start
 *(.option_setting_bps1)
                0x00000000                . = USE_OPTION_SETTING_NS?(__OPTION_SETTING_NS_Start + 0x48):__OPTION_SETTING_NS_Start
 *(.option_setting_bps2)
                0x00000000                . = USE_OPTION_SETTING_NS?(__OPTION_SETTING_NS_Start + 0x4c):__OPTION_SETTING_NS_Start
 *(.option_setting_bps3)
                0x00000000                . = USE_OPTION_SETTING_NS?(__OPTION_SETTING_NS_Start + 0x60):__OPTION_SETTING_NS_Start
 *(.option_setting_pbps0)
                0x00000000                . = USE_OPTION_SETTING_NS?(__OPTION_SETTING_NS_Start + 0x64):__OPTION_SETTING_NS_Start
 *(.option_setting_pbps1)
                0x00000000                . = USE_OPTION_SETTING_NS?(__OPTION_SETTING_NS_Start + 0x68):__OPTION_SETTING_NS_Start
 *(.option_setting_pbps2)
                0x00000000                . = USE_OPTION_SETTING_NS?(__OPTION_SETTING_NS_Start + 0x6c):__OPTION_SETTING_NS_Start
 *(.option_setting_pbps3)
                0x00000000                __OPTION_SETTING_NS_End = .
                0x80000000                __tz_OPTION_SETTING_S_S = ORIGIN (OPTION_SETTING_S)

.option_setting_s
                0x80000000        0x0
                0x80000000                __OPTION_SETTING_S_Start = .
 *(.option_setting_ofs1_sec)
                0x80000000                . = PROJECT_SECURE_OR_FLAT?(__OPTION_SETTING_S_Start + 0x4):__OPTION_SETTING_S_Start
 *(.option_setting_ofs3_sec)
                0x80000000                . = PROJECT_SECURE_OR_FLAT?(__OPTION_SETTING_S_Start + 0x10):__OPTION_SETTING_S_Start
 *(.option_setting_banksel_sec)
                0x80000000                . = PROJECT_SECURE_OR_FLAT?(__OPTION_SETTING_S_Start + 0x40):__OPTION_SETTING_S_Start
 *(.option_setting_bps_sec0)
                0x80000000                . = PROJECT_SECURE_OR_FLAT?(__OPTION_SETTING_S_Start + 0x44):__OPTION_SETTING_S_Start
 *(.option_setting_bps_sec1)
                0x80000000                . = PROJECT_SECURE_OR_FLAT?(__OPTION_SETTING_S_Start + 0x48):__OPTION_SETTING_S_Start
 *(.option_setting_bps_sec2)
                0x80000000                . = PROJECT_SECURE_OR_FLAT?(__OPTION_SETTING_S_Start + 0x4c):__OPTION_SETTING_S_Start
 *(.option_setting_bps_sec3)
                0x80000000                . = PROJECT_SECURE_OR_FLAT?(__OPTION_SETTING_S_Start + 0x60):__OPTION_SETTING_S_Start
 *(.option_setting_pbps_sec0)
                0x80000000                . = PROJECT_SECURE_OR_FLAT?(__OPTION_SETTING_S_Start + 0x64):__OPTION_SETTING_S_Start
 *(.option_setting_pbps_sec1)
                0x80000000                . = PROJECT_SECURE_OR_FLAT?(__OPTION_SETTING_S_Start + 0x68):__OPTION_SETTING_S_Start
 *(.option_setting_pbps_sec2)
                0x80000000                . = PROJECT_SECURE_OR_FLAT?(__OPTION_SETTING_S_Start + 0x6c):__OPTION_SETTING_S_Start
 *(.option_setting_pbps_sec3)
                0x80000000                . = PROJECT_SECURE_OR_FLAT?(__OPTION_SETTING_S_Start + 0x80):__OPTION_SETTING_S_Start
 *(.option_setting_ofs1_sel)
                0x80000000                . = PROJECT_SECURE_OR_FLAT?(__OPTION_SETTING_S_Start + 0x84):__OPTION_SETTING_S_Start
 *(.option_setting_ofs3_sel)
                0x80000000                . = PROJECT_SECURE_OR_FLAT?(__OPTION_SETTING_S_Start + 0x90):__OPTION_SETTING_S_Start
 *(.option_setting_banksel_sel)
                0x80000000                . = PROJECT_SECURE_OR_FLAT?(__OPTION_SETTING_S_Start + 0xc0):__OPTION_SETTING_S_Start
 *(.option_setting_bps_sel0)
                0x80000000                . = PROJECT_SECURE_OR_FLAT?(__OPTION_SETTING_S_Start + 0xc4):__OPTION_SETTING_S_Start
 *(.option_setting_bps_sel1)
                0x80000000                . = PROJECT_SECURE_OR_FLAT?(__OPTION_SETTING_S_Start + 0xc8):__OPTION_SETTING_S_Start
 *(.option_setting_bps_sel2)
                0x80000000                . = PROJECT_SECURE_OR_FLAT?(__OPTION_SETTING_S_Start + 0xcc):__OPTION_SETTING_S_Start
 *(.option_setting_bps_sel3)
                0x80000000                __OPTION_SETTING_S_End = .
                0x80000000                __tz_OPTION_SETTING_S_N = __OPTION_SETTING_S_End
OUTPUT(mcuboot_ra2l1.elf elf32-littlearm)
LOAD linker stubs

.ARM.attributes
                0x00000000       0x2c
 .ARM.attributes
                0x00000000       0x22 c:/renesas/ra/e2studio_v2023-04_fsp_v4.5.0/toolchains/gcc_arm/gcc-arm-none-eabi-10.3-2021.10/bin/../lib/gcc/arm-none-eabi/10.3.1/thumb/v8-m.base/nofp/crti.o
 .ARM.attributes
                0x00000022       0x30 c:/renesas/ra/e2studio_v2023-04_fsp_v4.5.0/toolchains/gcc_arm/gcc-arm-none-eabi-10.3-2021.10/bin/../lib/gcc/arm-none-eabi/10.3.1/thumb/v8-m.base/nofp/crtbegin.o
 .ARM.attributes
                0x00000052       0x30 ./src/hal_entry.o
 .ARM.attributes
                0x00000082       0x30 ./ra_gen/common_data.o
 .ARM.attributes
                0x000000b2       0x30 ./ra_gen/hal_data.o
 .ARM.attributes
                0x000000e2       0x30 ./ra_gen/main.o
 .ARM.attributes
                0x00000112       0x30 ./ra_gen/pin_data.o
 .ARM.attributes
                0x00000142       0x30 ./ra/mcu-tools/MCUboot/sim/mcuboot-sys/csupport/keys.o
 .ARM.attributes
                0x00000172       0x30 ./ra/mcu-tools/MCUboot/ext/tinycrypt/lib/source/ecc.o
 .ARM.attributes
                0x000001a2       0x30 ./ra/mcu-tools/MCUboot/ext/tinycrypt/lib/source/ecc_dsa.o
 .ARM.attributes
                0x000001d2       0x30 ./ra/mcu-tools/MCUboot/ext/tinycrypt/lib/source/sha256.o
 .ARM.attributes
                0x00000202       0x30 ./ra/mcu-tools/MCUboot/ext/tinycrypt/lib/source/utils.o
 .ARM.attributes
                0x00000232       0x30 ./ra/mcu-tools/MCUboot/ext/mbedtls-asn1/src/asn1parse.o
 .ARM.attributes
                0x00000262       0x30 ./ra/mcu-tools/MCUboot/ext/mbedtls-asn1/src/platform_util.o
 .ARM.attributes
                0x00000292       0x30 ./ra/mcu-tools/MCUboot/boot/bootutil/src/bootutil_misc.o
 .ARM.attributes
                0x000002c2       0x30 ./ra/mcu-tools/MCUboot/boot/bootutil/src/bootutil_public.o
 .ARM.attributes
                0x000002f2       0x30 ./ra/mcu-tools/MCUboot/boot/bootutil/src/fault_injection_hardening.o
 .ARM.attributes
                0x00000322       0x30 ./ra/mcu-tools/MCUboot/boot/bootutil/src/image_ec256.o
 .ARM.attributes
                0x00000352       0x30 ./ra/mcu-tools/MCUboot/boot/bootutil/src/image_validate.o
 .ARM.attributes
                0x00000382       0x30 ./ra/mcu-tools/MCUboot/boot/bootutil/src/loader.o
 .ARM.attributes
                0x000003b2       0x30 ./ra/mcu-tools/MCUboot/boot/bootutil/src/swap_scratch.o
 .ARM.attributes
                0x000003e2       0x30 ./ra/mcu-tools/MCUboot/boot/bootutil/src/tlv.o
 .ARM.attributes
                0x00000412       0x30 ./ra/fsp/src/rm_mcuboot_port/flash_map.o
 .ARM.attributes
                0x00000442       0x30 ./ra/fsp/src/rm_mcuboot_port/rm_mcuboot_port.o
 .ARM.attributes
                0x00000472       0x30 ./ra/fsp/src/r_ioport/r_ioport.o
 .ARM.attributes
                0x000004a2       0x30 ./ra/fsp/src/r_flash_lp/r_flash_lp.o
 .ARM.attributes
                0x000004d2       0x30 ./ra/fsp/src/bsp/mcu/all/bsp_clocks.o
 .ARM.attributes
                0x00000502       0x30 ./ra/fsp/src/bsp/mcu/all/bsp_common.o
 .ARM.attributes
                0x00000532       0x30 ./ra/fsp/src/bsp/mcu/all/bsp_group_irq.o
 .ARM.attributes
                0x00000562       0x30 ./ra/fsp/src/bsp/mcu/all/bsp_io.o
 .ARM.attributes
                0x00000592       0x30 ./ra/fsp/src/bsp/mcu/all/bsp_irq.o
 .ARM.attributes
                0x000005c2       0x30 ./ra/fsp/src/bsp/mcu/all/bsp_register_protection.o
 .ARM.attributes
                0x000005f2       0x30 ./ra/fsp/src/bsp/mcu/all/bsp_rom_registers.o
 .ARM.attributes
                0x00000622       0x30 ./ra/fsp/src/bsp/cmsis/Device/RENESAS/Source/startup.o
 .ARM.attributes
                0x00000652       0x30 ./ra/fsp/src/bsp/cmsis/Device/RENESAS/Source/system.o
 .ARM.attributes
                0x00000682       0x22 c:/renesas/ra/e2studio_v2023-04_fsp_v4.5.0/toolchains/gcc_arm/gcc-arm-none-eabi-10.3-2021.10/bin/../lib/gcc/arm-none-eabi/10.3.1/thumb/v8-m.base/nofp\libgcc.a(_thumb1_case_uqi.o)
 .ARM.attributes
                0x000006a4       0x30 c:/renesas/ra/e2studio_v2023-04_fsp_v4.5.0/toolchains/gcc_arm/gcc-arm-none-eabi-10.3-2021.10/bin/../lib/gcc/arm-none-eabi/10.3.1/thumb/v8-m.base/nofp\libgcc.a(_muldi3.o)
 .ARM.attributes
                0x000006d4       0x30 c:/renesas/ra/e2studio_v2023-04_fsp_v4.5.0/toolchains/gcc_arm/gcc-arm-none-eabi-10.3-2021.10/bin/../lib/gcc/arm-none-eabi/10.3.1/../../../../arm-none-eabi/lib/thumb/v8-m.base/nofp\libg_nano.a(lib_a-memcmp.o)
 .ARM.attributes
                0x00000704       0x30 c:/renesas/ra/e2studio_v2023-04_fsp_v4.5.0/toolchains/gcc_arm/gcc-arm-none-eabi-10.3-2021.10/bin/../lib/gcc/arm-none-eabi/10.3.1/../../../../arm-none-eabi/lib/thumb/v8-m.base/nofp\libg_nano.a(lib_a-memcpy-stub.o)
 .ARM.attributes
                0x00000734       0x30 c:/renesas/ra/e2studio_v2023-04_fsp_v4.5.0/toolchains/gcc_arm/gcc-arm-none-eabi-10.3-2021.10/bin/../lib/gcc/arm-none-eabi/10.3.1/../../../../arm-none-eabi/lib/thumb/v8-m.base/nofp\libg_nano.a(lib_a-memset.o)
 .ARM.attributes
                0x00000764       0x30 c:/renesas/ra/e2studio_v2023-04_fsp_v4.5.0/toolchains/gcc_arm/gcc-arm-none-eabi-10.3-2021.10/bin/../lib/gcc/arm-none-eabi/10.3.1/thumb/v8-m.base/nofp/crtend.o
 .ARM.attributes
                0x00000794       0x22 c:/renesas/ra/e2studio_v2023-04_fsp_v4.5.0/toolchains/gcc_arm/gcc-arm-none-eabi-10.3-2021.10/bin/../lib/gcc/arm-none-eabi/10.3.1/thumb/v8-m.base/nofp/crtn.o

.comment        0x00000000       0x49
 .comment       0x00000000       0x49 ./src/hal_entry.o
                                 0x4a (size before relaxing)
 .comment       0x00000049       0x4a ./ra_gen/common_data.o
 .comment       0x00000049       0x4a ./ra_gen/hal_data.o
 .comment       0x00000049       0x4a ./ra_gen/main.o
 .comment       0x00000049       0x4a ./ra_gen/pin_data.o
 .comment       0x00000049       0x4a ./ra/mcu-tools/MCUboot/sim/mcuboot-sys/csupport/keys.o
 .comment       0x00000049       0x4a ./ra/mcu-tools/MCUboot/ext/tinycrypt/lib/source/ecc.o
 .comment       0x00000049       0x4a ./ra/mcu-tools/MCUboot/ext/tinycrypt/lib/source/ecc_dsa.o
 .comment       0x00000049       0x4a ./ra/mcu-tools/MCUboot/ext/tinycrypt/lib/source/sha256.o
 .comment       0x00000049       0x4a ./ra/mcu-tools/MCUboot/ext/tinycrypt/lib/source/utils.o
 .comment       0x00000049       0x4a ./ra/mcu-tools/MCUboot/ext/mbedtls-asn1/src/asn1parse.o
 .comment       0x00000049       0x4a ./ra/mcu-tools/MCUboot/ext/mbedtls-asn1/src/platform_util.o
 .comment       0x00000049       0x4a ./ra/mcu-tools/MCUboot/boot/bootutil/src/bootutil_misc.o
 .comment       0x00000049       0x4a ./ra/mcu-tools/MCUboot/boot/bootutil/src/bootutil_public.o
 .comment       0x00000049       0x4a ./ra/mcu-tools/MCUboot/boot/bootutil/src/fault_injection_hardening.o
 .comment       0x00000049       0x4a ./ra/mcu-tools/MCUboot/boot/bootutil/src/image_ec256.o
 .comment       0x00000049       0x4a ./ra/mcu-tools/MCUboot/boot/bootutil/src/image_validate.o
 .comment       0x00000049       0x4a ./ra/mcu-tools/MCUboot/boot/bootutil/src/loader.o
 .comment       0x00000049       0x4a ./ra/mcu-tools/MCUboot/boot/bootutil/src/swap_scratch.o
 .comment       0x00000049       0x4a ./ra/mcu-tools/MCUboot/boot/bootutil/src/tlv.o
 .comment       0x00000049       0x4a ./ra/fsp/src/rm_mcuboot_port/flash_map.o
 .comment       0x00000049       0x4a ./ra/fsp/src/rm_mcuboot_port/rm_mcuboot_port.o
 .comment       0x00000049       0x4a ./ra/fsp/src/r_ioport/r_ioport.o
 .comment       0x00000049       0x4a ./ra/fsp/src/r_flash_lp/r_flash_lp.o
 .comment       0x00000049       0x4a ./ra/fsp/src/bsp/mcu/all/bsp_clocks.o
 .comment       0x00000049       0x4a ./ra/fsp/src/bsp/mcu/all/bsp_common.o
 .comment       0x00000049       0x4a ./ra/fsp/src/bsp/mcu/all/bsp_group_irq.o
 .comment       0x00000049       0x4a ./ra/fsp/src/bsp/mcu/all/bsp_io.o
 .comment       0x00000049       0x4a ./ra/fsp/src/bsp/mcu/all/bsp_irq.o
 .comment       0x00000049       0x4a ./ra/fsp/src/bsp/mcu/all/bsp_register_protection.o
 .comment       0x00000049       0x4a ./ra/fsp/src/bsp/mcu/all/bsp_rom_registers.o
 .comment       0x00000049       0x4a ./ra/fsp/src/bsp/cmsis/Device/RENESAS/Source/startup.o
 .comment       0x00000049       0x4a ./ra/fsp/src/bsp/cmsis/Device/RENESAS/Source/system.o

.debug_info     0x00000000    0x2c499
 .debug_info    0x00000000      0xc05 ./src/hal_entry.o
 .debug_info    0x00000c05     0x1389 ./ra_gen/common_data.o
 .debug_info    0x00001f8e     0x10b0 ./ra_gen/hal_data.o
 .debug_info    0x0000303e      0x22b ./ra_gen/main.o
 .debug_info    0x00003269      0xa07 ./ra_gen/pin_data.o
 .debug_info    0x00003c70      0x166 ./ra/mcu-tools/MCUboot/sim/mcuboot-sys/csupport/keys.o
 .debug_info    0x00003dd6     0x3503 ./ra/mcu-tools/MCUboot/ext/tinycrypt/lib/source/ecc.o
 .debug_info    0x000072d9     0x11c6 ./ra/mcu-tools/MCUboot/ext/tinycrypt/lib/source/ecc_dsa.o
 .debug_info    0x0000849f      0x7ed ./ra/mcu-tools/MCUboot/ext/tinycrypt/lib/source/sha256.o
 .debug_info    0x00008c8c      0x27b ./ra/mcu-tools/MCUboot/ext/tinycrypt/lib/source/utils.o
 .debug_info    0x00008f07      0xd2a ./ra/mcu-tools/MCUboot/ext/mbedtls-asn1/src/asn1parse.o
 .debug_info    0x00009c31      0x110 ./ra/mcu-tools/MCUboot/ext/mbedtls-asn1/src/platform_util.o
 .debug_info    0x00009d41      0x99c ./ra/mcu-tools/MCUboot/boot/bootutil/src/bootutil_misc.o
 .debug_info    0x0000a6dd     0x14a4 ./ra/mcu-tools/MCUboot/boot/bootutil/src/bootutil_public.o
 .debug_info    0x0000bb81       0xab ./ra/mcu-tools/MCUboot/boot/bootutil/src/fault_injection_hardening.o
 .debug_info    0x0000bc2c      0x8b6 ./ra/mcu-tools/MCUboot/boot/bootutil/src/image_ec256.o
 .debug_info    0x0000c4e2      0xcdd ./ra/mcu-tools/MCUboot/boot/bootutil/src/image_validate.o
 .debug_info    0x0000d1bf     0x24fa ./ra/mcu-tools/MCUboot/boot/bootutil/src/loader.o
 .debug_info    0x0000f6b9      0xbae ./ra/mcu-tools/MCUboot/boot/bootutil/src/swap_scratch.o
 .debug_info    0x00010267      0x438 ./ra/mcu-tools/MCUboot/boot/bootutil/src/tlv.o
 .debug_info    0x0001069f     0x1258 ./ra/fsp/src/rm_mcuboot_port/flash_map.o
 .debug_info    0x000118f7      0x554 ./ra/fsp/src/rm_mcuboot_port/rm_mcuboot_port.o
 .debug_info    0x00011e4b     0x2e50 ./ra/fsp/src/r_ioport/r_ioport.o
 .debug_info    0x00014c9b     0x83b7 ./ra/fsp/src/r_flash_lp/r_flash_lp.o
 .debug_info    0x0001d052     0x62bf ./ra/fsp/src/bsp/mcu/all/bsp_clocks.o
 .debug_info    0x00023311      0x916 ./ra/fsp/src/bsp/mcu/all/bsp_common.o
 .debug_info    0x00023c27     0x13dc ./ra/fsp/src/bsp/mcu/all/bsp_group_irq.o
 .debug_info    0x00025003       0xa3 ./ra/fsp/src/bsp/mcu/all/bsp_io.o
 .debug_info    0x000250a6     0x1001 ./ra/fsp/src/bsp/mcu/all/bsp_irq.o
 .debug_info    0x000260a7     0x3eb7 ./ra/fsp/src/bsp/mcu/all/bsp_register_protection.o
 .debug_info    0x00029f5e       0xd6 ./ra/fsp/src/bsp/mcu/all/bsp_rom_registers.o
 .debug_info    0x0002a034      0x141 ./ra/fsp/src/bsp/cmsis/Device/RENESAS/Source/startup.o
 .debug_info    0x0002a175     0x2324 ./ra/fsp/src/bsp/cmsis/Device/RENESAS/Source/system.o

.debug_abbrev   0x00000000     0x4a3a
 .debug_abbrev  0x00000000      0x1c6 ./src/hal_entry.o
 .debug_abbrev  0x000001c6      0x17a ./ra_gen/common_data.o
 .debug_abbrev  0x00000340      0x1aa ./ra_gen/hal_data.o
 .debug_abbrev  0x000004ea       0xe9 ./ra_gen/main.o
 .debug_abbrev  0x000005d3       0xdc ./ra_gen/pin_data.o
 .debug_abbrev  0x000006af       0xc4 ./ra/mcu-tools/MCUboot/sim/mcuboot-sys/csupport/keys.o
 .debug_abbrev  0x00000773      0x4df ./ra/mcu-tools/MCUboot/ext/tinycrypt/lib/source/ecc.o
 .debug_abbrev  0x00000c52      0x256 ./ra/mcu-tools/MCUboot/ext/tinycrypt/lib/source/ecc_dsa.o
 .debug_abbrev  0x00000ea8      0x201 ./ra/mcu-tools/MCUboot/ext/tinycrypt/lib/source/sha256.o
 .debug_abbrev  0x000010a9      0x13e ./ra/mcu-tools/MCUboot/ext/tinycrypt/lib/source/utils.o
 .debug_abbrev  0x000011e7      0x2ed ./ra/mcu-tools/MCUboot/ext/mbedtls-asn1/src/asn1parse.o
 .debug_abbrev  0x000014d4       0xbd ./ra/mcu-tools/MCUboot/ext/mbedtls-asn1/src/platform_util.o
 .debug_abbrev  0x00001591      0x328 ./ra/mcu-tools/MCUboot/boot/bootutil/src/bootutil_misc.o
 .debug_abbrev  0x000018b9      0x3b8 ./ra/mcu-tools/MCUboot/boot/bootutil/src/bootutil_public.o
 .debug_abbrev  0x00001c71       0x57 ./ra/mcu-tools/MCUboot/boot/bootutil/src/fault_injection_hardening.o
 .debug_abbrev  0x00001cc8      0x273 ./ra/mcu-tools/MCUboot/boot/bootutil/src/image_ec256.o
 .debug_abbrev  0x00001f3b      0x2e6 ./ra/mcu-tools/MCUboot/boot/bootutil/src/image_validate.o
 .debug_abbrev  0x00002221      0x4d4 ./ra/mcu-tools/MCUboot/boot/bootutil/src/loader.o
 .debug_abbrev  0x000026f5      0x311 ./ra/mcu-tools/MCUboot/boot/bootutil/src/swap_scratch.o
 .debug_abbrev  0x00002a06      0x143 ./ra/mcu-tools/MCUboot/boot/bootutil/src/tlv.o
 .debug_abbrev  0x00002b49      0x3a7 ./ra/fsp/src/rm_mcuboot_port/flash_map.o
 .debug_abbrev  0x00002ef0      0x1cc ./ra/fsp/src/rm_mcuboot_port/rm_mcuboot_port.o
 .debug_abbrev  0x000030bc      0x3c4 ./ra/fsp/src/r_ioport/r_ioport.o
 .debug_abbrev  0x00003480      0x5ae ./ra/fsp/src/r_flash_lp/r_flash_lp.o
 .debug_abbrev  0x00003a2e      0x37a ./ra/fsp/src/bsp/mcu/all/bsp_clocks.o
 .debug_abbrev  0x00003da8      0x172 ./ra/fsp/src/bsp/mcu/all/bsp_common.o
 .debug_abbrev  0x00003f1a      0x256 ./ra/fsp/src/bsp/mcu/all/bsp_group_irq.o
 .debug_abbrev  0x00004170       0x5e ./ra/fsp/src/bsp/mcu/all/bsp_io.o
 .debug_abbrev  0x000041ce      0x1a6 ./ra/fsp/src/bsp/mcu/all/bsp_irq.o
 .debug_abbrev  0x00004374      0x252 ./ra/fsp/src/bsp/mcu/all/bsp_register_protection.o
 .debug_abbrev  0x000045c6       0x5f ./ra/fsp/src/bsp/mcu/all/bsp_rom_registers.o
 .debug_abbrev  0x00004625       0xe6 ./ra/fsp/src/bsp/cmsis/Device/RENESAS/Source/startup.o
 .debug_abbrev  0x0000470b      0x32f ./ra/fsp/src/bsp/cmsis/Device/RENESAS/Source/system.o

.debug_aranges  0x00000000      0xa00
 .debug_aranges
                0x00000000       0x30 ./src/hal_entry.o
 .debug_aranges
                0x00000030       0x20 ./ra_gen/common_data.o
 .debug_aranges
                0x00000050       0x20 ./ra_gen/hal_data.o
 .debug_aranges
                0x00000070       0x20 ./ra_gen/main.o
 .debug_aranges
                0x00000090       0x18 ./ra_gen/pin_data.o
 .debug_aranges
                0x000000a8       0x18 ./ra/mcu-tools/MCUboot/sim/mcuboot-sys/csupport/keys.o
 .debug_aranges
                0x000000c0      0x168 ./ra/mcu-tools/MCUboot/ext/tinycrypt/lib/source/ecc.o
 .debug_aranges
                0x00000228       0x38 ./ra/mcu-tools/MCUboot/ext/tinycrypt/lib/source/ecc_dsa.o
 .debug_aranges
                0x00000260       0x38 ./ra/mcu-tools/MCUboot/ext/tinycrypt/lib/source/sha256.o
 .debug_aranges
                0x00000298       0x38 ./ra/mcu-tools/MCUboot/ext/tinycrypt/lib/source/utils.o
 .debug_aranges
                0x000002d0       0xa0 ./ra/mcu-tools/MCUboot/ext/mbedtls-asn1/src/asn1parse.o
 .debug_aranges
                0x00000370       0x20 ./ra/mcu-tools/MCUboot/ext/mbedtls-asn1/src/platform_util.o
 .debug_aranges
                0x00000390       0x58 ./ra/mcu-tools/MCUboot/boot/bootutil/src/bootutil_misc.o
 .debug_aranges
                0x000003e8       0xb0 ./ra/mcu-tools/MCUboot/boot/bootutil/src/bootutil_public.o
 .debug_aranges
                0x00000498       0x18 ./ra/mcu-tools/MCUboot/boot/bootutil/src/fault_injection_hardening.o
 .debug_aranges
                0x000004b0       0x28 ./ra/mcu-tools/MCUboot/boot/bootutil/src/image_ec256.o
 .debug_aranges
                0x000004d8       0x20 ./ra/mcu-tools/MCUboot/boot/bootutil/src/image_validate.o
 .debug_aranges
                0x000004f8       0x80 ./ra/mcu-tools/MCUboot/boot/bootutil/src/loader.o
 .debug_aranges
                0x00000578       0x40 ./ra/mcu-tools/MCUboot/boot/bootutil/src/swap_scratch.o
 .debug_aranges
                0x000005b8       0x28 ./ra/mcu-tools/MCUboot/boot/bootutil/src/tlv.o
 .debug_aranges
                0x000005e0       0x88 ./ra/fsp/src/rm_mcuboot_port/flash_map.o
 .debug_aranges
                0x00000668       0x28 ./ra/fsp/src/rm_mcuboot_port/rm_mcuboot_port.o
 .debug_aranges
                0x00000690       0xa0 ./ra/fsp/src/r_ioport/r_ioport.o
 .debug_aranges
                0x00000730      0x150 ./ra/fsp/src/r_flash_lp/r_flash_lp.o
 .debug_aranges
                0x00000880       0x60 ./ra/fsp/src/bsp/mcu/all/bsp_clocks.o
 .debug_aranges
                0x000008e0       0x30 ./ra/fsp/src/bsp/mcu/all/bsp_common.o
 .debug_aranges
                0x00000910       0x28 ./ra/fsp/src/bsp/mcu/all/bsp_group_irq.o
 .debug_aranges
                0x00000938       0x18 ./ra/fsp/src/bsp/mcu/all/bsp_io.o
 .debug_aranges
                0x00000950       0x20 ./ra/fsp/src/bsp/mcu/all/bsp_irq.o
 .debug_aranges
                0x00000970       0x28 ./ra/fsp/src/bsp/mcu/all/bsp_register_protection.o
 .debug_aranges
                0x00000998       0x18 ./ra/fsp/src/bsp/mcu/all/bsp_rom_registers.o
 .debug_aranges
                0x000009b0       0x28 ./ra/fsp/src/bsp/cmsis/Device/RENESAS/Source/startup.o
 .debug_aranges
                0x000009d8       0x28 ./ra/fsp/src/bsp/cmsis/Device/RENESAS/Source/system.o

.debug_ranges   0x00000000     0x1760
 .debug_ranges  0x00000000       0x20 ./src/hal_entry.o
 .debug_ranges  0x00000020       0x10 ./ra_gen/common_data.o
 .debug_ranges  0x00000030       0x10 ./ra_gen/hal_data.o
 .debug_ranges  0x00000040       0x10 ./ra_gen/main.o
 .debug_ranges  0x00000050      0x2a0 ./ra/mcu-tools/MCUboot/ext/tinycrypt/lib/source/ecc.o
 .debug_ranges  0x000002f0       0x88 ./ra/mcu-tools/MCUboot/ext/tinycrypt/lib/source/ecc_dsa.o
 .debug_ranges  0x00000378      0x1f0 ./ra/mcu-tools/MCUboot/ext/tinycrypt/lib/source/sha256.o
 .debug_ranges  0x00000568       0x50 ./ra/mcu-tools/MCUboot/ext/tinycrypt/lib/source/utils.o
 .debug_ranges  0x000005b8       0xa8 ./ra/mcu-tools/MCUboot/ext/mbedtls-asn1/src/asn1parse.o
 .debug_ranges  0x00000660       0x10 ./ra/mcu-tools/MCUboot/ext/mbedtls-asn1/src/platform_util.o
 .debug_ranges  0x00000670      0x1a8 ./ra/mcu-tools/MCUboot/boot/bootutil/src/bootutil_misc.o
 .debug_ranges  0x00000818      0x220 ./ra/mcu-tools/MCUboot/boot/bootutil/src/bootutil_public.o
 .debug_ranges  0x00000a38       0x70 ./ra/mcu-tools/MCUboot/boot/bootutil/src/image_ec256.o
 .debug_ranges  0x00000aa8       0x90 ./ra/mcu-tools/MCUboot/boot/bootutil/src/image_validate.o
 .debug_ranges  0x00000b38      0x448 ./ra/mcu-tools/MCUboot/boot/bootutil/src/loader.o
 .debug_ranges  0x00000f80       0xd0 ./ra/mcu-tools/MCUboot/boot/bootutil/src/swap_scratch.o
 .debug_ranges  0x00001050       0x18 ./ra/mcu-tools/MCUboot/boot/bootutil/src/tlv.o
 .debug_ranges  0x00001068      0x190 ./ra/fsp/src/rm_mcuboot_port/flash_map.o
 .debug_ranges  0x000011f8       0x18 ./ra/fsp/src/rm_mcuboot_port/rm_mcuboot_port.o
 .debug_ranges  0x00001210       0xc8 ./ra/fsp/src/r_ioport/r_ioport.o
 .debug_ranges  0x000012d8      0x318 ./ra/fsp/src/r_flash_lp/r_flash_lp.o
 .debug_ranges  0x000015f0       0x80 ./ra/fsp/src/bsp/mcu/all/bsp_clocks.o
 .debug_ranges  0x00001670       0x20 ./ra/fsp/src/bsp/mcu/all/bsp_common.o
 .debug_ranges  0x00001690       0x30 ./ra/fsp/src/bsp/mcu/all/bsp_group_irq.o
 .debug_ranges  0x000016c0       0x10 ./ra/fsp/src/bsp/mcu/all/bsp_irq.o
 .debug_ranges  0x000016d0       0x48 ./ra/fsp/src/bsp/mcu/all/bsp_register_protection.o
 .debug_ranges  0x00001718       0x18 ./ra/fsp/src/bsp/cmsis/Device/RENESAS/Source/startup.o
 .debug_ranges  0x00001730       0x30 ./ra/fsp/src/bsp/cmsis/Device/RENESAS/Source/system.o

.debug_line     0x00000000     0xc9d8
 .debug_line    0x00000000      0x479 ./src/hal_entry.o
 .debug_line    0x00000479      0x2fc ./ra_gen/common_data.o
 .debug_line    0x00000775      0x2db ./ra_gen/hal_data.o
 .debug_line    0x00000a50      0x1d6 ./ra_gen/main.o
 .debug_line    0x00000c26      0x1d2 ./ra_gen/pin_data.o
 .debug_line    0x00000df8      0x1d0 ./ra/mcu-tools/MCUboot/sim/mcuboot-sys/csupport/keys.o
 .debug_line    0x00000fc8     0x18b5 ./ra/mcu-tools/MCUboot/ext/tinycrypt/lib/source/ecc.o
 .debug_line    0x0000287d      0x650 ./ra/mcu-tools/MCUboot/ext/tinycrypt/lib/source/ecc_dsa.o
 .debug_line    0x00002ecd      0x99b ./ra/mcu-tools/MCUboot/ext/tinycrypt/lib/source/sha256.o
 .debug_line    0x00003868      0x36d ./ra/mcu-tools/MCUboot/ext/tinycrypt/lib/source/utils.o
 .debug_line    0x00003bd5      0x8b4 ./ra/mcu-tools/MCUboot/ext/mbedtls-asn1/src/asn1parse.o
 .debug_line    0x00004489      0x113 ./ra/mcu-tools/MCUboot/ext/mbedtls-asn1/src/platform_util.o
 .debug_line    0x0000459c      0x6dc ./ra/mcu-tools/MCUboot/boot/bootutil/src/bootutil_misc.o
 .debug_line    0x00004c78      0xbe4 ./ra/mcu-tools/MCUboot/boot/bootutil/src/bootutil_public.o
 .debug_line    0x0000585c       0xdc ./ra/mcu-tools/MCUboot/boot/bootutil/src/fault_injection_hardening.o
 .debug_line    0x00005938      0x612 ./ra/mcu-tools/MCUboot/boot/bootutil/src/image_ec256.o
 .debug_line    0x00005f4a      0x78f ./ra/mcu-tools/MCUboot/boot/bootutil/src/image_validate.o
 .debug_line    0x000066d9     0x11a6 ./ra/mcu-tools/MCUboot/boot/bootutil/src/loader.o
 .debug_line    0x0000787f      0x757 ./ra/mcu-tools/MCUboot/boot/bootutil/src/swap_scratch.o
 .debug_line    0x00007fd6      0x3e5 ./ra/mcu-tools/MCUboot/boot/bootutil/src/tlv.o
 .debug_line    0x000083bb      0x868 ./ra/fsp/src/rm_mcuboot_port/flash_map.o
 .debug_line    0x00008c23      0x374 ./ra/fsp/src/rm_mcuboot_port/rm_mcuboot_port.o
 .debug_line    0x00008f97      0x8ca ./ra/fsp/src/r_ioport/r_ioport.o
 .debug_line    0x00009861     0x1545 ./ra/fsp/src/r_flash_lp/r_flash_lp.o
 .debug_line    0x0000ada6      0x5e7 ./ra/fsp/src/bsp/mcu/all/bsp_clocks.o
 .debug_line    0x0000b38d      0x2c9 ./ra/fsp/src/bsp/mcu/all/bsp_common.o
 .debug_line    0x0000b656      0x2f3 ./ra/fsp/src/bsp/mcu/all/bsp_group_irq.o
 .debug_line    0x0000b949      0x19c ./ra/fsp/src/bsp/mcu/all/bsp_io.o
 .debug_line    0x0000bae5      0x2c1 ./ra/fsp/src/bsp/mcu/all/bsp_irq.o
 .debug_line    0x0000bda6      0x3a4 ./ra/fsp/src/bsp/mcu/all/bsp_register_protection.o
 .debug_line    0x0000c14a      0x161 ./ra/fsp/src/bsp/mcu/all/bsp_rom_registers.o
 .debug_line    0x0000c2ab      0x20d ./ra/fsp/src/bsp/cmsis/Device/RENESAS/Source/startup.o
 .debug_line    0x0000c4b8      0x520 ./ra/fsp/src/bsp/cmsis/Device/RENESAS/Source/system.o

.debug_str      0x00000000     0xaf88
 .debug_str     0x00000000     0x1901 ./src/hal_entry.o
                               0x19b3 (size before relaxing)
 .debug_str     0x00001901     0x1b10 ./ra_gen/common_data.o
                               0x32e0 (size before relaxing)
 .debug_str     0x00003411      0x7f1 ./ra_gen/hal_data.o
                               0x231d (size before relaxing)
 .debug_str     0x00003c02       0x16 ./ra_gen/main.o
                                0x244 (size before relaxing)
 .debug_str     0x00003c18      0x648 ./ra_gen/pin_data.o
                               0x1d19 (size before relaxing)
 .debug_str     0x00004260       0x82 ./ra/mcu-tools/MCUboot/sim/mcuboot-sys/csupport/keys.o
                                0x205 (size before relaxing)
 .debug_str     0x000042e2      0x487 ./ra/mcu-tools/MCUboot/ext/tinycrypt/lib/source/ecc.o
                                0x728 (size before relaxing)
 .debug_str     0x00004769       0xac ./ra/mcu-tools/MCUboot/ext/tinycrypt/lib/source/ecc_dsa.o
                                0x4cf (size before relaxing)
 .debug_str     0x00004815       0xed ./ra/mcu-tools/MCUboot/ext/tinycrypt/lib/source/sha256.o
                                0x290 (size before relaxing)
 .debug_str     0x00004902       0x87 ./ra/mcu-tools/MCUboot/ext/tinycrypt/lib/source/utils.o
                                0x230 (size before relaxing)
 .debug_str     0x00004989      0x2ea ./ra/mcu-tools/MCUboot/ext/mbedtls-asn1/src/asn1parse.o
                                0x48f (size before relaxing)
 .debug_str     0x00004c73       0x49 ./ra/mcu-tools/MCUboot/ext/mbedtls-asn1/src/platform_util.o
                                0x1da (size before relaxing)
 .debug_str     0x00004cbc      0x2aa ./ra/mcu-tools/MCUboot/boot/bootutil/src/bootutil_misc.o
                                0x4a7 (size before relaxing)
 .debug_str     0x00004f66      0x2bd ./ra/mcu-tools/MCUboot/boot/bootutil/src/bootutil_public.o
                                0x6af (size before relaxing)
 .debug_str     0x00005223       0x5e ./ra/mcu-tools/MCUboot/boot/bootutil/src/fault_injection_hardening.o
                                0x1d7 (size before relaxing)
 .debug_str     0x00005281      0x14a ./ra/mcu-tools/MCUboot/boot/bootutil/src/image_ec256.o
                                0x47c (size before relaxing)
 .debug_str     0x000053cb      0x231 ./ra/mcu-tools/MCUboot/boot/bootutil/src/image_validate.o
                                0x60b (size before relaxing)
 .debug_str     0x000055fc      0x56d ./ra/mcu-tools/MCUboot/boot/bootutil/src/loader.o
                                0xa3b (size before relaxing)
 .debug_str     0x00005b69      0x177 ./ra/mcu-tools/MCUboot/boot/bootutil/src/swap_scratch.o
                                0x68e (size before relaxing)
 .debug_str     0x00005ce0       0x71 ./ra/mcu-tools/MCUboot/boot/bootutil/src/tlv.o
                                0x369 (size before relaxing)
 .debug_str     0x00005d51      0x1a8 ./ra/fsp/src/rm_mcuboot_port/flash_map.o
                               0x1fe4 (size before relaxing)
 .debug_str     0x00005ef9       0xeb ./ra/fsp/src/rm_mcuboot_port/rm_mcuboot_port.o
                                0x3ad (size before relaxing)
 .debug_str     0x00005fe4      0x7ab ./ra/fsp/src/r_ioport/r_ioport.o
                               0x3a4e (size before relaxing)
 .debug_str     0x0000678f     0x2645 ./ra/fsp/src/r_flash_lp/r_flash_lp.o
                               0x49aa (size before relaxing)
 .debug_str     0x00008dd4      0x7b6 ./ra/fsp/src/bsp/mcu/all/bsp_clocks.o
                               0x2510 (size before relaxing)
 .debug_str     0x0000958a       0xf8 ./ra/fsp/src/bsp/mcu/all/bsp_common.o
                               0x1b47 (size before relaxing)
 .debug_str     0x00009682      0x1de ./ra/fsp/src/bsp/mcu/all/bsp_group_irq.o
                               0x2052 (size before relaxing)
 .debug_str     0x00009860       0x23 ./ra/fsp/src/bsp/mcu/all/bsp_io.o
                                0x1c0 (size before relaxing)
 .debug_str     0x00009883      0xfe7 ./ra/fsp/src/bsp/mcu/all/bsp_irq.o
                               0x15d8 (size before relaxing)
 .debug_str     0x0000a86a      0x12b ./ra/fsp/src/bsp/mcu/all/bsp_register_protection.o
                               0x1a77 (size before relaxing)
 .debug_str     0x0000a995       0x51 ./ra/fsp/src/bsp/mcu/all/bsp_rom_registers.o
                                0x1d6 (size before relaxing)
 .debug_str     0x0000a9e6       0x82 ./ra/fsp/src/bsp/cmsis/Device/RENESAS/Source/startup.o
                                0x20a (size before relaxing)
 .debug_str     0x0000aa68      0x520 ./ra/fsp/src/bsp/cmsis/Device/RENESAS/Source/system.o
                                0xf72 (size before relaxing)

.debug_frame    0x00000000     0x18bc
 .debug_frame   0x00000000       0x58 ./src/hal_entry.o
 .debug_frame   0x00000058       0x20 ./ra_gen/common_data.o
 .debug_frame   0x00000078       0x28 ./ra_gen/hal_data.o
 .debug_frame   0x000000a0       0x28 ./ra_gen/main.o
 .debug_frame   0x000000c8      0x4ac ./ra/mcu-tools/MCUboot/ext/tinycrypt/lib/source/ecc.o
 .debug_frame   0x00000574       0xa0 ./ra/mcu-tools/MCUboot/ext/tinycrypt/lib/source/ecc_dsa.o
 .debug_frame   0x00000614       0x94 ./ra/mcu-tools/MCUboot/ext/tinycrypt/lib/source/sha256.o
 .debug_frame   0x000006a8       0x70 ./ra/mcu-tools/MCUboot/ext/tinycrypt/lib/source/utils.o
 .debug_frame   0x00000718      0x204 ./ra/mcu-tools/MCUboot/ext/mbedtls-asn1/src/asn1parse.o
 .debug_frame   0x0000091c       0x28 ./ra/mcu-tools/MCUboot/ext/mbedtls-asn1/src/platform_util.o