Archive member included to satisfy reference by file (symbol)

c:/renesas/ra/e2studio_v2023-04_fsp_v4.5.0/toolchains/gcc_arm/gcc-arm-none-eabi-10.3-2021.10/bin/../lib/gcc/arm-none-eabi/10.3.1/../../../../arm-none-eabi/lib/thumb/v8-m.base/nofp\libstdc++_nano.a(class_type_info.o)
                              ./src/Task/CommandReceiver.o (vtable for __cxxabiv1::__class_type_info)
c:/renesas/ra/e2studio_v2023-04_fsp_v4.5.0/toolchains/gcc_arm/gcc-arm-none-eabi-10.3-2021.10/bin/../lib/gcc/arm-none-eabi/10.3.1/../../../../arm-none-eabi/lib/thumb/v8-m.base/nofp\libstdc++_nano.a(del_op.o)
                              ./src/Task/CommandReceiver.o (operator delete(void*))
c:/renesas/ra/e2studio_v2023-04_fsp_v4.5.0/toolchains/gcc_arm/gcc-arm-none-eabi-10.3-2021.10/bin/../lib/gcc/arm-none-eabi/10.3.1/../../../../arm-none-eabi/lib/thumb/v8-m.base/nofp\libstdc++_nano.a(del_ops.o)
                              c:/renesas/ra/e2studio_v2023-04_fsp_v4.5.0/toolchains/gcc_arm/gcc-arm-none-eabi-10.3-2021.10/bin/../lib/gcc/arm-none-eabi/10.3.1/../../../../arm-none-eabi/lib/thumb/v8-m.base/nofp\libstdc++_nano.a(class_type_info.o) (operator delete(void*, unsigned int))
c:/renesas/ra/e2studio_v2023-04_fsp_v4.5.0/toolchains/gcc_arm/gcc-arm-none-eabi-10.3-2021.10/bin/../lib/gcc/arm-none-eabi/10.3.1/../../../../arm-none-eabi/lib/thumb/v8-m.base/nofp\libstdc++_nano.a(eh_arm.o)
                              ./src/StateTransition/BaseTask.o (__cxa_end_cleanup)
c:/renesas/ra/e2studio_v2023-04_fsp_v4.5.0/toolchains/gcc_arm/gcc-arm-none-eabi-10.3-2021.10/bin/../lib/gcc/arm-none-eabi/10.3.1/../../../../arm-none-eabi/lib/thumb/v8-m.base/nofp\libstdc++_nano.a(eh_aux_runtime.o)
                              ./src/StateTransition/BaseTask.o (__cxa_throw_bad_array_new_length)
c:/renesas/ra/e2studio_v2023-04_fsp_v4.5.0/toolchains/gcc_arm/gcc-arm-none-eabi-10.3-2021.10/bin/../lib/gcc/arm-none-eabi/10.3.1/../../../../arm-none-eabi/lib/thumb/v8-m.base/nofp\libstdc++_nano.a(eh_exception.o)
                              c:/renesas/ra/e2studio_v2023-04_fsp_v4.5.0/toolchains/gcc_arm/gcc-arm-none-eabi-10.3-2021.10/bin/../lib/gcc/arm-none-eabi/10.3.1/../../../../arm-none-eabi/lib/thumb/v8-m.base/nofp\libstdc++_nano.a(eh_arm.o) (typeinfo for __cxxabiv1::__forced_unwind)
c:/renesas/ra/e2studio_v2023-04_fsp_v4.5.0/toolchains/gcc_arm/gcc-arm-none-eabi-10.3-2021.10/bin/../lib/gcc/arm-none-eabi/10.3.1/../../../../arm-none-eabi/lib/thumb/v8-m.base/nofp\libstdc++_nano.a(eh_globals.o)
                              c:/renesas/ra/e2studio_v2023-04_fsp_v4.5.0/toolchains/gcc_arm/gcc-arm-none-eabi-10.3-2021.10/bin/../lib/gcc/arm-none-eabi/10.3.1/../../../../arm-none-eabi/lib/thumb/v8-m.base/nofp\libstdc++_nano.a(eh_arm.o) (__cxa_get_globals)
c:/renesas/ra/e2studio_v2023-04_fsp_v4.5.0/toolchains/gcc_arm/gcc-arm-none-eabi-10.3-2021.10/bin/../lib/gcc/arm-none-eabi/10.3.1/../../../../arm-none-eabi/lib/thumb/v8-m.base/nofp\libstdc++_nano.a(eh_personality.o)
                              ./src/StateTransition/BaseTask.o (__gxx_personality_v0)
c:/renesas/ra/e2studio_v2023-04_fsp_v4.5.0/toolchains/gcc_arm/gcc-arm-none-eabi-10.3-2021.10/bin/../lib/gcc/arm-none-eabi/10.3.1/../../../../arm-none-eabi/lib/thumb/v8-m.base/nofp\libstdc++_nano.a(eh_terminate.o)
                              c:/renesas/ra/e2studio_v2023-04_fsp_v4.5.0/toolchains/gcc_arm/gcc-arm-none-eabi-10.3-2021.10/bin/../lib/gcc/arm-none-eabi/10.3.1/../../../../arm-none-eabi/lib/thumb/v8-m.base/nofp\libstdc++_nano.a(eh_arm.o) (std::terminate())
c:/renesas/ra/e2studio_v2023-04_fsp_v4.5.0/toolchains/gcc_arm/gcc-arm-none-eabi-10.3-2021.10/bin/../lib/gcc/arm-none-eabi/10.3.1/../../../../arm-none-eabi/lib/thumb/v8-m.base/nofp\libstdc++_nano.a(eh_unex_handler.o)
                              c:/renesas/ra/e2studio_v2023-04_fsp_v4.5.0/toolchains/gcc_arm/gcc-arm-none-eabi-10.3-2021.10/bin/../lib/gcc/arm-none-eabi/10.3.1/../../../../arm-none-eabi/lib/thumb/v8-m.base/nofp\libstdc++_nano.a(eh_terminate.o) (__cxxabiv1::__unexpected_handler)
c:/renesas/ra/e2studio_v2023-04_fsp_v4.5.0/toolchains/gcc_arm/gcc-arm-none-eabi-10.3-2021.10/bin/../lib/gcc/arm-none-eabi/10.3.1/../../../../arm-none-eabi/lib/thumb/v8-m.base/nofp\libstdc++_nano.a(new_op.o)
                              ./src/StateTransition/BaseTask.o (operator new(unsigned int))
c:/renesas/ra/e2studio_v2023-04_fsp_v4.5.0/toolchains/gcc_arm/gcc-arm-none-eabi-10.3-2021.10/bin/../lib/gcc/arm-none-eabi/10.3.1/../../../../arm-none-eabi/lib/thumb/v8-m.base/nofp\libstdc++_nano.a(new_opv.o)
                              ./src/Task/DebugCommand.o (operator new[](unsigned int))
c:/renesas/ra/e2studio_v2023-04_fsp_v4.5.0/toolchains/gcc_arm/gcc-arm-none-eabi-10.3-2021.10/bin/../lib/gcc/arm-none-eabi/10.3.1/../../../../arm-none-eabi/lib/thumb/v8-m.base/nofp\libstdc++_nano.a(pure.o)
[...]
Memory Configuration

Name             Origin             Length             Attributes
ITCM             0x00000000         0x00000000         xr
DTCM             0x00000000         0x00000000         xrw
FLASH            0x00003900         0x0001df00         xr
RAM              0x20000000         0x00008000         xrw
DATA_FLASH       0x40100000         0x00002000         xr
QSPI_FLASH       0x60000000         0x00000000         xr
OSPI_DEVICE_0    0x80020000         0x00000000         xr
OSPI_DEVICE_1    0x80030000         0x00000000         xr
OSPI_DEVICE_0_RAM 0x80020000         0x00000000         xrw
OSPI_DEVICE_1_RAM 0x80030000         0x00000000         xrw
SDRAM            0x80010000         0x00000000         xrw
OPTION_SETTING   0x00000000         0x00000000         r
OPTION_SETTING_OFS 0x00000000         0x00000018         r
OPTION_SETTING_SAS 0x00000034         0xffffffcc         r
OPTION_SETTING_S 0x80000000         0x00000000         r
ID_CODE          0x01010018         0x00000020         xr
*default*        0x00000000         0xffffffff

Linker script and memory map

LOAD c:/renesas/ra/e2studio_v2023-04_fsp_v4.5.0/toolchains/gcc_arm/gcc-arm-none-eabi-10.3-2021.10/bin/../lib/gcc/arm-none-eabi/10.3.1/thumb/v8-m.base/nofp/crti.o
LOAD c:/renesas/ra/e2studio_v2023-04_fsp_v4.5.0/toolchains/gcc_arm/gcc-arm-none-eabi-10.3-2021.10/bin/../lib/gcc/arm-none-eabi/10.3.1/thumb/v8-m.base/nofp/crtbegin.o
LOAD c:/renesas/ra/e2studio_v2023-04_fsp_v4.5.0/toolchains/gcc_arm/gcc-arm-none-eabi-10.3-2021.10/bin/../lib/gcc/arm-none-eabi/10.3.1/../../../../arm-none-eabi/lib/thumb/v8-m.base/nofp/rdimon-crt0.o
START GROUP
LOAD ./src/nfc/phOsal/src/NullOs/portable/phOsal_Port_R7FA2L1AB2DFP.o
LOAD ./src/nfc/phOsal/src/NullOs/phOsal_NullOs.o
LOAD ./src/nfc/NxpNfcRdLib/comps/phpalMifare/src/Sw/phpalMifare_Sw.o
LOAD ./src/nfc/NxpNfcRdLib/comps/phpalMifare/src/phpalMifare.o
LOAD ./src/nfc/NxpNfcRdLib/comps/phpalI14443p3a/src/Sw/phpalI14443p3a_Sw.o
LOAD ./src/nfc/NxpNfcRdLib/comps/phpalI14443p3a/src/phpalI14443p3a.o
LOAD ./src/nfc/NxpNfcRdLib/comps/phpalFelica/src/Sw/phpalFelica_Sw.o
LOAD ./src/nfc/NxpNfcRdLib/comps/phpalFelica/src/phpalFelica.o
LOAD ./src/nfc/NxpNfcRdLib/comps/phhalHw/src/Rc663/phhalHw_Rc663.o
LOAD ./src/nfc/NxpNfcRdLib/comps/phhalHw/src/Rc663/phhalHw_Rc663_Cmd.o
LOAD ./src/nfc/NxpNfcRdLib/comps/phhalHw/src/Rc663/phhalHw_Rc663_Int.o
LOAD ./src/nfc/NxpNfcRdLib/comps/phhalHw/src/Rc663/phhalHw_Rc663_Wait.o
LOAD ./src/nfc/NxpNfcRdLib/comps/phhalHw/src/Pn5190/phhalHw_Pn5190.o
LOAD ./src/nfc/NxpNfcRdLib/comps/phhalHw/src/Pn5190/phhalHw_Pn5190_InstMngr.o
LOAD ./src/nfc/NxpNfcRdLib/comps/phhalHw/src/Pn5190/phhalHw_Pn5190_Instr.o
LOAD ./src/nfc/NxpNfcRdLib/comps/phhalHw/src/Pn5190/phhalHw_Pn5190_Int.o
LOAD ./src/nfc/NxpNfcRdLib/comps/phhalHw/src/Pn5190/phhalHw_Pn5190_Wait.o
LOAD ./src/nfc/NxpNfcRdLib/comps/phhalHw/src/Pn5180/phhalHw_Pn5180.o
LOAD ./src/nfc/NxpNfcRdLib/comps/phhalHw/src/Pn5180/phhalHw_Pn5180_Instr.o
LOAD ./src/nfc/NxpNfcRdLib/comps/phhalHw/src/Pn5180/phhalHw_Pn5180_Int.o
LOAD ./src/nfc/NxpNfcRdLib/comps/phhalHw/src/Pn5180/phhalHw_Pn5180_Wait.o
LOAD ./src/nfc/NxpNfcRdLib/comps/phhalHw/src/PN7462AU/phhalHw_PN7462AU.o
LOAD ./src/nfc/NxpNfcRdLib/comps/phhalHw/src/PN7462AU/phhalHw_PN7462AU_Int.o
LOAD ./src/nfc/NxpNfcRdLib/comps/phhalHw/src/phhalHw.o
LOAD ./src/nfc/NxpNfcRdLib/comps/phalMfc/src/Sw/phalMfc_Sw.o
LOAD ./src/nfc/NxpNfcRdLib/comps/phalMfc/src/phalMfc.o
LOAD ./src/nfc/NxpNfcRdLib/comps/phalMfc/src/phalMfc_Int.o
LOAD ./src/nfc/NxpNfcRdLib/comps/phalFelica/src/Sw/phalFelica_Sw.o
LOAD ./src/nfc/NxpNfcRdLib/comps/phalFelica/src/phalFelica.o
LOAD ./src/nfc/NxpNfcRdLib/comps/phacDiscLoop/src/Sw/phacDiscLoop_Sw.o
LOAD ./src/nfc/NxpNfcRdLib/comps/phacDiscLoop/src/Sw/phacDiscLoop_Sw_Int.o
LOAD ./src/nfc/NxpNfcRdLib/comps/phacDiscLoop/src/Sw/phacDiscLoop_Sw_Int_A.o
LOAD ./src/nfc/NxpNfcRdLib/comps/phacDiscLoop/src/Sw/phacDiscLoop_Sw_Int_B.o
LOAD ./src/nfc/NxpNfcRdLib/comps/phacDiscLoop/src/Sw/phacDiscLoop_Sw_Int_ECP.o
LOAD ./src/nfc/NxpNfcRdLib/comps/phacDiscLoop/src/Sw/phacDiscLoop_Sw_Int_F.o
LOAD ./src/nfc/NxpNfcRdLib/comps/phacDiscLoop/src/Sw/phacDiscLoop_Sw_Int_I18000p3m3.o
LOAD ./src/nfc/NxpNfcRdLib/comps/phacDiscLoop/src/Sw/phacDiscLoop_Sw_Int_V.o
LOAD ./src/nfc/NxpNfcRdLib/comps/phacDiscLoop/src/phacDiscLoop.o
LOAD ./src/nfc/NxpNfcRdLib/comps/phTools/src/phTools.o
LOAD ./src/nfc/NxpNfcRdLib/comps/phTools/src/phTools_Q.o
LOAD ./src/nfc/NxpNfcRdLib/comps/phTMIUtils/src/phTMIUtils.o
LOAD ./src/nfc/NxpNfcRdLib/comps/phNfcLib/src/phNfcLib.o
LOAD ./src/nfc/NxpNfcRdLib/comps/phNfcLib/src/phNfcLib_15693.o
LOAD ./src/nfc/NxpNfcRdLib/comps/phNfcLib/src/phNfcLib_18000p3m3.o
LOAD ./src/nfc/NxpNfcRdLib/comps/phNfcLib/src/phNfcLib_Initialization.o
LOAD ./src/nfc/NxpNfcRdLib/comps/phNfcLib/src/phNfcLib_MFC.o
LOAD ./src/nfc/NxpNfcRdLib/comps/phNfcLib/src/phNfcLib_MFDF.o
LOAD ./src/nfc/NxpNfcRdLib/comps/phNfcLib/src/phNfcLib_MFUL.o
LOAD ./src/nfc/NxpNfcRdLib/comps/phNfcLib/src/phNfcLib_Utility.o
LOAD ./src/nfc/NxpNfcRdLib/comps/phKeyStore/src/Sw/phKeyStore_Sw.o
LOAD ./src/nfc/NxpNfcRdLib/comps/phKeyStore/src/Rc663/phKeyStore_Rc663.o
LOAD ./src/nfc/NxpNfcRdLib/comps/phKeyStore/src/phKeyStore.o
LOAD ./src/nfc/NxpNfcRdLib/comps/phCryptoSym/src/Sw/phCryptoSym_Lrp.o
LOAD ./src/nfc/NxpNfcRdLib/comps/phCryptoSym/src/Sw/phCryptoSym_Sw.o
LOAD ./src/nfc/NxpNfcRdLib/comps/phCryptoSym/src/Sw/phCryptoSym_Sw_Aes.o
LOAD ./src/nfc/NxpNfcRdLib/comps/phCryptoSym/src/Sw/phCryptoSym_Sw_Des.o
LOAD ./src/nfc/NxpNfcRdLib/comps/phCryptoSym/src/Sw/phCryptoSym_Sw_Int.o
LOAD ./src/nfc/NxpNfcRdLib/comps/phCryptoSym/src/phCryptoSym.o
LOAD ./src/nfc/NxpNfcRdLib/comps/phCryptoRng/src/Sw/phCryptoRng_Sw.o
LOAD ./src/nfc/NxpNfcRdLib/comps/phCryptoRng/src/phCryptoRng.o
LOAD ./src/nfc/DAL/src/R7FA2L1AB2DFP/phDriver_R7FA2L1AB2DFPOpen.o
LOAD ./src/nfc/DAL/src/R7FA2L1AB2DFP/phbalReg_R7FA2L1AB2DFPOpenSpi.o
LOAD ./src/nfc/nfc_ctrl.o
LOAD ./src/nfc/phApp_Helper.o
LOAD ./src/nfc/phApp_Init.o
LOAD ./src/nfc/phApp_PN5190_Init.o
LOAD ./src/Task/CommandReceiver.o
LOAD ./src/Task/DataManager.o
LOAD ./src/Task/DebugCommand.o
LOAD ./src/Task/EventSender.o
LOAD ./src/Task/FwUpdater.o
LOAD ./src/Task/NfcReader.o
LOAD ./src/Task/OutputController.o
LOAD ./src/StateTransition/BaseTask.o
LOAD ./src/StateTransition/EventControl.o
LOAD ./src/StateTransition/State.o
LOAD ./src/StateTransition/TaskControl.o
LOAD ./src/StateTransition/common.o
LOAD ./src/Device/ADC.o
LOAD ./src/Device/AGT.o
LOAD ./src/Device/IOPort.o
LOAD ./src/Device/PWM.o
LOAD ./src/Device/UART.o
LOAD ./src/Device/WDT.o
LOAD ./src/hal_entry.o
LOAD ./ra_gen/common_data.o
LOAD ./ra_gen/hal_data.o
LOAD ./ra_gen/main.o
LOAD ./ra_gen/pin_data.o
LOAD ./ra_gen/vector_data.o
LOAD ./ra/fsp/src/rm_vee_flash/rm_vee_flash.o
LOAD ./ra/fsp/src/r_wdt/r_wdt.o
LOAD ./ra/fsp/src/r_spi/r_spi.o
LOAD ./ra/fsp/src/r_sci_uart/r_sci_uart.o
LOAD ./ra/fsp/src/r_ioport/r_ioport.o
LOAD ./ra/fsp/src/r_icu/r_icu.o
LOAD ./ra/fsp/src/r_gpt/r_gpt.o
LOAD ./ra/fsp/src/r_flash_lp/r_flash_lp.o
LOAD ./ra/fsp/src/r_dtc/r_dtc.o
LOAD ./ra/fsp/src/r_agt/r_agt.o
LOAD ./ra/fsp/src/r_adc/r_adc.o
LOAD ./ra/fsp/src/bsp/mcu/ra2l1/bsp_power.o
LOAD ./ra/fsp/src/bsp/mcu/all/bsp_clocks.o
LOAD ./ra/fsp/src/bsp/mcu/all/bsp_common.o
LOAD ./ra/fsp/src/bsp/mcu/all/bsp_delay.o
LOAD ./ra/fsp/src/bsp/mcu/all/bsp_group_irq.o
LOAD ./ra/fsp/src/bsp/mcu/all/bsp_guard.o
LOAD ./ra/fsp/src/bsp/mcu/all/bsp_io.o
LOAD ./ra/fsp/src/bsp/mcu/all/bsp_irq.o
LOAD ./ra/fsp/src/bsp/mcu/all/bsp_register_protection.o
LOAD ./ra/fsp/src/bsp/mcu/all/bsp_rom_registers.o
LOAD ./ra/fsp/src/bsp/mcu/all/bsp_sbrk.o
LOAD ./ra/fsp/src/bsp/mcu/all/bsp_security.o
LOAD ./ra/fsp/src/bsp/cmsis/Device/RENESAS/Source/startup.o
LOAD ./ra/fsp/src/bsp/cmsis/Device/RENESAS/Source/system.o
END GROUP
LOAD c:/renesas/ra/e2studio_v2023-04_fsp_v4.5.0/toolchains/gcc_arm/gcc-arm-none-eabi-10.3-2021.10/bin/../lib/gcc/arm-none-eabi/10.3.1/../../../../arm-none-eabi/lib/thumb/v8-m.base/nofp\libstdc++_nano.a
LOAD c:/renesas/ra/e2studio_v2023-04_fsp_v4.5.0/toolchains/gcc_arm/gcc-arm-none-eabi-10.3-2021.10/bin/../lib/gcc/arm-none-eabi/10.3.1/../../../../arm-none-eabi/lib/thumb/v8-m.base/nofp\libm.a
START GROUP
LOAD c:/renesas/ra/e2studio_v2023-04_fsp_v4.5.0/toolchains/gcc_arm/gcc-arm-none-eabi-10.3-2021.10/bin/../lib/gcc/arm-none-eabi/10.3.1/thumb/v8-m.base/nofp\libgcc.a
LOAD c:/renesas/ra/e2studio_v2023-04_fsp_v4.5.0/toolchains/gcc_arm/gcc-arm-none-eabi-10.3-2021.10/bin/../lib/gcc/arm-none-eabi/10.3.1/../../../../arm-none-eabi/lib/thumb/v8-m.base/nofp\libg_nano.a
LOAD c:/renesas/ra/e2studio_v2023-04_fsp_v4.5.0/toolchains/gcc_arm/gcc-arm-none-eabi-10.3-2021.10/bin/../lib/gcc/arm-none-eabi/10.3.1/../../../../arm-none-eabi/lib/thumb/v8-m.base/nofp\libc_nano.a
END GROUP
START GROUP
LOAD c:/renesas/ra/e2studio_v2023-04_fsp_v4.5.0/toolchains/gcc_arm/gcc-arm-none-eabi-10.3-2021.10/bin/../lib/gcc/arm-none-eabi/10.3.1/thumb/v8-m.base/nofp\libgcc.a
LOAD c:/renesas/ra/e2studio_v2023-04_fsp_v4.5.0/toolchains/gcc_arm/gcc-arm-none-eabi-10.3-2021.10/bin/../lib/gcc/arm-none-eabi/10.3.1/../../../../arm-none-eabi/lib/thumb/v8-m.base/nofp\libc_nano.a
LOAD c:/renesas/ra/e2studio_v2023-04_fsp_v4.5.0/toolchains/gcc_arm/gcc-arm-none-eabi-10.3-2021.10/bin/../lib/gcc/arm-none-eabi/10.3.1/../../../../arm-none-eabi/lib/thumb/v8-m.base/nofp\librdimon_nano.a
END GROUP
START GROUP
LOAD c:/renesas/ra/e2studio_v2023-04_fsp_v4.5.0/toolchains/gcc_arm/gcc-arm-none-eabi-10.3-2021.10/bin/../lib/gcc/arm-none-eabi/10.3.1/thumb/v8-m.base/nofp\libgcc.a
LOAD c:/renesas/ra/e2studio_v2023-04_fsp_v4.5.0/toolchains/gcc_arm/gcc-arm-none-eabi-10.3-2021.10/bin/../lib/gcc/arm-none-eabi/10.3.1/../../../../arm-none-eabi/lib/thumb/v8-m.base/nofp\libc_nano.a
LOAD c:/renesas/ra/e2studio_v2023-04_fsp_v4.5.0/toolchains/gcc_arm/gcc-arm-none-eabi-10.3-2021.10/bin/../lib/gcc/arm-none-eabi/10.3.1/../../../../arm-none-eabi/lib/thumb/v8-m.base/nofp\librdimon_nano.a
END GROUP
LOAD c:/renesas/ra/e2studio_v2023-04_fsp_v4.5.0/toolchains/gcc_arm/gcc-arm-none-eabi-10.3-2021.10/bin/../lib/gcc/arm-none-eabi/10.3.1/thumb/v8-m.base/nofp/crtend.o
LOAD c:/renesas/ra/e2studio_v2023-04_fsp_v4.5.0/toolchains/gcc_arm/gcc-arm-none-eabi-10.3-2021.10/bin/../lib/gcc/arm-none-eabi/10.3.1/thumb/v8-m.base/nofp/crtn.o
                0x20000000                RAM_START = 0x20000000
                0x00008000                RAM_LENGTH = 0x8000
                0x00000000                FLASH_START = 0x0
                0x00040000                FLASH_LENGTH = 0x40000
                0x40100000                DATA_FLASH_START = 0x40100000
                0x00002000                DATA_FLASH_LENGTH = 0x2000
                0x00000000                OPTION_SETTING_START = 0x0
                0x00000000                OPTION_SETTING_LENGTH = 0x0
                0x80000000                OPTION_SETTING_S_START = 0x80000000
                0x00000000                OPTION_SETTING_S_LENGTH = 0x0
                0x01010018                ID_CODE_START = 0x1010018
                0x00000020                ID_CODE_LENGTH = 0x20
                0x80010000                SDRAM_START = 0x80010000
                0x00000000                SDRAM_LENGTH = 0x0
                0x60000000                QSPI_FLASH_START = 0x60000000
                0x00000000                QSPI_FLASH_LENGTH = 0x0
                0x80020000                OSPI_DEVICE_0_START = 0x80020000
                0x00000000                OSPI_DEVICE_0_LENGTH = 0x0
                0x80030000                OSPI_DEVICE_1_START = 0x80030000
                0x00000000                OSPI_DEVICE_1_LENGTH = 0x0
                0x00000001                FSP_BOOTABLE_IMAGE = 0x1
                0x20008000                RAM_NS_START = 0x20008000
                0x00021800                FLASH_NS_START = 0x21800
                0x00021800                FLASH_IMAGE_END = 0x21800
                0x00021800                FLASH_NS_IMAGE_START = 0x21800
                0x00021800                FLASH_NSC_START = 0x21800
                0x20008000                RAM_NSC_START = 0x20008000
                0x0001df00                FLASH_IMAGE_LENGTH = 0x1df00
                0x0003f800                XIP_SECONDARY_FLASH_IMAGE_END = 0x3f800
                0x00021900                XIP_SECONDARY_FLASH_IMAGE_START = 0x21900
                0x00003900                FLASH_IMAGE_START = 0x3900
                0x00000000                QSPI_FLASH_PRV_LENGTH = DEFINED (QSPI_FLASH_SIZE)?ABSOLUTE (QSPI_FLASH_SIZE):ABSOLUTE (QSPI_FLASH_LENGTH)
                0x00000000                OSPI_DEVICE_0_PRV_LENGTH = DEFINED (OSPI_DEVICE_0_SIZE)?ABSOLUTE (OSPI_DEVICE_0_SIZE):ABSOLUTE (OSPI_DEVICE_0_LENGTH)
                0x00000000                OSPI_DEVICE_1_PRV_LENGTH = DEFINED (OSPI_DEVICE_1_SIZE)?ABSOLUTE (OSPI_DEVICE_1_SIZE):ABSOLUTE (OSPI_DEVICE_1_LENGTH)
                0x00000000                __RESERVE_NS_RAM = ((! (DEFINED (PROJECT_NONSECURE)) && DEFINED (RAM_NS_BUFFER_LENGTH)) && (OPTION_SETTING_S_LENGTH != 0x0))
                0x00000000                ITCM_START = DEFINED (ITCM_START)?ITCM_START:0x0
                0x00000000                ITCM_LENGTH = DEFINED (ITCM_LENGTH)?ITCM_LENGTH:0x0
                0x00000000                DTCM_START = DEFINED (DTCM_START)?DTCM_START:0x0
                0x00000000                DTCM_LENGTH = DEFINED (DTCM_LENGTH)?DTCM_LENGTH:0x0
                0x00000000                NS_OFFSET_START = DEFINED (NS_OFFSET_START)?NS_OFFSET_START:0x0
                0x00000000                NS_IMAGE_OFFSET = DEFINED (PROJECT_NONSECURE)?NS_OFFSET_START:0x0
                0x00000000                RAM_NS_BUFFER_BLOCK_LENGTH = DEFINED (RAM_NS_BUFFER_LENGTH)?ALIGN (RAM_NS_BUFFER_LENGTH, 0x2000):0x0
                0x00000000                RAM_NS_BUFFER_LENGTH = DEFINED (RAM_NS_BUFFER_LENGTH)?RAM_NS_BUFFER_LENGTH:0x0
                0x20008000                RAM_NS_BUFFER_START = ((RAM_START + RAM_LENGTH) - RAM_NS_BUFFER_LENGTH)
                0x20008000                RAM_NS_BUFFER_BLOCK_START = ((RAM_START + RAM_LENGTH) - RAM_NS_BUFFER_BLOCK_LENGTH)
                0x00000080                OPTION_SETTING_START_NS = DEFINED (PROJECT_NONSECURE)?OPTION_SETTING_START:(OPTION_SETTING_START + 0x80)
                0x00000001                __bl_FSP_BOOTABLE_IMAGE = 0x1
                0x00000001                __bln_FSP_BOOTABLE_IMAGE = 0x1
                0x00000000                PROJECT_SECURE_OR_FLAT = (((! (DEFINED (PROJECT_NONSECURE)) || DEFINED (PROJECT_SECURE)) && OPTION_SETTING_LENGTH) && ! (DEFINED (FSP_BOOTABLE_IMAGE)))
                0x00000000                USE_OPTION_SETTING_NS = (DEFINED (PROJECT_NONSECURE) && ! (DEFINED (FSP_BOOTABLE_IMAGE)))
                0x00000000                __bl_FLASH_IMAGE_START = ! (DEFINED (FLASH_BOOTLOADER_LENGTH))?0x0:(FLASH_APPLICATION_IMAGE_NUMBER == 0x1)?(FLASH_BOOTLOADER_LENGTH + FLASH_BOOTLOADER_HEADER_LENGTH):(((FLASH_BOOTLOADER_LENGTH + FLASH_BOOTLOADER_SCRATCH_LENGTH) + FLASH_APPLICATION_S_LENGTH) + FLASH_BOOTLOADER_HEADER_LENGTH)
                0x00000000                __bl_FLASH_IMAGE_LENGTH = ! (DEFINED (FLASH_BOOTLOADER_LENGTH))?0x0:(FLASH_APPLICATION_S_LENGTH - FLASH_BOOTLOADER_HEADER_LENGTH)
                0x00000000                __bl_FLASH_IMAGE_END = (__bl_FLASH_IMAGE_START + __bl_FLASH_IMAGE_LENGTH)
                0x00000000                __bl_XIP_SECONDARY_FLASH_IMAGE_START = ! (DEFINED (FLASH_BOOTLOADER_LENGTH))?0x0:((FLASH_BOOTLOADER_LENGTH + FLASH_APPLICATION_S_LENGTH) + FLASH_BOOTLOADER_HEADER_LENGTH)
                0x00000000                __bl_XIP_SECONDARY_FLASH_IMAGE_END = (__bl_XIP_SECONDARY_FLASH_IMAGE_START + __bl_FLASH_IMAGE_LENGTH)
                0x00000000                __bl_FLASH_NS_START = ! (DEFINED (FLASH_BOOTLOADER_LENGTH))?0x0:(FLASH_APPLICATION_NS_LENGTH == 0x0)?__bl_FLASH_IMAGE_END:((__bl_FLASH_IMAGE_START - FLASH_BOOTLOADER_HEADER_LENGTH) + FLASH_APPLICATION_S_LENGTH)
                0x00000000                __bl_FLASH_NSC_START = ! (DEFINED (FLASH_BOOTLOADER_LENGTH))?0x0:(FLASH_APPLICATION_NS_LENGTH == 0x0)?__bl_FLASH_IMAGE_END:(__bl_FLASH_NS_START - FLASH_APPLICATION_NSC_LENGTH)
                0x00000000                __bl_RAM_NS_START = ! (DEFINED (FLASH_BOOTLOADER_LENGTH))?0x0:(FLASH_APPLICATION_NS_LENGTH == 0x0)?(RAM_START + RAM_LENGTH):((RAM_START + RAM_LENGTH) - RAM_APPLICATION_NS_LENGTH)
                0x00000000                __bl_RAM_NSC_START = ! (DEFINED (FLASH_BOOTLOADER_LENGTH))?0x0:(FLASH_APPLICATION_NS_LENGTH == 0x0)?(RAM_START + RAM_LENGTH):(__bl_RAM_NS_START - RAM_APPLICATION_NSC_LENGTH)
                0x00000000                __bl_FLASH_NS_IMAGE_START = ! (DEFINED (FLASH_BOOTLOADER_LENGTH))?0x0:(FLASH_APPLICATION_NS_LENGTH == 0x0)?__bl_FLASH_IMAGE_END:(__bl_FLASH_NS_START + FLASH_BOOTLOADER_HEADER_LENGTH_2)
                0x00000000                __bln_FLASH_IMAGE_START = __bl_FLASH_NS_IMAGE_START
                0x00000000                __bln_FLASH_IMAGE_LENGTH = ! (DEFINED (FLASH_BOOTLOADER_LENGTH))?0x0:(FLASH_APPLICATION_NS_LENGTH == 0x0)?__bl_FLASH_IMAGE_END:(FLASH_APPLICATION_NS_LENGTH - FLASH_BOOTLOADER_HEADER_LENGTH_2)
                0x00000000                XIP_SECONDARY_SLOT_IMAGE = DEFINED (XIP_SECONDARY_SLOT_IMAGE)?XIP_SECONDARY_SLOT_IMAGE:0x0
                0x00003900                FLASH_ORIGIN = ! (DEFINED (FLASH_IMAGE_START))?FLASH_START:(XIP_SECONDARY_SLOT_IMAGE == 0x1)?XIP_SECONDARY_FLASH_IMAGE_START:FLASH_IMAGE_START
                0x0001df00                LIMITED_FLASH_LENGTH = DEFINED (FLASH_IMAGE_LENGTH)?FLASH_IMAGE_LENGTH:DEFINED (FLASH_BOOTLOADER_LENGTH)?FLASH_BOOTLOADER_LENGTH:FLASH_LENGTH
START GROUP
LOAD c:/renesas/ra/e2studio_v2023-04_fsp_v4.5.0/toolchains/gcc_arm/gcc-arm-none-eabi-10.3-2021.10/bin/../lib/gcc/arm-none-eabi/10.3.1/thumb/v8-m.base/nofp\libgcc.a
LOAD c:/renesas/ra/e2studio_v2023-04_fsp_v4.5.0/toolchains/gcc_arm/gcc-arm-none-eabi-10.3-2021.10/bin/../lib/gcc/arm-none-eabi/10.3.1/../../../../arm-none-eabi/lib/thumb/v8-m.base/nofp\libc.a
LOAD c:/renesas/ra/e2studio_v2023-04_fsp_v4.5.0/toolchains/gcc_arm/gcc-arm-none-eabi-10.3-2021.10/bin/../lib/gcc/arm-none-eabi/10.3.1/../../../../arm-none-eabi/lib/thumb/v8-m.base/nofp\libm.a
LOAD c:/renesas/ra/e2studio_v2023-04_fsp_v4.5.0/toolchains/gcc_arm/gcc-arm-none-eabi-10.3-2021.10/bin/../lib/gcc/arm-none-eabi/10.3.1/../../../../arm-none-eabi/lib/thumb/v8-m.base/nofp\libnosys.a
END GROUP

.text           0x00003900    0x1bde0
                0x00000000                __tz_FLASH_S = ABSOLUTE (FLASH_START)
                0x00003900                __ROM_Start = .
 *(.fixed_vectors*)
 .fixed_vectors
                0x00003900       0x40 ./ra/fsp/src/bsp/cmsis/Device/RENESAS/Source/startup.o
                0x00003900                __Vectors
 *(.application_vectors*)
 .application_vectors
                0x00003940       0x80 ./ra_gen/vector_data.o
                0x00003940                g_vector_table
                0x000039c0                __Vectors_End = .
                0x00003d00                . = (OPTION_SETTING_LENGTH > 0x0)?.:(__ROM_Start + 0x400)
 *fill*         0x000039c0      0x340 ff
 *(.rom_registers*)
                0x00003e00                . = (OPTION_SETTING_LENGTH > 0x0)?.:(__ROM_Start + 0x500)
 *fill*         0x00003d00      0x100 ff
                0x00003e00                . = ALIGN (0x80)
 *(.mcuboot_sce9_key*)
 *(.text*)
 .text          0x00003e00       0x50 c:/renesas/ra/e2studio_v2023-04_fsp_v4.5.0/toolchains/gcc_arm/gcc-arm-none-eabi-10.3-2021.10/bin/../lib/gcc/arm-none-eabi/10.3.1/thumb/v8-m.base/nofp/crtbegin.o
 .text.phOsal_ConfigTick.constprop.0
                0x00003e50       0x70 ./src/nfc/phOsal/src/NullOs/portable/phOsal_Port_R7FA2L1AB2DFP.o
 .text.phOsal_InitTickTimer
                0x00003ec0       0x24 ./src/nfc/phOsal/src/NullOs/portable/phOsal_Port_R7FA2L1AB2DFP.o
                0x00003ec0                phOsal_InitTickTimer
 .text.phOsal_StartTickTimer
                0x00003ee4       0x40 ./src/nfc/phOsal/src/NullOs/portable/phOsal_Port_R7FA2L1AB2DFP.o
                0x00003ee4                phOsal_StartTickTimer
 .text.phOsal_StopTickTimer
                0x00003f24       0x1c ./src/nfc/phOsal/src/NullOs/portable/phOsal_Port_R7FA2L1AB2DFP.o
                0x00003f24                phOsal_StopTickTimer
 .text.phOsal_Sleep
                0x00003f40        0x8 ./src/nfc/phOsal/src/NullOs/portable/phOsal_Port_R7FA2L1AB2DFP.o
                0x00003f40                phOsal_Sleep
 .text.phOsal_WakeUp
                0x00003f48        0x4 ./src/nfc/phOsal/src/NullOs/portable/phOsal_Port_R7FA2L1AB2DFP.o
                0x00003f48                phOsal_WakeUp
 .text.SysTick_Handler
                0x00003f4c       0x48 ./src/nfc/phOsal/src/NullOs/portable/phOsal_Port_R7FA2L1AB2DFP.o
                0x00003f4c                SysTick_Handler
 .text.g_timer3_callback
                0x00003f94       0x10 ./src/nfc/phOsal/src/NullOs/portable/phOsal_Port_R7FA2L1AB2DFP.o
                0x00003f94                g_timer3_callback
 .text.phOsal_NullOsSysTickHandler
                0x00003fa4       0x18 ./src/nfc/phOsal/src/NullOs/phOsal_NullOs.o
 .text.phOsal_Init
                0x00003fbc       0x28 ./src/nfc/phOsal/src/NullOs/phOsal_NullOs.o
                0x00003fbc                phOsal_Init
 .text.phOsal_EventCreate
                0x00003fe4       0xa4 ./src/nfc/phOsal/src/NullOs/phOsal_NullOs.o
                0x00003fe4                phOsal_EventCreate
 .text.phOsal_EventPend
                0x00004088       0xd8 ./src/nfc/phOsal/src/NullOs/phOsal_NullOs.o
                0x00004088                phOsal_EventPend
 .text.phOsal_EventPost
                0x00004160       0x30 ./src/nfc/phOsal/src/NullOs/phOsal_NullOs.o
                0x00004160                phOsal_EventPost
 .text.phOsal_EventClear
                0x00004190       0x2c ./src/nfc/phOsal/src/NullOs/phOsal_NullOs.o
                0x00004190                phOsal_EventClear
 .text.phOsal_EventDelete
                0x000041bc       0x30 ./src/nfc/phOsal/src/NullOs/phOsal_NullOs.o
                0x000041bc                phOsal_EventDelete
 .text.phOsal_ThreadDelay
                0x000041ec        0x8 ./src/nfc/phOsal/src/NullOs/phOsal_NullOs.o
                0x000041ec                phOsal_ThreadDelay
 .text.phpalMifare_Sw_Init
                0x000041f4       0x20 ./src/nfc/NxpNfcRdLib/comps/phpalMifare/src/Sw/phpalMifare_Sw.o
                0x000041f4                phpalMifare_Sw_Init
 .text.phpalMifare_Sw_ExchangeL3
                0x00004214      0x144 ./src/nfc/NxpNfcRdLib/comps/phpalMifare/src/Sw/phpalMifare_Sw.o
                0x00004214                phpalMifare_Sw_ExchangeL3
 .text.phpalMifare_Sw_MfcAuthenticateKeyNo
                0x00004358       0x2c ./src/nfc/NxpNfcRdLib/comps/phpalMifare/src/Sw/phpalMifare_Sw.o
                0x00004358                phpalMifare_Sw_MfcAuthenticateKeyNo
 .text.phpalMifare_Sw_MfcAuthenticate
                0x00004384       0x28 ./src/nfc/NxpNfcRdLib/comps/phpalMifare/src/Sw/phpalMifare_Sw.o
                0x00004384                phpalMifare_Sw_MfcAuthenticate
 .text.phpalI14443p3a_Sw_Init
                0x000043ac       0x28 ./src/nfc/NxpNfcRdLib/comps/phpalI14443p3a/src/Sw/phpalI14443p3a_Sw.o
                0x000043ac                phpalI14443p3a_Sw_Init
 .text.phpalI14443p3a_Sw_SetConfig
                0x000043d4       0x2c ./src/nfc/NxpNfcRdLib/comps/phpalI14443p3a/src/Sw/phpalI14443p3a_Sw.o
                0x000043d4                phpalI14443p3a_Sw_SetConfig
 .text.phpalI14443p3a_Sw_HaltA
                0x00004400       0x7c ./src/nfc/NxpNfcRdLib/comps/phpalI14443p3a/src/Sw/phpalI14443p3a_Sw.o
                0x00004400                phpalI14443p3a_Sw_HaltA
 .text.phpalI14443p3a_Sw_Anticollision
                0x0000447c      0x31c ./src/nfc/NxpNfcRdLib/comps/phpalI14443p3a/src/Sw/phpalI14443p3a_Sw.o
                0x0000447c                phpalI14443p3a_Sw_Anticollision
 .text.phpalI14443p3a_Sw_Select
                0x00004798       0x18 ./src/nfc/NxpNfcRdLib/comps/phpalI14443p3a/src/Sw/phpalI14443p3a_Sw.o
                0x00004798                phpalI14443p3a_Sw_Select
 .text.phpalI14443p3a_Sw_RequestAEx
                0x000047b0      0x124 ./src/nfc/NxpNfcRdLib/comps/phpalI14443p3a/src/Sw/phpalI14443p3a_Sw.o
                0x000047b0                phpalI14443p3a_Sw_RequestAEx
 .text.phpalI14443p3a_Sw_RequestA
                0x000048d4        0xc ./src/nfc/NxpNfcRdLib/comps/phpalI14443p3a/src/Sw/phpalI14443p3a_Sw.o
                0x000048d4                phpalI14443p3a_Sw_RequestA
 .text.phpalI14443p3a_Sw_WakeUpA
                0x000048e0        0xc ./src/nfc/NxpNfcRdLib/comps/phpalI14443p3a/src/Sw/phpalI14443p3a_Sw.o
                0x000048e0                phpalI14443p3a_Sw_WakeUpA
 .text.phpalI14443p3a_Sw_ActivateCard
                0x000048ec      0x318 ./src/nfc/NxpNfcRdLib/comps/phpalI14443p3a/src/Sw/phpalI14443p3a_Sw.o
                0x000048ec                phpalI14443p3a_Sw_ActivateCard
 .text.phpalI14443p3a_Sw_GetSerialNo
                0x00004c04       0x24 ./src/nfc/NxpNfcRdLib/comps/phpalI14443p3a/src/Sw/phpalI14443p3a_Sw.o
                0x00004c04                phpalI14443p3a_Sw_GetSerialNo
 .text.phpalFelica_Sw_Init
                0x00004c28       0x28 ./src/nfc/NxpNfcRdLib/comps/phpalFelica/src/Sw/phpalFelica_Sw.o
                0x00004c28                phpalFelica_Sw_Init
 .text.phpalFelica_Sw_ReqC
                0x00004c50      0x160 ./src/nfc/NxpNfcRdLib/comps/phpalFelica/src/Sw/phpalFelica_Sw.o
                0x00004c50                phpalFelica_Sw_ReqC
 .text.phpalFelica_Sw_GetFrameInfo
                0x00004db0       0x94 ./src/nfc/NxpNfcRdLib/comps/phpalFelica/src/Sw/phpalFelica_Sw.o
                0x00004db0                phpalFelica_Sw_GetFrameInfo
 .text.phpalFelica_Sw_SetSerialNo
                0x00004e44       0x14 ./src/nfc/NxpNfcRdLib/comps/phpalFelica/src/Sw/phpalFelica_Sw.o
                0x00004e44                phpalFelica_Sw_SetSerialNo
 .text.phpalFelica_Sw_Exchange
                0x00004e58      0x2a0 ./src/nfc/NxpNfcRdLib/comps/phpalFelica/src/Sw/phpalFelica_Sw.o
                0x00004e58                phpalFelica_Sw_Exchange
 .text.phpalFelica_Sw_SetConfig
                0x000050f8       0x34 ./src/nfc/NxpNfcRdLib/comps/phpalFelica/src/Sw/phpalFelica_Sw.o
                0x000050f8                phpalFelica_Sw_SetConfig
 .text.phpalFelica_Sw_GetConfig
                0x0000512c       0x1c ./src/nfc/NxpNfcRdLib/comps/phpalFelica/src/Sw/phpalFelica_Sw.o
                0x0000512c                phpalFelica_Sw_GetConfig
 .text.phhalHw_Pn5190_Init
                0x00005148      0x1e8 ./src/nfc/NxpNfcRdLib/comps/phhalHw/src/Pn5190/phhalHw_Pn5190.o
                0x00005148                phhalHw_Pn5190_Init
 .text.phhalHw_Pn5190_DeInit
                0x00005330       0x90 ./src/nfc/NxpNfcRdLib/comps/phhalHw/src/Pn5190/phhalHw_Pn5190.o
                0x00005330                phhalHw_Pn5190_DeInit
 .text.phhalHw_Pn5190_AsyncAbort
                0x000053c0       0x10 ./src/nfc/NxpNfcRdLib/comps/phhalHw/src/Pn5190/phhalHw_Pn5190.o
                0x000053c0                phhalHw_Pn5190_AsyncAbort
 .text.phhalHw_Pn5190_FieldOn
                0x000053d0       0x2c ./src/nfc/NxpNfcRdLib/comps/phhalHw/src/Pn5190/phhalHw_Pn5190.o
                0x000053d0                phhalHw_Pn5190_FieldOn
 .text.phhalHw_Pn5190_SetConfig
                0x000053fc      0x8f4 ./src/nfc/NxpNfcRdLib/comps/phhalHw/src/Pn5190/phhalHw_Pn5190.o
                0x000053fc                phhalHw_Pn5190_SetConfig
 .text.phhalHw_Pn5190_FieldOff
                0x00005cf0       0x18 ./src/nfc/NxpNfcRdLib/comps/phhalHw/src/Pn5190/phhalHw_Pn5190.o
                0x00005cf0                phhalHw_Pn5190_FieldOff
 .text.phhalHw_Pn5190_ApplyProtocolSettings.part.0
                0x00005d08      0x238 ./src/nfc/NxpNfcRdLib/comps/phhalHw/src/Pn5190/phhalHw_Pn5190.o
 .text.phhalHw_Pn5190_ApplyProtocolSettings
                0x00005f40       0x1c ./src/nfc/NxpNfcRdLib/comps/phhalHw/src/Pn5190/phhalHw_Pn5190.o
                0x00005f40                phhalHw_Pn5190_ApplyProtocolSettings
 .text.phhalHw_Pn5190_GetConfig
                0x00005f5c      0x268 ./src/nfc/NxpNfcRdLib/comps/phhalHw/src/Pn5190/phhalHw_Pn5190.o
                0x00005f5c                phhalHw_Pn5190_GetConfig
 .text.phhalHw_Pn5190_SetListenParameters
                0x000061c4       0x4c ./src/nfc/NxpNfcRdLib/comps/phhalHw/src/Pn5190/phhalHw_Pn5190.o
                0x000061c4                phhalHw_Pn5190_SetListenParameters
 .text.phhalHw_Pn5190_Wait
                0x00006210       0xd8 ./src/nfc/NxpNfcRdLib/comps/phhalHw/src/Pn5190/phhalHw_Pn5190.o
                0x00006210                phhalHw_Pn5190_Wait
 .text.phhalHw_Pn5190_FieldReset
                0x000062e8       0x9c ./src/nfc/NxpNfcRdLib/comps/phhalHw/src/Pn5190/phhalHw_Pn5190.o
                0x000062e8                phhalHw_Pn5190_FieldReset
 .text.phhalHw_Pn5190_Exchange
                0x00006384      0x2ac ./src/nfc/NxpNfcRdLib/comps/phhalHw/src/Pn5190/phhalHw_Pn5190.o
                0x00006384                phhalHw_Pn5190_Exchange
 .text.phhalHw_Pn5190_MfcAuthenticateKeyNo
                0x00006630       0x70 ./src/nfc/NxpNfcRdLib/comps/phhalHw/src/Pn5190/phhalHw_Pn5190.o
                0x00006630                phhalHw_Pn5190_MfcAuthenticateKeyNo
 .text.phhalHw_Pn5190_MfcAuthenticate
                0x000066a0       0x18 ./src/nfc/NxpNfcRdLib/comps/phhalHw/src/Pn5190/phhalHw_Pn5190.o
                0x000066a0                phhalHw_Pn5190_MfcAuthenticate
 .text.phhalHw_Pn5190_EventWait
                0x000066b8      0x12c ./src/nfc/NxpNfcRdLib/comps/phhalHw/src/Pn5190/phhalHw_Pn5190.o
                0x000066b8                phhalHw_Pn5190_EventWait
 .text.phhalHw_Pn5190_EventConsume
                0x000067e4       0x10 ./src/nfc/NxpNfcRdLib/comps/phhalHw/src/Pn5190/phhalHw_Pn5190.o
                0x000067e4                phhalHw_Pn5190_EventConsume
 .text.phhalHw_Pn5190_Send
                0x000067f4       0x90 ./src/nfc/NxpNfcRdLib/comps/phhalHw/src/Pn5190/phhalHw_Pn5190_InstMngr.o
                0x000067f4                phhalHw_Pn5190_Send
 .text.phhalHw_Pn5190_Read
                0x00006884       0x44 ./src/nfc/NxpNfcRdLib/comps/phhalHw/src/Pn5190/phhalHw_Pn5190_InstMngr.o
                0x00006884                phhalHw_Pn5190_Read
 .text.phhalHw_Pn5190_InstMngr_ReadRsp
                0x000068c8      0x13c ./src/nfc/NxpNfcRdLib/comps/phhalHw/src/Pn5190/phhalHw_Pn5190_InstMngr.o
                0x000068c8                phhalHw_Pn5190_InstMngr_ReadRsp
 .text.phhalHw_Pn5190_InstMngr_HandleCmd
                0x00006a04      0x250 ./src/nfc/NxpNfcRdLib/comps/phhalHw/src/Pn5190/phhalHw_Pn5190_InstMngr.o
                0x00006a04                phhalHw_Pn5190_InstMngr_HandleCmd
 .text.phhalHw_Pn5190_Instr_WriteRegister
                0x00006c54       0x98 ./src/nfc/NxpNfcRdLib/comps/phhalHw/src/Pn5190/phhalHw_Pn5190_Instr.o
                0x00006c54                phhalHw_Pn5190_Instr_WriteRegister
 .text.phhalHw_Pn5190_Instr_WriteRegisterOrMask
                0x00006cec       0x98 ./src/nfc/NxpNfcRdLib/comps/phhalHw/src/Pn5190/phhalHw_Pn5190_Instr.o
                0x00006cec                phhalHw_Pn5190_Instr_WriteRegisterOrMask
 .text.phhalHw_Pn5190_Instr_WriteRegisterAndMask
                0x00006d84       0x98 ./src/nfc/NxpNfcRdLib/comps/phhalHw/src/Pn5190/phhalHw_Pn5190_Instr.o
                0x00006d84                phhalHw_Pn5190_Instr_WriteRegisterAndMask
 .text.phhalHw_Pn5190_Instr_WriteRegisterMultiple
                0x00006e1c       0x90 ./src/nfc/NxpNfcRdLib/comps/phhalHw/src/Pn5190/phhalHw_Pn5190_Instr.o
                0x00006e1c                phhalHw_Pn5190_Instr_WriteRegisterMultiple
 .text.phhalHw_Pn5190_Instr_ReadRegister
                0x00006eac       0xac ./src/nfc/NxpNfcRdLib/comps/phhalHw/src/Pn5190/phhalHw_Pn5190_Instr.o
                0x00006eac                phhalHw_Pn5190_Instr_ReadRegister
 .text.phhalHw_Pn5190_Instr_WriteE2Prom
                0x00006f58       0xa4 ./src/nfc/NxpNfcRdLib/comps/phhalHw/src/Pn5190/phhalHw_Pn5190_Instr.o
                0x00006f58                phhalHw_Pn5190_Instr_WriteE2Prom
 .text.phhalHw_Pn5190_Instr_ReadE2Prom
                0x00006ffc       0x94 ./src/nfc/NxpNfcRdLib/comps/phhalHw/src/Pn5190/phhalHw_Pn5190_Instr.o
                0x00006ffc                phhalHw_Pn5190_Instr_ReadE2Prom
 .text.phhalHw_Pn5190_Instr_RetrieveRFData
                0x00007090       0xb4 ./src/nfc/NxpNfcRdLib/comps/phhalHw/src/Pn5190/phhalHw_Pn5190_Instr.o
                0x00007090                phhalHw_Pn5190_Instr_RetrieveRFData
 .text.phhalHw_Pn5190_Instr_ExchangeRFData
                0x00007144       0xec ./src/nfc/NxpNfcRdLib/comps/phhalHw/src/Pn5190/phhalHw_Pn5190_Instr.o
                0x00007144                phhalHw_Pn5190_Instr_ExchangeRFData
 .text.phhalHw_Pn5190_Instr_SwitchModeBootNormal
                0x00007230       0x4c ./src/nfc/NxpNfcRdLib/comps/phhalHw/src/Pn5190/phhalHw_Pn5190_Instr.o
                0x00007230                phhalHw_Pn5190_Instr_SwitchModeBootNormal
 .text.phhalHw_Pn5190_Instr_MifareAuthenticate
                0x0000727c       0xe8 ./src/nfc/NxpNfcRdLib/comps/phhalHw/src/Pn5190/phhalHw_Pn5190_Instr.o
                0x0000727c                phhalHw_Pn5190_Instr_MifareAuthenticate
 .text.phhalHw_Pn5190_Instr_LoadRfConfiguration
                0x00007364       0xa8 ./src/nfc/NxpNfcRdLib/comps/phhalHw/src/Pn5190/phhalHw_Pn5190_Instr.o
                0x00007364                phhalHw_Pn5190_Instr_LoadRfConfiguration
 .text.phhalHw_Pn5190_Instr_RetrieveRfConfiguration
                0x0000740c       0x84 ./src/nfc/NxpNfcRdLib/comps/phhalHw/src/Pn5190/phhalHw_Pn5190_Instr.o
                0x0000740c                phhalHw_Pn5190_Instr_RetrieveRfConfiguration
 .text.phhalHw_Pn5190_Instr_RfOn
                0x00007490       0x80 ./src/nfc/NxpNfcRdLib/comps/phhalHw/src/Pn5190/phhalHw_Pn5190_Instr.o
                0x00007490                phhalHw_Pn5190_Instr_RfOn
 .text.phhalHw_Pn5190_Instr_RfOff
                0x00007510       0x70 ./src/nfc/NxpNfcRdLib/comps/phhalHw/src/Pn5190/phhalHw_Pn5190_Instr.o
                0x00007510                phhalHw_Pn5190_Instr_RfOff
 .text.phhalHw_Pn5190_Instr_GetVersion
                0x00007580       0x88 ./src/nfc/NxpNfcRdLib/comps/phhalHw/src/Pn5190/phhalHw_Pn5190_Instr.o
                0x00007580                phhalHw_Pn5190_Instr_GetVersion
 .text.phhalHw_Pn5190_Int_GetTxBuffer
                0x00007608       0x28 ./src/nfc/NxpNfcRdLib/comps/phhalHw/src/Pn5190/phhalHw_Pn5190_Int.o
                0x00007608                phhalHw_Pn5190_Int_GetTxBuffer
 .text.phhalHw_Pn5190_Int_GetRxBuffer
                0x00007630       0x3c ./src/nfc/NxpNfcRdLib/comps/phhalHw/src/Pn5190/phhalHw_Pn5190_Int.o
                0x00007630                phhalHw_Pn5190_Int_GetRxBuffer
 .text.phhalHw_Pn5190_Int_Reset
                0x0000766c       0x48 ./src/nfc/NxpNfcRdLib/comps/phhalHw/src/Pn5190/phhalHw_Pn5190_Int.o
                0x0000766c                phhalHw_Pn5190_Int_Reset
 .text.phhalHw_Pn5190_Int_TimerStart
                0x000076b4       0xec ./src/nfc/NxpNfcRdLib/comps/phhalHw/src/Pn5190/phhalHw_Pn5190_Int.o
                0x000076b4                phhalHw_Pn5190_Int_TimerStart
 .text.phhalHw_Pn5190_SetConfig_Int
                0x000077a0      0x204 ./src/nfc/NxpNfcRdLib/comps/phhalHw/src/Pn5190/phhalHw_Pn5190_Int.o
                0x000077a0                phhalHw_Pn5190_SetConfig_Int
 .text.phhalHw_Pn5190_Int_SetConfig_FelicaEmdRegBit
                0x000079a4       0x4c ./src/nfc/NxpNfcRdLib/comps/phhalHw/src/Pn5190/phhalHw_Pn5190_Int.o
                0x000079a4                phhalHw_Pn5190_Int_SetConfig_FelicaEmdRegBit
 .text.phhalHw_Pn5190_Int_SetConfig_FelicaEmdRegByte
                0x000079f0       0x3c ./src/nfc/NxpNfcRdLib/comps/phhalHw/src/Pn5190/phhalHw_Pn5190_Int.o
                0x000079f0                phhalHw_Pn5190_Int_SetConfig_FelicaEmdRegByte
 .text.phhalHw_Pn5190_Int_SetCardMode
                0x00007a2c      0x420 ./src/nfc/NxpNfcRdLib/comps/phhalHw/src/Pn5190/phhalHw_Pn5190_Int.o
                0x00007a2c                phhalHw_Pn5190_Int_SetCardMode
 .text.phhalHw_Pn5190_Int_SetTxDataRateFraming
                0x00007e4c      0x104 ./src/nfc/NxpNfcRdLib/comps/phhalHw/src/Pn5190/phhalHw_Pn5190_Int.o
                0x00007e4c                phhalHw_Pn5190_Int_SetTxDataRateFraming
 .text.phhalHw_Pn5190_Int_SetRxDataRateFraming
                0x00007f50       0x4c ./src/nfc/NxpNfcRdLib/comps/phhalHw/src/Pn5190/phhalHw_Pn5190_Int.o
                0x00007f50                phhalHw_Pn5190_Int_SetRxDataRateFraming
 .text.phhalHw_Pn5190_Int_SetMinFdt
                0x00007f9c       0x94 ./src/nfc/NxpNfcRdLib/comps/phhalHw/src/Pn5190/phhalHw_Pn5190_Int.o
                0x00007f9c                phhalHw_Pn5190_Int_SetMinFdt
 .text.phhalHw_Pn5190_Int_SetTmo
                0x00008030       0x74 ./src/nfc/NxpNfcRdLib/comps/phhalHw/src/Pn5190/phhalHw_Pn5190_Int.o
                0x00008030                phhalHw_Pn5190_Int_SetTmo
 .text.phhalHw_Pn5190_Int_Retrieve_Data
                0x000080a4      0x258 ./src/nfc/NxpNfcRdLib/comps/phhalHw/src/Pn5190/phhalHw_Pn5190_Int.o
                0x000080a4                phhalHw_Pn5190_Int_Retrieve_Data
 .text.phhalHw_Pn5190_Int_PCD_GetExchgFdt
                0x000082fc      0x140 ./src/nfc/NxpNfcRdLib/comps/phhalHw/src/Pn5190/phhalHw_Pn5190_Int.o
                0x000082fc                phhalHw_Pn5190_Int_PCD_GetExchgFdt
 .text.phhalHw_Pn5190_Int_ClearNSetRegFields
                0x0000843c       0x44 ./src/nfc/NxpNfcRdLib/comps/phhalHw/src/Pn5190/phhalHw_Pn5190_Int.o
                0x0000843c                phhalHw_Pn5190_Int_ClearNSetRegFields
 .text.phhalHw_Pn5190_ISR_Callback
                0x00008480       0x40 ./src/nfc/NxpNfcRdLib/comps/phhalHw/src/Pn5190/phhalHw_Pn5190_Int.o
                0x00008480                phhalHw_Pn5190_ISR_Callback
 .text.phhalHw_Pn5190_Int_GuardTimeCallBck
                0x000084c0       0x1c ./src/nfc/NxpNfcRdLib/comps/phhalHw/src/Pn5190/phhalHw_Pn5190_Int.o
                0x000084c0                phhalHw_Pn5190_Int_GuardTimeCallBck
 .text.phhalHw_Pn5190_Int_WriteSSEL
                0x000084dc       0x14 ./src/nfc/NxpNfcRdLib/comps/phhalHw/src/Pn5190/phhalHw_Pn5190_Int.o
                0x000084dc                phhalHw_Pn5190_Int_WriteSSEL
 .text.phhalHw_Pn5190_Int_UserAbort
                0x000084f0       0x54 ./src/nfc/NxpNfcRdLib/comps/phhalHw/src/Pn5190/phhalHw_Pn5190_Int.o
                0x000084f0                phhalHw_Pn5190_Int_UserAbort
 .text.phhalHw_Pn5190_Int_EventWait
                0x00008544       0xc4 ./src/nfc/NxpNfcRdLib/comps/phhalHw/src/Pn5190/phhalHw_Pn5190_Int.o
                0x00008544                phhalHw_Pn5190_Int_EventWait
 .text.phhalHw_Pn5190_WaitIrq
                0x00008608       0x64 ./src/nfc/NxpNfcRdLib/comps/phhalHw/src/Pn5190/phhalHw_Pn5190_Wait.o
                0x00008608                phhalHw_Pn5190_WaitIrq
 .text.phhalHw_Pn5190_WaitForEvent
                0x0000866c      0x23c ./src/nfc/NxpNfcRdLib/comps/phhalHw/src/Pn5190/phhalHw_Pn5190_Wait.o
                0x0000866c                phhalHw_Pn5190_WaitForEvent
 .text.phhalHw_Pn5190_Wait_IrqAbortHandling
                0x000088a8      0x108 ./src/nfc/NxpNfcRdLib/comps/phhalHw/src/Pn5190/phhalHw_Pn5190_Wait.o
                0x000088a8                phhalHw_Pn5190_Wait_IrqAbortHandling
 .text.phalMfc_Sw_Init
                0x000089b0       0x20 ./src/nfc/NxpNfcRdLib/comps/phalMfc/src/Sw/phalMfc_Sw.o
                0x000089b0                phalMfc_Sw_Init
 .text.phalMfc_Sw_Authenticate
                0x000089d0       0x94 ./src/nfc/NxpNfcRdLib/comps/phalMfc/src/Sw/phalMfc_Sw.o
                0x000089d0                phalMfc_Sw_Authenticate
 .text.phalMfc_Sw_Read
                0x00008a64       0x4c ./src/nfc/NxpNfcRdLib/comps/phalMfc/src/Sw/phalMfc_Sw.o
                0x00008a64                phalMfc_Sw_Read
 .text.phalFelica_Sw_Init
                0x00008ab0       0x24 ./src/nfc/NxpNfcRdLib/comps/phalFelica/src/Sw/phalFelica_Sw.o
                0x00008ab0                phalFelica_Sw_Init
 .text.phalFelica_Sw_Read
                0x00008ad4      0x128 ./src/nfc/NxpNfcRdLib/comps/phalFelica/src/Sw/phalFelica_Sw.o
                0x00008ad4                phalFelica_Sw_Read
 .text.phacDiscLoop_Sw_Init
                0x00008bfc       0x9c ./src/nfc/NxpNfcRdLib/comps/phacDiscLoop/src/Sw/phacDiscLoop_Sw.o
                0x00008bfc                phacDiscLoop_Sw_Init
 .text.phacDiscLoop_Sw_Run
                0x00008c98       0xb8 ./src/nfc/NxpNfcRdLib/comps/phacDiscLoop/src/Sw/phacDiscLoop_Sw.o
                0x00008c98                phacDiscLoop_Sw_Run
 .text.phacDiscLoop_Sw_SetConfig
                0x00008d50      0x12c ./src/nfc/NxpNfcRdLib/comps/phacDiscLoop/src/Sw/phacDiscLoop_Sw.o
                0x00008d50                phacDiscLoop_Sw_SetConfig
 .text.phacDiscLoop_Sw_GetConfig
                0x00008e7c       0xe0 ./src/nfc/NxpNfcRdLib/comps/phacDiscLoop/src/Sw/phacDiscLoop_Sw.o
                0x00008e7c                phacDiscLoop_Sw_GetConfig
 .text.phacDiscLoop_Sw_ActivateCard
                0x00008f5c        0x8 ./src/nfc/NxpNfcRdLib/comps/phacDiscLoop/src/Sw/phacDiscLoop_Sw.o
                0x00008f5c                phacDiscLoop_Sw_ActivateCard
 .text.phacDiscLoop_Sw_Int_Apply_PTGT
                0x00008f64       0xec ./src/nfc/NxpNfcRdLib/comps/phacDiscLoop/src/Sw/phacDiscLoop_Sw_Int.o
 .text.phacDiscLoop_Sw_Int_EmvcoRfFieldReset.isra.0
                0x00009050       0x28 ./src/nfc/NxpNfcRdLib/comps/phacDiscLoop/src/Sw/phacDiscLoop_Sw_Int.o
 .text.phacDiscLoop_Sw_Int_EmvcoTechDetectActivity.part.0
                0x00009078      0x22c ./src/nfc/NxpNfcRdLib/comps/phacDiscLoop/src/Sw/phacDiscLoop_Sw_Int.o
 .text.phacDiscLoop_Sw_Int_ListenMode
                0x000092a4        0x8 ./src/nfc/NxpNfcRdLib/comps/phacDiscLoop/src/Sw/phacDiscLoop_Sw_Int.o
                0x000092a4                phacDiscLoop_Sw_Int_ListenMode
 .text.phacDiscLoop_Sw_Int_ActivePollMode
                0x000092ac        0xc ./src/nfc/NxpNfcRdLib/comps/phacDiscLoop/src/Sw/phacDiscLoop_Sw_Int.o
                0x000092ac                phacDiscLoop_Sw_Int_ActivePollMode
 .text.phacDiscLoop_Sw_Int_ActivateDevice
                0x000092b8       0x40 ./src/nfc/NxpNfcRdLib/comps/phacDiscLoop/src/Sw/phacDiscLoop_Sw_Int.o
                0x000092b8                phacDiscLoop_Sw_Int_ActivateDevice
 .text.phacDiscLoop_Sw_Int_FieldOn
                0x000092f8       0x40 ./src/nfc/NxpNfcRdLib/comps/phacDiscLoop/src/Sw/phacDiscLoop_Sw_Int.o
                0x000092f8                phacDiscLoop_Sw_Int_FieldOn
 .text.phacDiscLoop_Sw_Int_TechDetectActivity.part.0
                0x00009338      0x1a4 ./src/nfc/NxpNfcRdLib/comps/phacDiscLoop/src/Sw/phacDiscLoop_Sw_Int.o
 .text.phacDiscLoop_Sw_Int_PollMode
                0x000094dc      0x1d4 ./src/nfc/NxpNfcRdLib/comps/phacDiscLoop/src/Sw/phacDiscLoop_Sw_Int.o
                0x000094dc                phacDiscLoop_Sw_Int_PollMode
 .text.phacDiscLoop_Sw_Int_IsValidPollStatus
                0x000096b0       0x14 ./src/nfc/NxpNfcRdLib/comps/phacDiscLoop/src/Sw/phacDiscLoop_Sw_Int.o
                0x000096b0                phacDiscLoop_Sw_Int_IsValidPollStatus
 .text.phacDiscLoop_Sw_DetTechTypeA
                0x000096c4       0x94 ./src/nfc/NxpNfcRdLib/comps/phacDiscLoop/src/Sw/phacDiscLoop_Sw_Int_A.o
                0x000096c4                phacDiscLoop_Sw_DetTechTypeA
 .text.phacDiscLoop_Sw_Int_CollisionResolutionA
                0x00009758      0x428 ./src/nfc/NxpNfcRdLib/comps/phacDiscLoop/src/Sw/phacDiscLoop_Sw_Int_A.o
                0x00009758                phacDiscLoop_Sw_Int_CollisionResolutionA
 .text.phacDiscLoop_Sw_Int_ActivateA
                0x00009b80       0xcc ./src/nfc/NxpNfcRdLib/comps/phacDiscLoop/src/Sw/phacDiscLoop_Sw_Int_A.o
                0x00009b80                phacDiscLoop_Sw_Int_ActivateA
 .text.phacDiscLoop_Sw_DetTechTypeB
                0x00009c4c        0x8 ./src/nfc/NxpNfcRdLib/comps/phacDiscLoop/src/Sw/phacDiscLoop_Sw_Int_B.o
                0x00009c4c                phacDiscLoop_Sw_DetTechTypeB
 .text.phacDiscLoop_Sw_Int_CollisionResolutionB
                0x00009c54        0x8 ./src/nfc/NxpNfcRdLib/comps/phacDiscLoop/src/Sw/phacDiscLoop_Sw_Int_B.o
                0x00009c54                phacDiscLoop_Sw_Int_CollisionResolutionB
 .text.phacDiscLoop_Sw_Int_ActivateB
                0x00009c5c        0x8 ./src/nfc/NxpNfcRdLib/comps/phacDiscLoop/src/Sw/phacDiscLoop_Sw_Int_B.o
                0x00009c5c                phacDiscLoop_Sw_Int_ActivateB
 .text.phacDiscLoop_Sw_Int_UpdateSensFResp
                0x00009c64       0xc8 ./src/nfc/NxpNfcRdLib/comps/phacDiscLoop/src/Sw/phacDiscLoop_Sw_Int_F.o
 .text.phacDiscLoop_Sw_Int_SendSensFReq
                0x00009d2c       0xc0 ./src/nfc/NxpNfcRdLib/comps/phacDiscLoop/src/Sw/phacDiscLoop_Sw_Int_F.o
 .text.phacDiscLoop_Sw_DetTechTypeF
                0x00009dec       0x74 ./src/nfc/NxpNfcRdLib/comps/phacDiscLoop/src/Sw/phacDiscLoop_Sw_Int_F.o
                0x00009dec                phacDiscLoop_Sw_DetTechTypeF
 .text.phacDiscLoop_Sw_Int_CollisionResolutionF
                0x00009e60      0x124 ./src/nfc/NxpNfcRdLib/comps/phacDiscLoop/src/Sw/phacDiscLoop_Sw_Int_F.o
                0x00009e60                phacDiscLoop_Sw_Int_CollisionResolutionF
 .text.phacDiscLoop_Sw_Int_ActivateF
                0x00009f84      0x128 ./src/nfc/NxpNfcRdLib/comps/phacDiscLoop/src/Sw/phacDiscLoop_Sw_Int_F.o
                0x00009f84                phacDiscLoop_Sw_Int_ActivateF
 .text.phacDiscLoop_Sw_Int_Config_GTF
                0x0000a0ac       0x54 ./src/nfc/NxpNfcRdLib/comps/phacDiscLoop/src/Sw/phacDiscLoop_Sw_Int_F.o
                0x0000a0ac                phacDiscLoop_Sw_Int_Config_GTF
 .text.phacDiscLoop_Sw_DetTechTypeI18000p3m3
                0x0000a100        0x8 ./src/nfc/NxpNfcRdLib/comps/phacDiscLoop/src/Sw/phacDiscLoop_Sw_Int_I18000p3m3.o
                0x0000a100                phacDiscLoop_Sw_DetTechTypeI18000p3m3
 .text.phacDiscLoop_Sw_Int_CollisionResolutionI18000p3m3
                0x0000a108        0x8 ./src/nfc/NxpNfcRdLib/comps/phacDiscLoop/src/Sw/phacDiscLoop_Sw_Int_I18000p3m3.o
                0x0000a108                phacDiscLoop_Sw_Int_CollisionResolutionI18000p3m3
 .text.phacDiscLoop_Sw_Int_ActivateI18000p3m3
                0x0000a110        0x8 ./src/nfc/NxpNfcRdLib/comps/phacDiscLoop/src/Sw/phacDiscLoop_Sw_Int_I18000p3m3.o
                0x0000a110                phacDiscLoop_Sw_Int_ActivateI18000p3m3
 .text.phacDiscLoop_Sw_DetTechTypeV
                0x0000a118        0x8 ./src/nfc/NxpNfcRdLib/comps/phacDiscLoop/src/Sw/phacDiscLoop_Sw_Int_V.o
                0x0000a118                phacDiscLoop_Sw_DetTechTypeV
 .text.phacDiscLoop_Sw_Int_CollisionResolutionV
                0x0000a120        0x8 ./src/nfc/NxpNfcRdLib/comps/phacDiscLoop/src/Sw/phacDiscLoop_Sw_Int_V.o
                0x0000a120                phacDiscLoop_Sw_Int_CollisionResolutionV
 .text.phacDiscLoop_Sw_Int_ActivateV
                0x0000a128        0x8 ./src/nfc/NxpNfcRdLib/comps/phacDiscLoop/src/Sw/phacDiscLoop_Sw_Int_V.o
                0x0000a128                phacDiscLoop_Sw_Int_ActivateV
 .text.phTools_CalculateCrc16
                0x0000a130       0xe8 ./src/nfc/NxpNfcRdLib/comps/phTools/src/phTools.o
                0x0000a130                phTools_CalculateCrc16
 .text.phNfcLib_SetContext
                0x0000a218       0x18 ./src/nfc/NxpNfcRdLib/comps/phNfcLib/src/phNfcLib_Initialization.o
                0x0000a218                phNfcLib_SetContext
 .text.phNfcLib_Init
                0x0000a230      0x1cc ./src/nfc/NxpNfcRdLib/comps/phNfcLib/src/phNfcLib_Initialization.o
                0x0000a230                phNfcLib_Init
 .text.phNfcLib_DeInit
                0x0000a3fc       0x50 ./src/nfc/NxpNfcRdLib/comps/phNfcLib/src/phNfcLib_Initialization.o
                0x0000a3fc                phNfcLib_DeInit
 .text.phNfcLib_GetDataParams
                0x0000a44c       0xbc ./src/nfc/NxpNfcRdLib/comps/phNfcLib/src/phNfcLib_Initialization.o
                0x0000a44c                phNfcLib_GetDataParams
 .text.phKeyStore_Sw_Init
                0x0000a508       0xac ./src/nfc/NxpNfcRdLib/comps/phKeyStore/src/Sw/phKeyStore_Sw.o
                0x0000a508                phKeyStore_Sw_Init
 .text.phKeyStore_Sw_FormatKeyEntry
                0x0000a5b4       0x5c ./src/nfc/NxpNfcRdLib/comps/phKeyStore/src/Sw/phKeyStore_Sw.o
                0x0000a5b4                phKeyStore_Sw_FormatKeyEntry
 .text.phKeyStore_Sw_SetKey
                0x0000a610       0x74 ./src/nfc/NxpNfcRdLib/comps/phKeyStore/src/Sw/phKeyStore_Sw.o
                0x0000a610                phKeyStore_Sw_SetKey
 .text.phKeyStore_Sw_GetKey
                0x0000a684       0xa4 ./src/nfc/NxpNfcRdLib/comps/phKeyStore/src/Sw/phKeyStore_Sw.o
                0x0000a684                phKeyStore_Sw_GetKey
 .text.phKeyStore_GetKeySize
                0x0000a728       0x14 ./src/nfc/NxpNfcRdLib/comps/phKeyStore/src/phKeyStore.o
                0x0000a728                phKeyStore_GetKeySize
 .text.phCryptoSym_Sw_Init
                0x0000a73c       0x44 ./src/nfc/NxpNfcRdLib/comps/phCryptoSym/src/Sw/phCryptoSym_Sw.o
                0x0000a73c                phCryptoSym_Sw_Init
 .text.phCryptoSym_Sw_Encrypt
                0x0000a780      0x108 ./src/nfc/NxpNfcRdLib/comps/phCryptoSym/src/Sw/phCryptoSym_Sw.o
                0x0000a780                phCryptoSym_Sw_Encrypt
 .text.phCryptoSym_Sw_CalculateMac
                0x0000a888      0x230 ./src/nfc/NxpNfcRdLib/comps/phCryptoSym/src/Sw/phCryptoSym_Sw.o
                0x0000a888                phCryptoSym_Sw_CalculateMac
 .text.phCryptoSym_Sw_LoadIv
                0x0000aab8       0x34 ./src/nfc/NxpNfcRdLib/comps/phCryptoSym/src/Sw/phCryptoSym_Sw.o
                0x0000aab8                phCryptoSym_Sw_LoadIv
 .text.phCryptoSym_Sw_LoadKeyDirect
                0x0000aaec       0x90 ./src/nfc/NxpNfcRdLib/comps/phCryptoSym/src/Sw/phCryptoSym_Sw.o
                0x0000aaec                phCryptoSym_Sw_LoadKeyDirect
 .text.phCryptoSym_Sw_GetConfig
                0x0000ab7c       0x74 ./src/nfc/NxpNfcRdLib/comps/phCryptoSym/src/Sw/phCryptoSym_Sw.o
                0x0000ab7c                phCryptoSym_Sw_GetConfig
 .text.phCryptoSym_Sw_Aes_KeyExpansion
                0x0000abf0       0x10 ./src/nfc/NxpNfcRdLib/comps/phCryptoSym/src/Sw/phCryptoSym_Sw_Aes.o
                0x0000abf0                phCryptoSym_Sw_Aes_KeyExpansion
 .text.phCryptoSym_Sw_Aes_SubBytesShiftRows
                0x0000ac00       0x6c ./src/nfc/NxpNfcRdLib/comps/phCryptoSym/src/Sw/phCryptoSym_Sw_Aes.o
                0x0000ac00                phCryptoSym_Sw_Aes_SubBytesShiftRows
 .text.phCryptoSym_Sw_Aes_InvSubBytesShiftRows
                0x0000ac6c       0x6c ./src/nfc/NxpNfcRdLib/comps/phCryptoSym/src/Sw/phCryptoSym_Sw_Aes.o
                0x0000ac6c                phCryptoSym_Sw_Aes_InvSubBytesShiftRows
 .text.phCryptoSym_Sw_Aes_MixColumns
                0x0000acd8       0x7c ./src/nfc/NxpNfcRdLib/comps/phCryptoSym/src/Sw/phCryptoSym_Sw_Aes.o
                0x0000acd8                phCryptoSym_Sw_Aes_MixColumns
 .text.phCryptoSym_Sw_Aes_InvMixColumns
                0x0000ad54       0xf8 ./src/nfc/NxpNfcRdLib/comps/phCryptoSym/src/Sw/phCryptoSym_Sw_Aes.o
                0x0000ad54                phCryptoSym_Sw_Aes_InvMixColumns
 .text.phCryptoSym_Sw_Aes_AddRoundKey
                0x0000ae4c      0x190 ./src/nfc/NxpNfcRdLib/comps/phCryptoSym/src/Sw/phCryptoSym_Sw_Aes.o
                0x0000ae4c                phCryptoSym_Sw_Aes_AddRoundKey
 .text.phCryptoSym_Sw_Aes_EncryptBlock
                0x0000afdc       0x9c ./src/nfc/NxpNfcRdLib/comps/phCryptoSym/src/Sw/phCryptoSym_Sw_Aes.o
                0x0000afdc                phCryptoSym_Sw_Aes_EncryptBlock
 .text.phCryptoSym_Sw_Aes_DecryptBlock
                0x0000b078       0xec ./src/nfc/NxpNfcRdLib/comps/phCryptoSym/src/Sw/phCryptoSym_Sw_Aes.o
                0x0000b078                phCryptoSym_Sw_Aes_DecryptBlock
 .text.phCryptoSym_Sw_Des_Permutate_IP
                0x0000b164       0x68 ./src/nfc/NxpNfcRdLib/comps/phCryptoSym/src/Sw/phCryptoSym_Sw_Des.o
                0x0000b164                phCryptoSym_Sw_Des_Permutate_IP
 .text.phCryptoSym_Sw_Des_Permutate_IP_Inv
                0x0000b1cc       0x6c ./src/nfc/NxpNfcRdLib/comps/phCryptoSym/src/Sw/phCryptoSym_Sw_Des.o
                0x0000b1cc                phCryptoSym_Sw_Des_Permutate_IP_Inv
 .text.phCryptoSym_Sw_Des_PC1_Permutation
                0x0000b238       0x80 ./src/nfc/NxpNfcRdLib/comps/phCryptoSym/src/Sw/phCryptoSym_Sw_Des.o
                0x0000b238                phCryptoSym_Sw_Des_PC1_Permutation
 .text.phCryptoSym_Sw_Des_KeyInit
                0x0000b2b8       0x24 ./src/nfc/NxpNfcRdLib/comps/phCryptoSym/src/Sw/phCryptoSym_Sw_Des.o
                0x0000b2b8                phCryptoSym_Sw_Des_KeyInit
 .text.phCryptoSym_Sw_Des_PC2_Permutation
                0x0000b2dc      0x254 ./src/nfc/NxpNfcRdLib/comps/phCryptoSym/src/Sw/phCryptoSym_Sw_Des.o
                0x0000b2dc                phCryptoSym_Sw_Des_PC2_Permutation
 .text.phCryptoSym_Sw_Des_RotateRight28
                0x0000b530       0x50 ./src/nfc/NxpNfcRdLib/comps/phCryptoSym/src/Sw/phCryptoSym_Sw_Des.o
                0x0000b530                phCryptoSym_Sw_Des_RotateRight28
 .text.phCryptoSym_Sw_Des_Expand
                0x0000b580       0x78 ./src/nfc/NxpNfcRdLib/comps/phCryptoSym/src/Sw/phCryptoSym_Sw_Des.o
                0x0000b580                phCryptoSym_Sw_Des_Expand
 .text.phCryptoSym_Sw_Des_F
                0x0000b5f8      0x1d4 ./src/nfc/NxpNfcRdLib/comps/phCryptoSym/src/Sw/phCryptoSym_Sw_Des.o
                0x0000b5f8                phCryptoSym_Sw_Des_F
 .text.phCryptoSym_Sw_Des_DecryptBlock
                0x0000b7cc       0xb4 ./src/nfc/NxpNfcRdLib/comps/phCryptoSym/src/Sw/phCryptoSym_Sw_Des.o
                0x0000b7cc                phCryptoSym_Sw_Des_DecryptBlock
 .text.phCryptoSym_Sw_Des_EncryptBlock
                0x0000b880      0x128 ./src/nfc/NxpNfcRdLib/comps/phCryptoSym/src/Sw/phCryptoSym_Sw_Des.o
                0x0000b880                phCryptoSym_Sw_Des_EncryptBlock
 .text.phCryptoSym_Sw_EncryptBlock
                0x0000b9a8       0x7c ./src/nfc/NxpNfcRdLib/comps/phCryptoSym/src/Sw/phCryptoSym_Sw_Int.o
                0x0000b9a8                phCryptoSym_Sw_EncryptBlock
 .text.phCryptoSym_Sw_CMAC_GenerateK1K2
                0x0000ba24       0xb0 ./src/nfc/NxpNfcRdLib/comps/phCryptoSym/src/Sw/phCryptoSym_Sw_Int.o
                0x0000ba24                phCryptoSym_Sw_CMAC_GenerateK1K2
 .text.phCryptoSym_Sw_DecryptBlock
                0x0000bad4       0x64 ./src/nfc/NxpNfcRdLib/comps/phCryptoSym/src/Sw/phCryptoSym_Sw_Int.o
                0x0000bad4                phCryptoSym_Sw_DecryptBlock
 .text.phCryptoSym_Encrypt
                0x0000bb38       0x44 ./src/nfc/NxpNfcRdLib/comps/phCryptoSym/src/phCryptoSym.o
                0x0000bb38                phCryptoSym_Encrypt
 .text.phCryptoSym_CalculateMac
                0x0000bb7c       0x4c ./src/nfc/NxpNfcRdLib/comps/phCryptoSym/src/phCryptoSym.o
                0x0000bb7c                phCryptoSym_CalculateMac
 .text.phCryptoSym_LoadIv
                0x0000bbc8       0x38 ./src/nfc/NxpNfcRdLib/comps/phCryptoSym/src/phCryptoSym.o
                0x0000bbc8                phCryptoSym_LoadIv
 .text.phCryptoSym_LoadKeyDirect
                0x0000bc00       0x38 ./src/nfc/NxpNfcRdLib/comps/phCryptoSym/src/phCryptoSym.o
                0x0000bc00                phCryptoSym_LoadKeyDirect
 .text.phCryptoRng_Sw_BlockCipherDf.part.0
                0x0000bc38       0xb8 ./src/nfc/NxpNfcRdLib/comps/phCryptoRng/src/Sw/phCryptoRng_Sw.o
 .text.phCryptoRng_Sw_Init
                0x0000bcf0       0x34 ./src/nfc/NxpNfcRdLib/comps/phCryptoRng/src/Sw/phCryptoRng_Sw.o
                0x0000bcf0                phCryptoRng_Sw_Init
 .text.phCryptoRng_Sw_Update
                0x0000bd24       0xc0 ./src/nfc/NxpNfcRdLib/comps/phCryptoRng/src/Sw/phCryptoRng_Sw.o
                0x0000bd24                phCryptoRng_Sw_Update
 .text.phCryptoRng_Sw_Instantiate
                0x0000bde4       0xa8 ./src/nfc/NxpNfcRdLib/comps/phCryptoRng/src/Sw/phCryptoRng_Sw.o
                0x0000bde4                phCryptoRng_Sw_Instantiate
 .text.phCryptoRng_Sw_Seed
                0x0000be8c       0x90 ./src/nfc/NxpNfcRdLib/comps/phCryptoRng/src/Sw/phCryptoRng_Sw.o
                0x0000be8c                phCryptoRng_Sw_Seed
 .text.phCryptoRng_Seed
                0x0000bf1c       0x3c ./src/nfc/NxpNfcRdLib/comps/phCryptoRng/src/phCryptoRng.o
                0x0000bf1c                phCryptoRng_Seed
 .text.phDriver_TimerIsrCallBack
                0x0000bf58       0x10 ./src/nfc/DAL/src/R7FA2L1AB2DFP/phDriver_R7FA2L1AB2DFPOpen.o
 .text.phDriver_TimerStart
                0x0000bf68       0xbc ./src/nfc/DAL/src/R7FA2L1AB2DFP/phDriver_R7FA2L1AB2DFPOpen.o
                0x0000bf68                phDriver_TimerStart
 .text.phDriver_TimerStop
                0x0000c024       0x1c ./src/nfc/DAL/src/R7FA2L1AB2DFP/phDriver_R7FA2L1AB2DFPOpen.o
                0x0000c024                phDriver_TimerStop
 .text.phDriver_PinConfig
                0x0000c040       0x64 ./src/nfc/DAL/src/R7FA2L1AB2DFP/phDriver_R7FA2L1AB2DFPOpen.o
                0x0000c040                phDriver_PinConfig
 .text.phDriver_PinRead
                0x0000c0a4       0x2c ./src/nfc/DAL/src/R7FA2L1AB2DFP/phDriver_R7FA2L1AB2DFPOpen.o
                0x0000c0a4                phDriver_PinRead
 .text.phDriver_IRQPinPoll
                0x0000c0d0       0x44 ./src/nfc/DAL/src/R7FA2L1AB2DFP/phDriver_R7FA2L1AB2DFPOpen.o
                0x0000c0d0                phDriver_IRQPinPoll
 .text.phDriver_PinWrite
                0x0000c114       0x78 ./src/nfc/DAL/src/R7FA2L1AB2DFP/phDriver_R7FA2L1AB2DFPOpen.o
                0x0000c114                phDriver_PinWrite
 .text.phDriver_PinClearIntStatus
                0x0000c18c        0x4 ./src/nfc/DAL/src/R7FA2L1AB2DFP/phDriver_R7FA2L1AB2DFPOpen.o
                0x0000c18c                phDriver_PinClearIntStatus
 .text.g_timer10_callback
                0x0000c190       0x14 ./src/nfc/DAL/src/R7FA2L1AB2DFP/phDriver_R7FA2L1AB2DFPOpen.o
                0x0000c190                g_timer10_callback
 .text.phDriver_EnterCriticalSection
                0x0000c1a4        0x4 ./src/nfc/DAL/src/R7FA2L1AB2DFP/phDriver_R7FA2L1AB2DFPOpen.o
                0x0000c1a4                phDriver_EnterCriticalSection
 .text.phDriver_ExitCriticalSection
                0x0000c1a8        0x4 ./src/nfc/DAL/src/R7FA2L1AB2DFP/phDriver_R7FA2L1AB2DFPOpen.o
                0x0000c1a8                phDriver_ExitCriticalSection
 .text.phDriver_IRQPinRead
                0x0000c1ac       0x2c ./src/nfc/DAL/src/R7FA2L1AB2DFP/phDriver_R7FA2L1AB2DFPOpen.o
                0x0000c1ac                phDriver_IRQPinRead
 .text.phbalReg_Init
                0x0000c1d8       0x48 ./src/nfc/DAL/src/R7FA2L1AB2DFP/phbalReg_R7FA2L1AB2DFPOpenSpi.o
                0x0000c1d8                phbalReg_Init
 .text.phbalReg_Exchange
                0x0000c220       0xa0 ./src/nfc/DAL/src/R7FA2L1AB2DFP/phbalReg_R7FA2L1AB2DFPOpenSpi.o
                0x0000c220                phbalReg_Exchange
 .text.g_spi1_callback
                0x0000c2c0       0x20 ./src/nfc/DAL/src/R7FA2L1AB2DFP/phbalReg_R7FA2L1AB2DFPOpenSpi.o
                0x0000c2c0                g_spi1_callback
 .text.NFCSetTargetCard
                0x0000c2e0        0xc ./src/nfc/nfc_ctrl.o
                0x0000c2e0                NFCSetTargetCard
 .text.NFCGetFwVersion
                0x0000c2ec        0xc ./src/nfc/nfc_ctrl.o
                0x0000c2ec                NFCGetFwVersion
 .text.NFCGetOutputPowerVoltage
                0x0000c2f8        0xc ./src/nfc/nfc_ctrl.o
                0x0000c2f8                NFCGetOutputPowerVoltage
 .text.NFCSetOutputPowerVoltage
                0x0000c304       0x18 ./src/nfc/nfc_ctrl.o
                0x0000c304                NFCSetOutputPowerVoltage
 .text.NFCGetOutputPowerCurrent
                0x0000c31c        0xc ./src/nfc/nfc_ctrl.o
                0x0000c31c                NFCGetOutputPowerCurrent
 .text.NFCSetOutputPowerCurrent
                0x0000c328       0x20 ./src/nfc/nfc_ctrl.o
                0x0000c328                NFCSetOutputPowerCurrent
 .text.NFCParameterUpdate
                0x0000c348       0x10 ./src/nfc/nfc_ctrl.o
                0x0000c348                NFCParameterUpdate
 .text.ReadMifare
                0x0000c358      0x154 ./src/nfc/nfc_ctrl.o
                0x0000c358                ReadMifare
 .text.ReadFeliCa
                0x0000c4ac      0x104 ./src/nfc/nfc_ctrl.o
                0x0000c4ac                ReadFeliCa
 .text.ReadNFC  0x0000c5b0      0x118 ./src/nfc/nfc_ctrl.o
                0x0000c5b0                ReadNFC
 .text.InitNFC  0x0000c6c8       0x6c ./src/nfc/nfc_ctrl.o
                0x0000c6c8                InitNFC
 .text.NFCForumProcess
                0x0000c734      0x1f8 ./src/nfc/nfc_ctrl.o
                0x0000c734                NFCForumProcess
 .text.DiscoveryLoop
                0x0000c92c      0x2a0 ./src/nfc/nfc_ctrl.o
                0x0000c92c                DiscoveryLoop
 .text.DoNFC    0x0000cbcc      0x144 ./src/nfc/nfc_ctrl.o
                0x0000cbcc                DoNFC
 .text.phApp_Comp_Init
                0x0000cd10        0x4 ./src/nfc/phApp_Init.o
                0x0000cd10                phApp_Comp_Init
 .text.phApp_Configure_IRQ
                0x0000cd14       0x20 ./src/nfc/phApp_Init.o
                0x0000cd14                phApp_Configure_IRQ
 .text.phApp_HALConfigAutoColl
                0x0000cd34      0x10c ./src/nfc/phApp_PN5190_Init.o
                0x0000cd34                phApp_HALConfigAutoColl
 .text.phApp_Pn5190_SPIRead
                0x0000ce40       0x4c ./src/nfc/phApp_PN5190_Init.o
                0x0000ce40                phApp_Pn5190_SPIRead
 .text.phApp_CallBack
                0x0000ce8c       0xa4 ./src/nfc/phApp_PN5190_Init.o
                0x0000ce8c                phApp_CallBack
 .text.CLIF_IRQHandler.part.0
                0x0000cf30       0x7c ./src/nfc/phApp_PN5190_Init.o
 .text.g_external_irq_callback
                0x0000cfac       0x20 ./src/nfc/phApp_PN5190_Init.o
                0x0000cfac                g_external_irq_callback
 .text.phApp_SetOutputPowerVoltage
                0x0000cfcc       0x50 ./src/nfc/phApp_PN5190_Init.o
                0x0000cfcc                phApp_SetOutputPowerVoltage
 .text.phApp_SetOutputPowerCurrent
                0x0000d01c       0x54 ./src/nfc/phApp_PN5190_Init.o
                0x0000d01c                phApp_SetOutputPowerCurrent
 .text.phApp_GetPn5910FwVersion
                0x0000d070       0x24 ./src/nfc/phApp_PN5190_Init.o
                0x0000d070                phApp_GetPn5910FwVersion
 .text._ZN8BaseTask9PrintInfoEPFvPKcE
                0x0000d094       0x10 ./src/Task/CommandReceiver.o
                0x0000d094                BaseTask::PrintInfo(void (*)(char const*))
 .text._ZN15CommandReceiverD2Ev
                0x0000d0a4        0x4 ./src/Task/CommandReceiver.o
                0x0000d0a4                CommandReceiver::~CommandReceiver()
                0x0000d0a4                CommandReceiver::~CommandReceiver()
 .text._ZN15CommandReceiver11GetTaskNameEv
                0x0000d0a8        0xc ./src/Task/CommandReceiver.o
                0x0000d0a8                CommandReceiver::GetTaskName()
 .text._ZN15CommandReceiverD0Ev
                0x0000d0b4        0xc ./src/Task/CommandReceiver.o
                0x0000d0b4                CommandReceiver::~CommandReceiver()
 .text._ZN15CommandReceiver24WaitingInst_TmoutRcvInstEP8BaseTaskmPKhm
                0x0000d0c0        0xc ./src/Task/CommandReceiver.o
                0x0000d0c0                CommandReceiver::WaitingInst_TmoutRcvInst(BaseTask*, unsigned long, unsigned char const*, unsigned long)
 .text._ZN15CommandReceiver13DoReboot_IdleEP8BaseTaskmPKhm
                0x0000d0cc       0x1c ./src/Task/CommandReceiver.o
                0x0000d0cc                CommandReceiver::DoReboot_Idle(BaseTask*, unsigned long, unsigned char const*, unsigned long)
 .text._ZN15CommandReceiver17WaitingInst_EnterEP8BaseTask
                0x0000d0e8       0x10 ./src/Task/CommandReceiver.o
                0x0000d0e8                CommandReceiver::WaitingInst_Enter(BaseTask*)
 .text._ZN15CommandReceiver16WaitingInst_ExitEP8BaseTask
                0x0000d0f8        0xc ./src/Task/CommandReceiver.o
                0x0000d0f8                CommandReceiver::WaitingInst_Exit(BaseTask*)
 .text._ZN15CommandReceiverC2Ev
                0x0000d104      0x13c ./src/Task/CommandReceiver.o
                0x0000d104                CommandReceiver::CommandReceiver()
                0x0000d104                CommandReceiver::CommandReceiver()
 .text._ZN15CommandReceiver53SendInstructEvent_To_DataManager_And_OutputControllerEPKh
                0x0000d240       0x84 ./src/Task/CommandReceiver.o
                0x0000d240                CommandReceiver::SendInstructEvent_To_DataManager_And_OutputController(unsigned char const*)
 .text._ZN15CommandReceiver17UartCheckAndResetEv
                0x0000d2c4       0x80 ./src/Task/CommandReceiver.o
                0x0000d2c4                CommandReceiver::UartCheckAndReset()
 .text._ZN15CommandReceiver13Dormant_StartEP8BaseTaskmPKhm
                0x0000d344       0xc4 ./src/Task/CommandReceiver.o
                0x0000d344                CommandReceiver::Dormant_Start(BaseTask*, unsigned long, unsigned char const*, unsigned long)
 .text._ZN15CommandReceiver21ExtractReceivedPacketEv
                0x0000d408      0x178 ./src/Task/CommandReceiver.o
                0x0000d408                CommandReceiver::ExtractReceivedPacket()
 .text._ZN15CommandReceiver14CheckCollisionEv
                0x0000d580       0x84 ./src/Task/CommandReceiver.o
                0x0000d580                CommandReceiver::CheckCollision()
 .text._ZN15CommandReceiver16Xxx_RdDataSendedEP8BaseTaskmPKhm
                0x0000d604       0x20 ./src/Task/CommandReceiver.o
                0x0000d604                CommandReceiver::Xxx_RdDataSended(BaseTask*, unsigned long, unsigned char const*, unsigned long)
 .text._ZN15CommandReceiver18Xxx_PacketReceivedEP8BaseTaskmPKhm
                0x0000d624      0x1fc ./src/Task/CommandReceiver.o
                0x0000d624                CommandReceiver::Xxx_PacketReceived(BaseTask*, unsigned long, unsigned char const*, unsigned long)
 .text._ZN15CommandReceiver40ExtractReceivedPacketAndNoticeInnerEventEv
                0x0000d820       0x68 ./src/Task/CommandReceiver.o
                0x0000d820                CommandReceiver::ExtractReceivedPacketAndNoticeInnerEvent()
 .text._ZN15CommandReceiver8Xxx_IdleEP8BaseTaskmPKhm
                0x0000d888       0x10 ./src/Task/CommandReceiver.o
                0x0000d888                CommandReceiver::Xxx_Idle(BaseTask*, unsigned long, unsigned char const*, unsigned long)
 .text._ZN15BaseInDataFlash9AfterLoadEv
                0x0000d898        0x4 ./src/Task/DataManager.o
                0x0000d898                BaseInDataFlash::AfterLoad()
 .text._ZN21DataStoredInDataFlash11GetVeeRecIdEv
                0x0000d89c        0x4 ./src/Task/DataManager.o
                0x0000d89c                DataStoredInDataFlash::GetVeeRecId()
 .text._ZN21DataStoredInDataFlash10GetRecSizeEv
                0x0000d8a0        0x4 ./src/Task/DataManager.o
                0x0000d8a0                DataStoredInDataFlash::GetRecSize()
 .text._ZN21DataStoredInDataFlash16GetBufferPointerEv
                0x0000d8a4        0x4 ./src/Task/DataManager.o
                0x0000d8a4                DataStoredInDataFlash::GetBufferPointer()
 .text._ZN21DataStoredInDataFlashD2Ev
                0x0000d8a8        0x4 ./src/Task/DataManager.o
                0x0000d8a8                DataStoredInDataFlash::~DataStoredInDataFlash()
                0x0000d8a8                DataStoredInDataFlash::~DataStoredInDataFlash()
 .text._ZN28SystemErrorStoredInDataFlash11GetVeeRecIdEv
                0x0000d8ac        0x4 ./src/Task/DataManager.o
                0x0000d8ac                SystemErrorStoredInDataFlash::GetVeeRecId()
 .text._ZN28SystemErrorStoredInDataFlash10GetRecSizeEv
                0x0000d8b0        0x8 ./src/Task/DataManager.o
                0x0000d8b0                SystemErrorStoredInDataFlash::GetRecSize()
 .text._ZN28SystemErrorStoredInDataFlash16GetBufferPointerEv
                0x0000d8b8        0x4 ./src/Task/DataManager.o
                0x0000d8b8                SystemErrorStoredInDataFlash::GetBufferPointer()
 .text._ZN28SystemErrorStoredInDataFlashD2Ev
                0x0000d8bc        0x4 ./src/Task/DataManager.o
                0x0000d8bc                SystemErrorStoredInDataFlash::~SystemErrorStoredInDataFlash()
                0x0000d8bc                SystemErrorStoredInDataFlash::~SystemErrorStoredInDataFlash()
 .text._ZN11DataManagerD2Ev
                0x0000d8c0        0x4 ./src/Task/DataManager.o
                0x0000d8c0                DataManager::~DataManager()
                0x0000d8c0                DataManager::~DataManager()
 .text._ZN11DataManager11GetTaskNameEv
                0x0000d8c4        0xc ./src/Task/DataManager.o
                0x0000d8c4                DataManager::GetTaskName()
 .text._ZN11DataManager9PrintInfoEPFvPKcE
                0x0000d8d0        0x4 ./src/Task/DataManager.o
                0x0000d8d0                DataManager::PrintInfo(void (*)(char const*))
 .text._ZN28SystemErrorStoredInDataFlashD0Ev
                0x0000d8d4        0xc ./src/Task/DataManager.o
                0x0000d8d4                SystemErrorStoredInDataFlash::~SystemErrorStoredInDataFlash()
 .text._ZN21DataStoredInDataFlashD0Ev
                0x0000d8e0        0xc ./src/Task/DataManager.o
                0x0000d8e0                DataStoredInDataFlash::~DataStoredInDataFlash()
 .text._ZN11DataManagerD0Ev
                0x0000d8ec        0xc ./src/Task/DataManager.o
                0x0000d8ec                DataManager::~DataManager()
 .text._ZN11DataManager34WaitReaderStarted_NfcReaderStartedEP8BaseTaskmPKhm
                0x0000d8f8       0x1c ./src/Task/DataManager.o
                0x0000d8f8                DataManager::WaitReaderStarted_NfcReaderStarted(BaseTask*, unsigned long, unsigned char const*, unsigned long)
 .text._ZN11DataManager40WaitReaderStarted_TmoutWaitReaderStartedEP8BaseTaskmPKhm
                0x0000d914        0xc ./src/Task/DataManager.o
                0x0000d914                DataManager::WaitReaderStarted_TmoutWaitReaderStarted(BaseTask*, unsigned long, unsigned char const*, unsigned long)
 .text._ZN11DataManager35WaitResetdataSended_ResetDataSendedEP8BaseTaskmPKhm
                0x0000d920        0xc ./src/Task/DataManager.o
                0x0000d920                DataManager::WaitResetdataSended_ResetDataSended(BaseTask*, unsigned long, unsigned char const*, unsigned long)
 .text._ZN11DataManager22WaitReaderStarted_ExitEP8BaseTask
                0x0000d92c        0xc ./src/Task/DataManager.o
                0x0000d92c                DataManager::WaitReaderStarted_Exit(BaseTask*)
 .text._ZN11DataManager12Running_ExitEP8BaseTask
                0x0000d938        0xc ./src/Task/DataManager.o
                0x0000d938                DataManager::Running_Exit(BaseTask*)
 .text._ZN11DataManager23WaitReaderStarted_EnterEP8BaseTask
                0x0000d944       0x78 ./src/Task/DataManager.o
                0x0000d944                DataManager::WaitReaderStarted_Enter(BaseTask*)
 .text._ZN21DataStoredInDataFlash9AfterLoadEv
                0x0000d9bc       0x34 ./src/Task/DataManager.o
                0x0000d9bc                DataStoredInDataFlash::AfterLoad()
 .text.vee_callback
                0x0000d9f0       0x14 ./src/Task/DataManager.o
                0x0000d9f0                vee_callback
 .text._ZN11DataManagerC2Ev
                0x0000da04      0x228 ./src/Task/DataManager.o
                0x0000da04                DataManager::DataManager()
                0x0000da04                DataManager::DataManager()
 .text._ZN11DataManager16GetSelFuncFelicaEv
                0x0000dc2c       0x18 ./src/Task/DataManager.o
                0x0000dc2c                DataManager::GetSelFuncFelica()
 .text._ZN11DataManager16GetSelFuncMifareEv
                0x0000dc44       0x2c ./src/Task/DataManager.o
                0x0000dc44                DataManager::GetSelFuncMifare()
 .text._ZN11DataManager15IsSelFuncBuzzerEv
                0x0000dc70       0x14 ./src/Task/DataManager.o
                0x0000dc70                DataManager::IsSelFuncBuzzer()
 .text._ZN11DataManager6IOFuncEv
                0x0000dc84       0x14 ./src/Task/DataManager.o
                0x0000dc84                DataManager::IOFunc()
 .text._ZN11DataManager16GetReaderAddressEv
                0x0000dc98       0x14 ./src/Task/DataManager.o
                0x0000dc98                DataManager::GetReaderAddress()
 .text._ZN11DataManager12SetErrorFlagE16ERRORFLAG_OFFSET9ERRORFLAG
                0x0000dcac       0x20 ./src/Task/DataManager.o
                0x0000dcac                DataManager::SetErrorFlag(ERRORFLAG_OFFSET, ERRORFLAG)
 .text._ZN11DataManager13AddEventCountE11EVENT_COUNT
                0x0000dccc       0x40 ./src/Task/DataManager.o
                0x0000dccc                DataManager::AddEventCount(EVENT_COUNT)
 .text._ZN11DataManager13GetRomDataBufEv
                0x0000dd0c        0x4 ./src/Task/DataManager.o
                0x0000dd0c                DataManager::GetRomDataBuf()
 .text._ZN11DataManager13GetInfoDipSw1Ev
                0x0000dd10        0x8 ./src/Task/DataManager.o
                0x0000dd10                DataManager::GetInfoDipSw1()
 .text._ZN11DataManager13GetInfoDipSw2Ev
                0x0000dd18        0x8 ./src/Task/DataManager.o
                0x0000dd18                DataManager::GetInfoDipSw2()
 .text._ZN11DataManager11GetCheckSumEv
                0x0000dd20        0x8 ./src/Task/DataManager.o
                0x0000dd20                DataManager::GetCheckSum()
 .text._ZN11DataManager13SetForcedStopEv
                0x0000dd28        0xc ./src/Task/DataManager.o
                0x0000dd28                DataManager::SetForcedStop()
 .text._ZN11DataManager14DataFlashEraseEv
                0x0000dd34       0x88 ./src/Task/DataManager.o
                0x0000dd34                DataManager::DataFlashErase()
 .text._ZN11DataManager9LoadDipSwEv
                0x0000ddbc      0x144 ./src/Task/DataManager.o
                0x0000ddbc                DataManager::LoadDipSw()
 .text._ZN14StoredDataInfo5ClearEv
                0x0000df00       0x3c ./src/Task/DataManager.o
                0x0000df00                StoredDataInfo::Clear()
 .text._ZN28SystemErrorStoredInDataFlash19SetInfoSysErrOccursEPKcmS1_S1_m
                0x0000df3c      0x140 ./src/Task/DataManager.o
                0x0000df3c                SystemErrorStoredInDataFlash::SetInfoSysErrOccurs(char const*, unsigned long, char const*, char const*, unsigned long)
 .text._ZN15BaseInDataFlash4LoadEv
                0x0000e07c       0xb4 ./src/Task/DataManager.o
                0x0000e07c                BaseInDataFlash::Load()
 .text._ZN15BaseInDataFlash6UpdateEv
                0x0000e130      0x1d4 ./src/Task/DataManager.o
                0x0000e130                BaseInDataFlash::Update()
 .text._ZN11DataManager13Running_EnterEP8BaseTask
                0x0000e304       0x4c ./src/Task/DataManager.o
                0x0000e304                DataManager::Running_Enter(BaseTask*)
 .text._ZN11DataManager21Running_ClsCumulativeEP8BaseTaskmPKhm
                0x0000e350       0x48 ./src/Task/DataManager.o
                0x0000e350                DataManager::Running_ClsCumulative(BaseTask*, unsigned long, unsigned char const*, unsigned long)
 .text._ZN11DataManager27Running_TmIntervalRomUpdateEP8BaseTaskmPKhm
                0x0000e398        0xc ./src/Task/DataManager.o
                0x0000e398                DataManager::Running_TmIntervalRomUpdate(BaseTask*, unsigned long, unsigned char const*, unsigned long)
 .text._ZN11DataManager20DataFlashUpdateForceEv
                0x0000e3a4        0xc ./src/Task/DataManager.o
                0x0000e3a4                DataManager::DataFlashUpdateForce()
 .text._ZN11DataManager19SystemSaveAndRebootEv
                0x0000e3b0       0x58 ./src/Task/DataManager.o
                0x0000e3b0                DataManager::SystemSaveAndReboot()
 .text._ZN11DataManager33WaitResetdataSended_TmoutWaitBootEP8BaseTaskmPKhm
                0x0000e408        0x8 ./src/Task/DataManager.o
                0x0000e408                DataManager::WaitResetdataSended_TmoutWaitBoot(BaseTask*, unsigned long, unsigned char const*, unsigned long)
 .text._ZN11DataManager62__WaitResetdataSended_IfDoneShortestTimeToStartCommandReceiverEv.part.0
                0x0000e410       0x48 ./src/Task/DataManager.o
 .text._ZN11DataManager25WaitResetdataSended_EnterEP8BaseTask
                0x0000e458       0x30 ./src/Task/DataManager.o
                0x0000e458                DataManager::WaitResetdataSended_Enter(BaseTask*)
 .text._ZN11DataManager41WaitResetdataSended_TmShortestTimeToStartEP8BaseTaskmPKhm
                0x0000e488       0x30 ./src/Task/DataManager.o
                0x0000e488                DataManager::WaitResetdataSended_TmShortestTimeToStart(BaseTask*, unsigned long, unsigned char const*, unsigned long)
 .text._ZN11DataManager27SetSystemErrorInfoAndRebootEPKcmS1_S1_
                0x0000e4b8       0x38 ./src/Task/DataManager.o
                0x0000e4b8                DataManager::SetSystemErrorInfoAndReboot(char const*, unsigned long, char const*, char const*)
 .text._ZN15BaseInDataFlash6FormatEv
                0x0000e4f0       0x9c ./src/Task/DataManager.o
                0x0000e4f0                BaseInDataFlash::Format()
 .text._ZN11DataManager15DataFlashFormatEv
                0x0000e58c       0x50 ./src/Task/DataManager.o
                0x0000e58c                DataManager::DataFlashFormat()
 .text._ZN11DataManager31PrintInfo_DataStoredInDataFlashEPFvPKcE
                0x0000e5dc       0x64 ./src/Task/DataManager.o
                0x0000e5dc                DataManager::PrintInfo_DataStoredInDataFlash(void (*)(char const*))
 .text._ZN11DataManager38PrintInfo_SystemErrorStoredInDataFlashEPFvPKcE
                0x0000e640       0xb4 ./src/Task/DataManager.o
                0x0000e640                DataManager::PrintInfo_SystemErrorStoredInDataFlash(void (*)(char const*))
 .text._ZN11DataManager24PrintInfoDataFlashBufferEPFvPKcE
                0x0000e6f4       0x44 ./src/Task/DataManager.o
                0x0000e6f4                DataManager::PrintInfoDataFlashBuffer(void (*)(char const*))
 .text._ZN11DataManager15PrintInfo_BoardEPFvPKcE
                0x0000e738       0x78 ./src/Task/DataManager.o
                0x0000e738                DataManager::PrintInfo_Board(void (*)(char const*))
 .text._ZN11DataManager13Dormant_StartEP8BaseTaskmPKhm
                0x0000e7b0       0xc4 ./src/Task/DataManager.o
                0x0000e7b0                DataManager::Dormant_Start(BaseTask*, unsigned long, unsigned char const*, unsigned long)
 .text._ZN12DebugCommandD2Ev
                0x0000e874        0x4 ./src/Task/DebugCommand.o
                0x0000e874                DebugCommand::~DebugCommand()
                0x0000e874                DebugCommand::~DebugCommand()
 .text._ZN12DebugCommand11GetTaskNameEv
                0x0000e878        0xc ./src/Task/DebugCommand.o
                0x0000e878                DebugCommand::GetTaskName()
 .text._ZN12DebugCommand10CmdDoDebugElPPKc
                0x0000e884        0x4 ./src/Task/DebugCommand.o
                0x0000e884                DebugCommand::CmdDoDebug(long, char const**)
 .text._ZN12DebugCommandD0Ev
                0x0000e888        0xc ./src/Task/DebugCommand.o
                0x0000e888                DebugCommand::~DebugCommand()
 .text._ZN12DebugCommand12SendPrintSciEPKc
                0x0000e894       0x1c ./src/Task/DebugCommand.o
                0x0000e894                DebugCommand::SendPrintSci(char const*)
 .text._ZN12DebugCommand10Init_EnterEP8BaseTask
                0x0000e8b0       0x10 ./src/Task/DebugCommand.o
                0x0000e8b0                DebugCommand::Init_Enter(BaseTask*)
 .text._ZN12DebugCommand12Running_StopEP8BaseTaskmPKhm
                0x0000e8c0        0xc ./src/Task/DebugCommand.o
                0x0000e8c0                DebugCommand::Running_Stop(BaseTask*, unsigned long, unsigned char const*, unsigned long)
 .text._ZN12DebugCommand10Stop_StartEP8BaseTaskmPKhm
                0x0000e8cc       0xb8 ./src/Task/DebugCommand.o
                0x0000e8cc                DebugCommand::Stop_Start(BaseTask*, unsigned long, unsigned char const*, unsigned long)
 .text._ZN12DebugCommand9CmdRebootElPPKc
                0x0000e984       0x14 ./src/Task/DebugCommand.o
                0x0000e984                DebugCommand::CmdReboot(long, char const**)
 .text._ZN12DebugCommand10CmdVersionElPPKc
                0x0000e998       0x48 ./src/Task/DebugCommand.o
                0x0000e998                DebugCommand::CmdVersion(long, char const**)
 .text._ZN12DebugCommand13Init_InitDispEP8BaseTaskmPKhm
                0x0000e9e0       0x9c ./src/Task/DebugCommand.o
                0x0000e9e0                DebugCommand::Init_InitDisp(BaseTask*, unsigned long, unsigned char const*, unsigned long)
 .text._ZN12DebugCommand12CmdPrintHelpElPPKc
                0x0000ea7c       0xc4 ./src/Task/DebugCommand.o
                0x0000ea7c                DebugCommand::CmdPrintHelp(long, char const**)
 .text._ZN12DebugCommand16CmdPrintTaskLoadElPPKc
                0x0000eb40      0x10c ./src/Task/DebugCommand.o
                0x0000eb40                DebugCommand::CmdPrintTaskLoad(long, char const**)
 .text._ZN12DebugCommand16CmdDataFlashFuncElPPKc
                0x0000ec4c      0x128 ./src/Task/DebugCommand.o
                0x0000ec4c                DebugCommand::CmdDataFlashFunc(long, char const**)
 .text._ZN12DebugCommand12CmdPrintInfoElPPKc
                0x0000ed74      0x120 ./src/Task/DebugCommand.o
                0x0000ed74                DebugCommand::CmdPrintInfo(long, char const**)
 .text._ZN12DebugCommand14CmdPrintStatusElPPKc
                0x0000ee94      0x368 ./src/Task/DebugCommand.o
                0x0000ee94                DebugCommand::CmdPrintStatus(long, char const**)
 .text._ZN12DebugCommand12CmdSendEventElPPKc
                0x0000f1fc      0x2b8 ./src/Task/DebugCommand.o
                0x0000f1fc                DebugCommand::CmdSendEvent(long, char const**)
 .text._ZN12DebugCommand14SendPrintSciExEPKcz
                0x0000f4b4       0x30 ./src/Task/DebugCommand.o
                0x0000f4b4                DebugCommand::SendPrintSciEx(char const*, ...)
 .text._ZN12DebugCommand14CmdSetAntParamElPPKc
                0x0000f4e4      0x178 ./src/Task/DebugCommand.o
                0x0000f4e4                DebugCommand::CmdSetAntParam(long, char const**)
 .text._ZN12DebugCommand13SplitArgumentEPcPlPPKc
                0x0000f65c       0x60 ./src/Task/DebugCommand.o
                0x0000f65c                DebugCommand::SplitArgument(char*, long*, char const**)
 .text._ZN12DebugCommand21SeekAndExecuteCommandEPc
                0x0000f6bc       0xdc ./src/Task/DebugCommand.o
                0x0000f6bc                DebugCommand::SeekAndExecuteCommand(char*)
 .text._ZN12DebugCommand9DoCommandEv
                0x0000f798      0x2bc ./src/Task/DebugCommand.o
                0x0000f798                DebugCommand::DoCommand()
 .text._ZN12DebugCommand12Running_IdleEP8BaseTaskmPKhm
                0x0000fa54        0x8 ./src/Task/DebugCommand.o
                0x0000fa54                DebugCommand::Running_Idle(BaseTask*, unsigned long, unsigned char const*, unsigned long)
 .text._ZN12DebugCommand10GetVerInfoEv
                0x0000fa5c       0xac ./src/Task/DebugCommand.o
                0x0000fa5c                DebugCommand::GetVerInfo()
 .text._ZN12DebugCommandC2Ev
                0x0000fb08      0x134 ./src/Task/DebugCommand.o
                0x0000fb08                DebugCommand::DebugCommand()
                0x0000fb08                DebugCommand::DebugCommand()
 .text._ZN12DebugCommand12SetDebugTimeEl
                0x0000fc3c        0x4 ./src/Task/DebugCommand.o
                0x0000fc3c                DebugCommand::SetDebugTime(long)
 .text._ZN12DebugCommand14PrintDebugTimeEv
                0x0000fc40        0x4 ./src/Task/DebugCommand.o
                0x0000fc40                DebugCommand::PrintDebugTime()
 .text._ZN11EventSenderD2Ev
                0x0000fc44        0x4 ./src/Task/EventSender.o
                0x0000fc44                EventSender::~EventSender()
                0x0000fc44                EventSender::~EventSender()
 .text._ZN11EventSender11GetTaskNameEv
                0x0000fc48        0xc ./src/Task/EventSender.o
                0x0000fc48                EventSender::GetTaskName()
 .text._ZN11EventSenderD0Ev
                0x0000fc54        0xc ./src/Task/EventSender.o
                0x0000fc54                EventSender::~EventSender()
 .text._ZN11EventSender13Dormant_StartEP8BaseTaskmPKhm
                0x0000fc60       0x20 ./src/Task/EventSender.o
                0x0000fc60                EventSender::Dormant_Start(BaseTask*, unsigned long, unsigned char const*, unsigned long)
 .text._ZN11EventSender16WaitResend_EnterEP8BaseTask
                0x0000fc80       0x64 ./src/Task/EventSender.o
                0x0000fc80                EventSender::WaitResend_Enter(BaseTask*)
 .text.CallbackUart0_Rs485DeControl
                0x0000fce4       0x3c ./src/Task/EventSender.o
                0x0000fce4                CallbackUart0_Rs485DeControl
 .text._ZN11EventSenderC2Ev
                0x0000fd20      0x1a8 ./src/Task/EventSender.o
                0x0000fd20                EventSender::EventSender()
                0x0000fd20                EventSender::EventSender()
 .text._ZN11EventSender16GetLatestSendLenEv
                0x0000fec8       0x1c ./src/Task/EventSender.o
                0x0000fec8                EventSender::GetLatestSendLen()
 .text._ZN11EventSender8SendDataEh
                0x0000fee4      0x12c ./src/Task/EventSender.o
                0x0000fee4                EventSender::SendData(unsigned char)
 .text._ZN11EventSender30WaitResend_TmoutResendIntervalEP8BaseTaskmPKhm
                0x00010010       0x18 ./src/Task/EventSender.o
                0x00010010                EventSender::WaitResend_TmoutResendInterval(BaseTask*, unsigned long, unsigned char const*, unsigned long)
 .text._ZN11EventSender15SendReqReadDataEPKh
                0x00010028       0xfc ./src/Task/EventSender.o
                0x00010028                EventSender::SendReqReadData(unsigned char const*)
 .text._ZN11EventSender21WaitOrder_ReqReadDataEP8BaseTaskmPKhm
                0x00010124       0x1c ./src/Task/EventSender.o
                0x00010124                EventSender::WaitOrder_ReqReadData(BaseTask*, unsigned long, unsigned char const*, unsigned long)
 .text._ZN11EventSender16SendReqResetDataEh
                0x00010140       0x80 ./src/Task/EventSender.o
                0x00010140                EventSender::SendReqResetData(unsigned char)
 .text._ZN11EventSender22WaitOrder_ReqResetDataEP8BaseTaskmPKhm
                0x000101c0       0x58 ./src/Task/EventSender.o
                0x000101c0                EventSender::WaitOrder_ReqResetData(BaseTask*, unsigned long, unsigned char const*, unsigned long)
 .text._ZN11EventSender32WaitOrder_ReqResetDataPowerTimerEP8BaseTaskmPKhm
                0x00010218       0x14 ./src/Task/EventSender.o
                0x00010218                EventSender::WaitOrder_ReqResetDataPowerTimer(BaseTask*, unsigned long, unsigned char const*, unsigned long)
 .text._ZN11EventSender17SendReqMemoryDataEPKh
                0x0001022c       0x80 ./src/Task/EventSender.o
                0x0001022c                EventSender::SendReqMemoryData(unsigned char const*)
 .text._ZN11EventSender23WaitOrder_ReqMemoryDataEP8BaseTaskmPKhm
                0x000102ac       0x1c ./src/Task/EventSender.o
                0x000102ac                EventSender::WaitOrder_ReqMemoryData(BaseTask*, unsigned long, unsigned char const*, unsigned long)
 .text._ZN11EventSender14SendReqVerDataEv
                0x000102c8       0x74 ./src/Task/EventSender.o
                0x000102c8                EventSender::SendReqVerData()
 .text._ZN11EventSender20WaitOrder_ReqVerDataEP8BaseTaskmPKhm
                0x0001033c       0x18 ./src/Task/EventSender.o
                0x0001033c                EventSender::WaitOrder_ReqVerData(BaseTask*, unsigned long, unsigned char const*, unsigned long)
 .text._ZN11EventSender18SendReqVerInfoDataEv
                0x00010354       0x60 ./src/Task/EventSender.o
                0x00010354                EventSender::SendReqVerInfoData()
 .text._ZN11EventSender24WaitOrder_ReqVerInfoDataEP8BaseTaskmPKhm
                0x000103b4       0x18 ./src/Task/EventSender.o
                0x000103b4                EventSender::WaitOrder_ReqVerInfoData(BaseTask*, unsigned long, unsigned char const*, unsigned long)
 .text._ZN11EventSender15SendedDataCheckEv
                0x000103cc       0x74 ./src/Task/EventSender.o
                0x000103cc                EventSender::SendedDataCheck()
 .text._ZN11EventSender12Sending_IdleEP8BaseTaskmPKhm
                0x00010440       0x28 ./src/Task/EventSender.o
                0x00010440                EventSender::Sending_Idle(BaseTask*, unsigned long, unsigned char const*, unsigned long)
 .text._ZN11EventSender19Sending_ReqReadDataEP8BaseTaskmPKhm
                0x00010468       0x28 ./src/Task/EventSender.o
                0x00010468                EventSender::Sending_ReqReadData(BaseTask*, unsigned long, unsigned char const*, unsigned long)
 .text._ZN11EventSender20Sending_ReqResetDataEP8BaseTaskmPKhm
                0x00010490       0x30 ./src/Task/EventSender.o
                0x00010490                EventSender::Sending_ReqResetData(BaseTask*, unsigned long, unsigned char const*, unsigned long)
 .text._ZN11EventSender21Sending_ReqMemoryDataEP8BaseTaskmPKhm
                0x000104c0       0x28 ./src/Task/EventSender.o
                0x000104c0                EventSender::Sending_ReqMemoryData(BaseTask*, unsigned long, unsigned char const*, unsigned long)
 .text._ZN11EventSender18Sending_ReqVerDataEP8BaseTaskmPKhm
                0x000104e8       0x24 ./src/Task/EventSender.o
                0x000104e8                EventSender::Sending_ReqVerData(BaseTask*, unsigned long, unsigned char const*, unsigned long)
 .text._ZN11EventSender22Sending_ReqVerInfoDataEP8BaseTaskmPKhm
                0x0001050c       0x24 ./src/Task/EventSender.o
                0x0001050c                EventSender::Sending_ReqVerInfoData(BaseTask*, unsigned long, unsigned char const*, unsigned long)
 .text._ZN9FwUpdaterD2Ev
                0x00010530        0x4 ./src/Task/FwUpdater.o
                0x00010530                FwUpdater::~FwUpdater()
                0x00010530                FwUpdater::~FwUpdater()
 .text._ZN9FwUpdater11GetTaskNameEv
                0x00010534        0xc ./src/Task/FwUpdater.o
                0x00010534                FwUpdater::GetTaskName()
 .text._ZN9FwUpdaterD0Ev
                0x00010540        0xc ./src/Task/FwUpdater.o
                0x00010540                FwUpdater::~FwUpdater()
 .text._ZN9FwUpdater16Dormant_DllStartEP8BaseTaskmPKhm
                0x0001054c       0x24 ./src/Task/FwUpdater.o
                0x0001054c                FwUpdater::Dormant_DllStart(BaseTask*, unsigned long, unsigned char const*, unsigned long)
 .text._ZN9FwUpdater24DownLoading_ReceiveTmoutEP8BaseTaskmPKhm
                0x00010570        0xc ./src/Task/FwUpdater.o
                0x00010570                FwUpdater::DownLoading_ReceiveTmout(BaseTask*, unsigned long, unsigned char const*, unsigned long)
 .text._ZN9FwUpdater16DownLoading_ExitEP8BaseTask
                0x0001057c       0x14 ./src/Task/FwUpdater.o
                0x0001057c                FwUpdater::DownLoading_Exit(BaseTask*)
 .text._ZN9FwUpdater18NormalReboot_EnterEP8BaseTask
                0x00010590       0x1c ./src/Task/FwUpdater.o
                0x00010590                FwUpdater::NormalReboot_Enter(BaseTask*)
 .text._ZN9FwUpdater20AbnormalReboot_EnterEP8BaseTask
                0x000105ac       0x14 ./src/Task/FwUpdater.o
                0x000105ac                FwUpdater::AbnormalReboot_Enter(BaseTask*)
 .text._ZN9FwUpdater19DownLoading_DllDataEP8BaseTaskmPKhm
                0x000105c0       0xb4 ./src/Task/FwUpdater.o
                0x000105c0                FwUpdater::DownLoading_DllData(BaseTask*, unsigned long, unsigned char const*, unsigned long)
 .text._ZN9FwUpdaterC2Ev
                0x00010674      0x118 ./src/Task/FwUpdater.o
                0x00010674                FwUpdater::FwUpdater()
                0x00010674                FwUpdater::FwUpdater()
 .text._ZN9FwUpdater14EraseCodeFlashEv
                0x0001078c       0xb8 ./src/Task/FwUpdater.o
                0x0001078c                FwUpdater::EraseCodeFlash()
 .text._ZN9FwUpdater17DownLoading_EnterEP8BaseTask
                0x00010844       0x78 ./src/Task/FwUpdater.o
                0x00010844                FwUpdater::DownLoading_Enter(BaseTask*)
 .text._ZN9NfcReaderD2Ev
                0x000108bc        0x4 ./src/Task/NfcReader.o
                0x000108bc                NfcReader::~NfcReader()
                0x000108bc                NfcReader::~NfcReader()
 .text._ZN9NfcReader11GetTaskNameEv
                0x000108c0        0xc ./src/Task/NfcReader.o
                0x000108c0                NfcReader::GetTaskName()
 .text._ZN9NfcReader12Running_IdleEP8BaseTaskmPKhm
                0x000108cc        0x4 ./src/Task/NfcReader.o
                0x000108cc                NfcReader::Running_Idle(BaseTask*, unsigned long, unsigned char const*, unsigned long)
 .text._ZN9NfcReader19Running_NoticeTimerEP8BaseTaskmPKhm